Archive member included because of file (symbol)

embedded-software\mcu-freertos\libfoxbms-os.a(cmsis_os.c.1.o)
                              embedded-software\mcu-primary\src\general\main.c.1.o (osKernelStart)
embedded-software\mcu-freertos\libfoxbms-os.a(port.c.1.o)
                              embedded-software\mcu-freertos\libfoxbms-os.a(cmsis_os.c.1.o) (vPortEnterCritical)
embedded-software\mcu-freertos\libfoxbms-os.a(heap_4.c.1.o)
                              embedded-software\mcu-freertos\libfoxbms-os.a(cmsis_os.c.1.o) (pvPortMalloc)
embedded-software\mcu-freertos\libfoxbms-os.a(queue.c.1.o)
                              embedded-software\mcu-freertos\libfoxbms-os.a(cmsis_os.c.1.o) (xQueueGenericCreate)
embedded-software\mcu-freertos\libfoxbms-os.a(tasks.c.1.o)
                              embedded-software\mcu-freertos\libfoxbms-os.a(port.c.1.o) (pxCurrentTCB)
embedded-software\mcu-freertos\libfoxbms-os.a(timers.c.1.o)
                              embedded-software\mcu-freertos\libfoxbms-os.a(tasks.c.1.o) (xTimerCreateTimerTask)
embedded-software\mcu-freertos\libfoxbms-os.a(os.c.1.o)
                              embedded-software\mcu-primary\src\general\main.c.1.o (os_boot)
embedded-software\mcu-freertos\libfoxbms-os.a(list.c.1.o)
                              embedded-software\mcu-freertos\libfoxbms-os.a(queue.c.1.o) (vListInitialise)
embedded-software\mcu-primary\src\application\libfoxbms-application.a(com.c.1.o)
                              embedded-software\mcu-primary\src\general\main.c.1.o (COM_StartupInfo)
embedded-software\mcu-primary\src\application\libfoxbms-application.a(sox.c.1.o)
                              embedded-software\mcu-primary\src\application\libfoxbms-application.a(com.c.1.o) (SOC_SetValue)
embedded-software\mcu-primary\src\application\libfoxbms-application.a(appltask.c.1.o)
                              embedded-software\mcu-freertos\libfoxbms-os.a(os.c.1.o) (APPL_CreateMutex)
embedded-software\mcu-primary\src\application\libfoxbms-application.a(appltask_cfg.c.1.o)
                              embedded-software\mcu-primary\src\application\libfoxbms-application.a(appltask.c.1.o) (appl_tskdef_1ms)
embedded-software\mcu-primary\src\application\libfoxbms-application.a(sox_cfg.c.1.o)
                              embedded-software\mcu-primary\src\application\libfoxbms-application.a(sox.c.1.o) (sox_sof_config)
embedded-software\mcu-primary\src\application\libfoxbms-application.a(bal.c.1.o)
                              embedded-software\mcu-primary\src\application\libfoxbms-application.a(appltask_cfg.c.1.o) (BAL_Trigger)
embedded-software\mcu-primary\src\application\libfoxbms-application.a(bms.c.1.o)
                              embedded-software\mcu-primary\src\application\libfoxbms-application.a(appltask_cfg.c.1.o) (BMS_Trigger)
embedded-software\mcu-common\src\engine\libfoxbms-common-engine.a(database.c.1.o)
                              embedded-software\mcu-primary\src\application\libfoxbms-application.a(sox.c.1.o) (DATA_StoreDataBlock)
embedded-software\mcu-primary\src\engine\libfoxbms-engine.a(database_cfg.c.1.o)
                              embedded-software\mcu-common\src\engine\libfoxbms-common-engine.a(database.c.1.o) (data_base_dev)
embedded-software\mcu-primary\src\engine\libfoxbms-engine.a(diag_cfg.c.1.o)
                              embedded-software\mcu-primary\src\general\main.c.1.o (diag_dev)
embedded-software\mcu-primary\src\engine\libfoxbms-engine.a(enginetask_cfg.c.1.o)
                              embedded-software\mcu-freertos\libfoxbms-os.a(os.c.1.o) (eng_tskdef_cyclic_1ms)
embedded-software\mcu-primary\src\engine\libfoxbms-engine.a(diag.c.1.o)
                              embedded-software\mcu-primary\src\general\config\STM32F4xx\stm32f4xx_it.c.1.o (diag_fc)
embedded-software\mcu-primary\src\engine\libfoxbms-engine.a(enginetask.c.1.o)
                              embedded-software\mcu-freertos\libfoxbms-os.a(os.c.1.o) (ENG_Init)
embedded-software\mcu-primary\src\engine\libfoxbms-engine.a(sys.c.1.o)
                              embedded-software\mcu-primary\src\engine\libfoxbms-engine.a(enginetask.c.1.o) (SYS_SetStateRequest)
embedded-software\mcu-primary\src\module\libfoxbms-module.a(adc_ex.c.1.o)
                              embedded-software\mcu-primary\src\engine\libfoxbms-engine.a(enginetask.c.1.o) (ADC_Ctrl)
embedded-software\mcu-primary\src\module\libfoxbms-module.a(adc_cfg.c.1.o)
                              embedded-software\mcu-primary\src\general\config\STM32F4xx\stm32f4xx_it.c.1.o (adc_devices)
embedded-software\mcu-primary\src\module\libfoxbms-module.a(bkpsram_cfg.c.1.o)
                              embedded-software\mcu-primary\src\application\libfoxbms-application.a(com.c.1.o) (bkpsram_operating_hours)
embedded-software\mcu-primary\src\module\libfoxbms-module.a(eepr_cfg.c.1.o)
                              embedded-software\mcu-primary\src\module\libfoxbms-module.a(bkpsram_cfg.c.1.o) (EEPR_SetChDirtyFlag)
[...]
Memory Configuration

Name             Origin             Length             Attributes
RESERVED         0x08000000         0x00008000         xr
FLASH            0x08000000         0x000f7f00         xr
FLASH_HEADER     0x080fff00         0x00000100         xr
FLASH_2          0x08100000         0x00100000         xr
RAM              0x20000000         0x00030000         xrw
CCMRAM           0x10000000         0x00010000         rw
BKP_RAM          0x40024000         0x00001000         rw
EXT_SDRAM        0xd0000000         0x00800000         xrw
*default*        0x00000000         0xffffffff

Linker script and memory map

LOAD c:/foxconda/library/bin/../lib/gcc/arm-none-eabi/4.9.3/armv7e-m/softfp/crti.o
LOAD c:/foxconda/library/bin/../lib/gcc/arm-none-eabi/4.9.3/armv7e-m/softfp/crtbegin.o
LOAD c:/foxconda/library/bin/../lib/gcc/arm-none-eabi/4.9.3/../../../../arm-none-eabi/lib/armv7e-m/softfp/crt0.o
LOAD embedded-software\mcu-primary\src\general\config\nvic_cfg.c.1.o
LOAD embedded-software\mcu-primary\src\general\config\STM32F4xx\stm32f4xx_hal_msp.c.1.o
LOAD embedded-software\mcu-primary\src\general\config\STM32F4xx\stm32f4xx_it.c.1.o
LOAD embedded-software\mcu-primary\src\general\config\STM32F4xx\system_stm32f4xx.c.1.o
LOAD embedded-software\mcu-primary\src\general\main.c.1.o
LOAD embedded-software\mcu-primary\src\general\nvic.c.1.o
LOAD embedded-software\mcu-primary\src\general\version.c.1.o
LOAD embedded-software\mcu-primary\src\general\config\batterysystem_cfg.c.1.o
LOAD embedded-software\mcu-primary\src\general\config\STM32F4xx\startup_stm32f429xx.o
LOAD embedded-software\mcu-freertos\libfoxbms-os.a
LOAD embedded-software\mcu-primary\src\application\libfoxbms-application.a
LOAD embedded-software\mcu-common\src\engine\libfoxbms-common-engine.a
LOAD embedded-software\mcu-primary\src\engine\libfoxbms-engine.a
LOAD embedded-software\mcu-primary\src\module\libfoxbms-module.a
LOAD embedded-software\mcu-common\src\module\libfoxbms-common-module.a
LOAD embedded-software\mcu-hal\STM32F4xx_HAL_Driver\libfoxbms-stmhal.a
LOAD c:/foxconda/library/bin/../lib/gcc/arm-none-eabi/4.9.3/../../../../arm-none-eabi/lib/armv7e-m/softfp\libstdc++_nano.a
LOAD c:/foxconda/library/bin/../lib/gcc/arm-none-eabi/4.9.3/../../../../arm-none-eabi/lib/armv7e-m/softfp\libm.a
START GROUP
LOAD c:/foxconda/library/bin/../lib/gcc/arm-none-eabi/4.9.3/armv7e-m/softfp\libgcc.a
LOAD c:/foxconda/library/bin/../lib/gcc/arm-none-eabi/4.9.3/../../../../arm-none-eabi/lib/armv7e-m/softfp\libc_nano.a
END GROUP
START GROUP
LOAD c:/foxconda/library/bin/../lib/gcc/arm-none-eabi/4.9.3/armv7e-m/softfp\libgcc.a
LOAD c:/foxconda/library/bin/../lib/gcc/arm-none-eabi/4.9.3/../../../../arm-none-eabi/lib/armv7e-m/softfp\libc_nano.a
LOAD c:/foxconda/library/bin/../lib/gcc/arm-none-eabi/4.9.3/../../../../arm-none-eabi/lib/armv7e-m/softfp\libnosys.a
END GROUP
START GROUP
LOAD c:/foxconda/library/bin/../lib/gcc/arm-none-eabi/4.9.3/armv7e-m/softfp\libgcc.a
LOAD c:/foxconda/library/bin/../lib/gcc/arm-none-eabi/4.9.3/../../../../arm-none-eabi/lib/armv7e-m/softfp\libc_nano.a
LOAD c:/foxconda/library/bin/../lib/gcc/arm-none-eabi/4.9.3/../../../../arm-none-eabi/lib/armv7e-m/softfp\libnosys.a
END GROUP
LOAD c:/foxconda/library/bin/../lib/gcc/arm-none-eabi/4.9.3/armv7e-m/softfp/crtend.o
LOAD c:/foxconda/library/bin/../lib/gcc/arm-none-eabi/4.9.3/armv7e-m/softfp/crtn.o
                0x2002ffff                _estack = 0x2002ffff
                0x00000200                _Min_Heap_Size = 0x200
                0x00000400                _Min_Stack_Size = 0x400

.flashheader    0x080fff00      0x100
                0x080fff00                . = ALIGN (0x4)
 *(.FLASH_HEADERSection*)
 .FLASH_HEADERSection
                0x080fff00      0x100 embedded-software\mcu-primary\src\general\version.c.1.o
                0x080fff00                ver_sw_validation
                0x08100000                . = ALIGN (0x4)

.isr_vector     0x08000000      0x1b0
                0x08000000                . = ALIGN (0x4)
 *(.isr_vector)
 .isr_vector    0x08000000      0x1ac embedded-software\mcu-primary\src\general\config\STM32F4xx\startup_stm32f429xx.o
                0x08000000                g_pfnVectors
                0x080001b0                . = ALIGN (0x10)
 *fill*         0x080001ac        0x4 ff
                0x080f8000                _foxBMS_FLASH_end = ((ORIGIN (FLASH) + 0xf7f00) + 0x100)
                0x08200000                _foxBMS_FLASH_2_end = (ORIGIN (FLASH_2) + 0x100000)
                0x08000000                _sflash1 = ORIGIN (FLASH)
                0x08000004                _jumpadressvectable = (ORIGIN (FLASH) + 0x4)

.text           0x080001b0    0x210a0
                0x080001b0                . = ALIGN (0x10)
 *arm-none-eabi*(.text*)
 .text          0x080001b0       0x5c c:/foxconda/library/bin/../lib/gcc/arm-none-eabi/4.9.3/armv7e-m/softfp/crtbegin.o
 *libgcc.a:(.text*)
 .text          0x0800020c      0x370 c:/foxconda/library/bin/../lib/gcc/arm-none-eabi/4.9.3/armv7e-m/softfp\libgcc.a(_arm_addsubdf3.o)
                0x0800020c                __aeabi_drsub
                0x08000214                __aeabi_dsub
                0x08000214                __subdf3
                0x08000218                __aeabi_dadd
                0x08000218                __adddf3
                0x08000490                __floatunsidf
                0x08000490                __aeabi_ui2d
                0x080004b0                __floatsidf
                0x080004b0                __aeabi_i2d
                0x080004d4                __aeabi_f2d
                0x080004d4                __extendsfdf2
                0x08000510                __floatundidf
                0x08000510                __aeabi_ul2d
                0x08000520                __floatdidf
                0x08000520                __aeabi_l2d
 .text          0x0800057c      0x424 c:/foxconda/library/bin/../lib/gcc/arm-none-eabi/4.9.3/armv7e-m/softfp\libgcc.a(_arm_muldivdf3.o)
                0x0800057c                __aeabi_dmul
                0x0800057c                __muldf3
                0x080007d0                __divdf3
                0x080007d0                __aeabi_ddiv
 .text          0x080009a0       0x40 c:/foxconda/library/bin/../lib/gcc/arm-none-eabi/4.9.3/armv7e-m/softfp\libgcc.a(_arm_fixunsdfsi.o)
                0x080009a0                __aeabi_d2uiz
                0x080009a0                __fixunsdfsi
 .text          0x080009e0       0xa0 c:/foxconda/library/bin/../lib/gcc/arm-none-eabi/4.9.3/armv7e-m/softfp\libgcc.a(_arm_truncdfsf2.o)
                0x080009e0                __truncdfsf2
                0x080009e0                __aeabi_d2f
 .text          0x08000a80      0x21c c:/foxconda/library/bin/../lib/gcc/arm-none-eabi/4.9.3/armv7e-m/softfp\libgcc.a(_arm_addsubsf3.o)
                0x08000a80                __aeabi_frsub
                0x08000a88                __subsf3
                0x08000a88                __aeabi_fsub
                0x08000a8c                __aeabi_fadd
                0x08000a8c                __addsf3
                0x08000bec                __aeabi_ui2f
                0x08000bec                __floatunsisf
                0x08000bf4                __aeabi_i2f
                0x08000bf4                __floatsisf
                0x08000c10                __aeabi_ul2f
                0x08000c10                __floatundisf
                0x08000c20                __aeabi_l2f
                0x08000c20                __floatdisf
 *libc*.a:(.text*)
 .text.__libc_init_array
                0x08000c9c       0x4c c:/foxconda/library/bin/../lib/gcc/arm-none-eabi/4.9.3/../../../../arm-none-eabi/lib/armv7e-m/softfp\libc_nano.a(lib_a-init.o)
                0x08000c9c                __libc_init_array
 .text.memcpy   0x08000ce8       0x16 c:/foxconda/library/bin/../lib/gcc/arm-none-eabi/4.9.3/../../../../arm-none-eabi/lib/armv7e-m/softfp\libc_nano.a(lib_a-memcpy.o)
                0x08000ce8                memcpy
 .text.memset   0x08000cfe       0x10 c:/foxconda/library/bin/../lib/gcc/arm-none-eabi/4.9.3/../../../../arm-none-eabi/lib/armv7e-m/softfp\libc_nano.a(lib_a-memset.o)
                0x08000cfe                memset
 *fill*         0x08000d0e        0x2 ff
 .text.sprintf  0x08000d10       0x48 c:/foxconda/library/bin/../lib/gcc/arm-none-eabi/4.9.3/../../../../arm-none-eabi/lib/armv7e-m/softfp\libc_nano.a(lib_a-sprintf.o)
                0x08000d10                siprintf
                0x08000d10                sprintf
 .text          0x08000d58       0x14 c:/foxconda/library/bin/../lib/gcc/arm-none-eabi/4.9.3/../../../../arm-none-eabi/lib/armv7e-m/softfp\libc_nano.a(lib_a-strcmp.o)
                0x08000d58                strcmp
 .text.__ssputs_r
                0x08000d6c       0xb2 c:/foxconda/library/bin/../lib/gcc/arm-none-eabi/4.9.3/../../../../arm-none-eabi/lib/armv7e-m/softfp\libc_nano.a(lib_a-nano-svfprintf.o)
                0x08000d6c                __ssputs_r
 *fill*         0x08000e1e        0x2 ff
 .text._svfprintf_r
                0x08000e20      0x1e4 c:/foxconda/library/bin/../lib/gcc/arm-none-eabi/4.9.3/../../../../arm-none-eabi/lib/armv7e-m/softfp\libc_nano.a(lib_a-nano-svfprintf.o)
                0x08000e20                _svfiprintf_r
                0x08000e20                _svfprintf_r
 .text._printf_common
                0x08001004       0xea c:/foxconda/library/bin/../lib/gcc/arm-none-eabi/4.9.3/../../../../arm-none-eabi/lib/armv7e-m/softfp\libc_nano.a(lib_a-nano-vfprintf_i.o)
                0x08001004                _printf_common
 *fill*         0x080010ee        0x2 ff
 .text._printf_i
                0x080010f0      0x240 c:/foxconda/library/bin/../lib/gcc/arm-none-eabi/4.9.3/../../../../arm-none-eabi/lib/armv7e-m/softfp\libc_nano.a(lib_a-nano-vfprintf_i.o)
                0x080010f0                _printf_i
 .text.memchr   0x08001330       0x1e c:/foxconda/library/bin/../lib/gcc/arm-none-eabi/4.9.3/../../../../arm-none-eabi/lib/armv7e-m/softfp\libc_nano.a(lib_a-memchr.o)
                0x08001330                memchr
 .text.memmove  0x0800134e       0x36 c:/foxconda/library/bin/../lib/gcc/arm-none-eabi/4.9.3/../../../../arm-none-eabi/lib/armv7e-m/softfp\libc_nano.a(lib_a-memmove.o)
                0x0800134e                memmove
 .text._free_r  0x08001384       0x88 c:/foxconda/library/bin/../lib/gcc/arm-none-eabi/4.9.3/../../../../arm-none-eabi/lib/armv7e-m/softfp\libc_nano.a(lib_a-nano-freer.o)
                0x08001384                _free_r
 .text._malloc_r
                0x0800140c       0xac c:/foxconda/library/bin/../lib/gcc/arm-none-eabi/4.9.3/../../../../arm-none-eabi/lib/armv7e-m/softfp\libc_nano.a(lib_a-nano-mallocr.o)
                0x0800140c                _malloc_r
 .text._realloc_r
                0x080014b8       0x4c c:/foxconda/library/bin/../lib/gcc/arm-none-eabi/4.9.3/../../../../arm-none-eabi/lib/armv7e-m/softfp\libc_nano.a(lib_a-nano-reallocr.o)
                0x080014b8                _realloc_r
 .text._sbrk_r  0x08001504       0x20 c:/foxconda/library/bin/../lib/gcc/arm-none-eabi/4.9.3/../../../../arm-none-eabi/lib/armv7e-m/softfp\libc_nano.a(lib_a-sbrkr.o)
                0x08001504                _sbrk_r
 .text._malloc_usable_size_r
                0x08001524       0x14 c:/foxconda/library/bin/../lib/gcc/arm-none-eabi/4.9.3/../../../../arm-none-eabi/lib/armv7e-m/softfp\libc_nano.a(lib_a-nano-msizer.o)
                0x08001524                _malloc_usable_size_r
 *libg*.a:(.text*)
 *limc*.a:(.text*)
 *src/hal/*HAL_Driver*(.text*)
 *libHAL.a:(.text*)
 *hal.a:(.text*)
 .text.HAL_Init
                0x08001538       0x44 embedded-software\mcu-hal\STM32F4xx_HAL_Driver\libfoxbms-stmhal.a(stm32f4xx_hal.c.1.o)
                0x08001538                HAL_Init
 .text.HAL_InitTick
                0x0800157c       0x38 embedded-software\mcu-hal\STM32F4xx_HAL_Driver\libfoxbms-stmhal.a(stm32f4xx_hal.c.1.o)
                0x0800157c                HAL_InitTick
 .text.HAL_IncTick
                0x080015b4       0x1c embedded-software\mcu-hal\STM32F4xx_HAL_Driver\libfoxbms-stmhal.a(stm32f4xx_hal.c.1.o)
                0x080015b4                HAL_IncTick
 .text.HAL_GetTick
                0x080015d0       0x18 embedded-software\mcu-hal\STM32F4xx_HAL_Driver\libfoxbms-stmhal.a(stm32f4xx_hal.c.1.o)
                0x080015d0                HAL_GetTick
 .text.HAL_Delay
                0x080015e8       0x2c embedded-software\mcu-hal\STM32F4xx_HAL_Driver\libfoxbms-stmhal.a(stm32f4xx_hal.c.1.o)
                0x080015e8                HAL_Delay
 .text.HAL_ADC_Init
                0x08001614      0x2d0 embedded-software\mcu-hal\STM32F4xx_HAL_Driver\libfoxbms-stmhal.a(stm32f4xx_hal_adc.c.1.o)
                0x08001614                HAL_ADC_Init
 .text.HAL_ADC_MspInit
                0x080018e4       0x14 embedded-software\mcu-hal\STM32F4xx_HAL_Driver\libfoxbms-stmhal.a(stm32f4xx_hal_adc.c.1.o)
                0x080018e4                HAL_ADC_MspInit
 .text.HAL_ADC_Start_IT
                0x080018f8      0x1a4 embedded-software\mcu-hal\STM32F4xx_HAL_Driver\libfoxbms-stmhal.a(stm32f4xx_hal_adc.c.1.o)
                0x080018f8                HAL_ADC_Start_IT
 .text.HAL_ADC_Stop_IT
                0x08001a9c       0xb0 embedded-software\mcu-hal\STM32F4xx_HAL_Driver\libfoxbms-stmhal.a(stm32f4xx_hal_adc.c.1.o)
                0x08001a9c                HAL_ADC_Stop_IT
 .text.HAL_ADC_IRQHandler
                0x08001b4c      0x2dc embedded-software\mcu-hal\STM32F4xx_HAL_Driver\libfoxbms-stmhal.a(stm32f4xx_hal_adc.c.1.o)
                0x08001b4c                HAL_ADC_IRQHandler
 .text.HAL_ADC_GetValue
                0x08001e28       0x1c embedded-software\mcu-hal\STM32F4xx_HAL_Driver\libfoxbms-stmhal.a(stm32f4xx_hal_adc.c.1.o)
                0x08001e28                HAL_ADC_GetValue
 .text.HAL_ADC_LevelOutOfWindowCallback
                0x08001e44       0x14 embedded-software\mcu-hal\STM32F4xx_HAL_Driver\libfoxbms-stmhal.a(stm32f4xx_hal_adc.c.1.o)
                0x08001e44                HAL_ADC_LevelOutOfWindowCallback
 .text.HAL_ADC_ErrorCallback
                0x08001e58       0x14 embedded-software\mcu-hal\STM32F4xx_HAL_Driver\libfoxbms-stmhal.a(stm32f4xx_hal_adc.c.1.o)
                0x08001e58                HAL_ADC_ErrorCallback
 .text.HAL_ADC_ConfigChannel
                0x08001e6c      0x2d0 embedded-software\mcu-hal\STM32F4xx_HAL_Driver\libfoxbms-stmhal.a(stm32f4xx_hal_adc.c.1.o)
                0x08001e6c                HAL_ADC_ConfigChannel
 .text.ADC_Init
                0x0800213c      0x21c embedded-software\mcu-hal\STM32F4xx_HAL_Driver\libfoxbms-stmhal.a(stm32f4xx_hal_adc.c.1.o)
 .text.HAL_ADCEx_InjectedConvCpltCallback
                0x08002358       0x14 embedded-software\mcu-hal\STM32F4xx_HAL_Driver\libfoxbms-stmhal.a(stm32f4xx_hal_adc_ex.c.1.o)
                0x08002358                HAL_ADCEx_InjectedConvCpltCallback
 .text.HAL_CAN_Init
                0x0800236c      0x3a8 embedded-software\mcu-hal\STM32F4xx_HAL_Driver\libfoxbms-stmhal.a(stm32f4xx_hal_can.c.1.o)
                0x0800236c                HAL_CAN_Init
 .text.HAL_CAN_ConfigFilter
                0x08002714      0x224 embedded-software\mcu-hal\STM32F4xx_HAL_Driver\libfoxbms-stmhal.a(stm32f4xx_hal_can.c.1.o)
                0x08002714                HAL_CAN_ConfigFilter
 .text.HAL_CAN_DeInit
                0x08002938       0x64 embedded-software\mcu-hal\STM32F4xx_HAL_Driver\libfoxbms-stmhal.a(stm32f4xx_hal_can.c.1.o)
                0x08002938                HAL_CAN_DeInit
 .text.HAL_CAN_Transmit_IT
                0x0800299c      0x308 embedded-software\mcu-hal\STM32F4xx_HAL_Driver\libfoxbms-stmhal.a(stm32f4xx_hal_can.c.1.o)
                0x0800299c                HAL_CAN_Transmit_IT
 .text.HAL_CAN_Receive_IT
                0x08002ca4      0x10c embedded-software\mcu-hal\STM32F4xx_HAL_Driver\libfoxbms-stmhal.a(stm32f4xx_hal_can.c.1.o)
                0x08002ca4                HAL_CAN_Receive_IT
 .text.NVIC_SetPriorityGrouping
                0x08002db0       0x48 embedded-software\mcu-hal\STM32F4xx_HAL_Driver\libfoxbms-stmhal.a(stm32f4xx_hal_cortex.c.1.o)
 .text.NVIC_GetPriorityGrouping
                0x08002df8       0x1c embedded-software\mcu-hal\STM32F4xx_HAL_Driver\libfoxbms-stmhal.a(stm32f4xx_hal_cortex.c.1.o)
 .text.NVIC_EnableIRQ
                0x08002e14       0x30 embedded-software\mcu-hal\STM32F4xx_HAL_Driver\libfoxbms-stmhal.a(stm32f4xx_hal_cortex.c.1.o)
 .text.NVIC_ClearPendingIRQ
                0x08002e44       0x34 embedded-software\mcu-hal\STM32F4xx_HAL_Driver\libfoxbms-stmhal.a(stm32f4xx_hal_cortex.c.1.o)
 .text.NVIC_SetPriority
                0x08002e78       0x54 embedded-software\mcu-hal\STM32F4xx_HAL_Driver\libfoxbms-stmhal.a(stm32f4xx_hal_cortex.c.1.o)
 .text.NVIC_EncodePriority
                0x08002ecc       0x64 embedded-software\mcu-hal\STM32F4xx_HAL_Driver\libfoxbms-stmhal.a(stm32f4xx_hal_cortex.c.1.o)
 .text.NVIC_SystemReset
                0x08002f30       0x28 embedded-software\mcu-hal\STM32F4xx_HAL_Driver\libfoxbms-stmhal.a(stm32f4xx_hal_cortex.c.1.o)
 .text.SysTick_Config
                0x08002f58       0x44 embedded-software\mcu-hal\STM32F4xx_HAL_Driver\libfoxbms-stmhal.a(stm32f4xx_hal_cortex.c.1.o)
 .text.HAL_NVIC_SetPriorityGrouping
                0x08002f9c       0x40 embedded-software\mcu-hal\STM32F4xx_HAL_Driver\libfoxbms-stmhal.a(stm32f4xx_hal_cortex.c.1.o)
                0x08002f9c                HAL_NVIC_SetPriorityGrouping
 .text.HAL_NVIC_SetPriority
                0x08002fdc       0x58 embedded-software\mcu-hal\STM32F4xx_HAL_Driver\libfoxbms-stmhal.a(stm32f4xx_hal_cortex.c.1.o)
                0x08002fdc                HAL_NVIC_SetPriority
 .text.HAL_NVIC_EnableIRQ
                0x08003034       0x30 embedded-software\mcu-hal\STM32F4xx_HAL_Driver\libfoxbms-stmhal.a(stm32f4xx_hal_cortex.c.1.o)
                0x08003034                HAL_NVIC_EnableIRQ
 .text.HAL_NVIC_SystemReset
                0x08003064        0xc embedded-software\mcu-hal\STM32F4xx_HAL_Driver\libfoxbms-stmhal.a(stm32f4xx_hal_cortex.c.1.o)
                0x08003064                HAL_NVIC_SystemReset
 .text.HAL_SYSTICK_Config
                0x08003070       0x18 embedded-software\mcu-hal\STM32F4xx_HAL_Driver\libfoxbms-stmhal.a(stm32f4xx_hal_cortex.c.1.o)
                0x08003070                HAL_SYSTICK_Config
 .text.HAL_NVIC_ClearPendingIRQ
                0x08003088       0x30 embedded-software\mcu-hal\STM32F4xx_HAL_Driver\libfoxbms-stmhal.a(stm32f4xx_hal_cortex.c.1.o)
                0x08003088                HAL_NVIC_ClearPendingIRQ
 .text.HAL_DMA_Init
                0x080030b8      0x434 embedded-software\mcu-hal\STM32F4xx_HAL_Driver\libfoxbms-stmhal.a(stm32f4xx_hal_dma.c.1.o)
                0x080030b8                HAL_DMA_Init
 .text.HAL_DMA_Start_IT
                0x080034ec       0xe0 embedded-software\mcu-hal\STM32F4xx_HAL_Driver\libfoxbms-stmhal.a(stm32f4xx_hal_dma.c.1.o)
                0x080034ec                HAL_DMA_Start_IT
 .text.HAL_DMA_Abort_IT
                0x080035cc       0x44 embedded-software\mcu-hal\STM32F4xx_HAL_Driver\libfoxbms-stmhal.a(stm32f4xx_hal_dma.c.1.o)
                0x080035cc                HAL_DMA_Abort_IT
 .text.HAL_DMA_IRQHandler
                0x08003610      0x344 embedded-software\mcu-hal\STM32F4xx_HAL_Driver\libfoxbms-stmhal.a(stm32f4xx_hal_dma.c.1.o)
                0x08003610                HAL_DMA_IRQHandler
 .text.DMA_SetConfig
                0x08003954       0x5c embedded-software\mcu-hal\STM32F4xx_HAL_Driver\libfoxbms-stmhal.a(stm32f4xx_hal_dma.c.1.o)
 .text.DMA_CalcBaseAndBitshift
                0x080039b0       0x6c embedded-software\mcu-hal\STM32F4xx_HAL_Driver\libfoxbms-stmhal.a(stm32f4xx_hal_dma.c.1.o)
 .text.DMA_CheckFifoParam
                0x08003a1c      0x108 embedded-software\mcu-hal\STM32F4xx_HAL_Driver\libfoxbms-stmhal.a(stm32f4xx_hal_dma.c.1.o)
 .text.HAL_GPIO_Init
                0x08003b24      0x640 embedded-software\mcu-hal\STM32F4xx_HAL_Driver\libfoxbms-stmhal.a(stm32f4xx_hal_gpio.c.1.o)
                0x08003b24                HAL_GPIO_Init
 .text.HAL_GPIO_ReadPin
                0x08004164       0x40 embedded-software\mcu-hal\STM32F4xx_HAL_Driver\libfoxbms-stmhal.a(stm32f4xx_hal_gpio.c.1.o)
                0x08004164                HAL_GPIO_ReadPin
 .text.HAL_GPIO_WritePin
                0x080041a4       0x58 embedded-software\mcu-hal\STM32F4xx_HAL_Driver\libfoxbms-stmhal.a(stm32f4xx_hal_gpio.c.1.o)
                0x080041a4                HAL_GPIO_WritePin
 .text.HAL_GPIO_TogglePin
                0x080041fc       0x34 embedded-software\mcu-hal\STM32F4xx_HAL_Driver\libfoxbms-stmhal.a(stm32f4xx_hal_gpio.c.1.o)
                0x080041fc                HAL_GPIO_TogglePin
 .text.HAL_IWDG_Init
                0x08004230       0xe0 embedded-software\mcu-hal\STM32F4xx_HAL_Driver\libfoxbms-stmhal.a(stm32f4xx_hal_iwdg.c.1.o)
                0x08004230                HAL_IWDG_Init
 .text.HAL_IWDG_Refresh
                0x08004310       0x20 embedded-software\mcu-hal\STM32F4xx_HAL_Driver\libfoxbms-stmhal.a(stm32f4xx_hal_iwdg.c.1.o)
                0x08004310                HAL_IWDG_Refresh
 .text.HAL_PWR_EnableBkUpAccess
                0x08004330       0x34 embedded-software\mcu-hal\STM32F4xx_HAL_Driver\libfoxbms-stmhal.a(stm32f4xx_hal_pwr.c.1.o)
                0x08004330                HAL_PWR_EnableBkUpAccess
 .text.HAL_PWREx_EnableBkUpReg
                0x08004364       0x68 embedded-software\mcu-hal\STM32F4xx_HAL_Driver\libfoxbms-stmhal.a(stm32f4xx_hal_pwr_ex.c.1.o)
                0x08004364                HAL_PWREx_EnableBkUpReg
 .text.HAL_RCC_OscConfig
                0x080043cc      0x584 embedded-software\mcu-hal\STM32F4xx_HAL_Driver\libfoxbms-stmhal.a(stm32f4xx_hal_rcc.c.1.o)
                0x080043cc                HAL_RCC_OscConfig
 .text.HAL_RCC_ClockConfig
                0x08004950      0x3ac embedded-software\mcu-hal\STM32F4xx_HAL_Driver\libfoxbms-stmhal.a(stm32f4xx_hal_rcc.c.1.o)
                0x08004950                HAL_RCC_ClockConfig
 .text.HAL_RCC_GetSysClockFreq
                0x08004cfc       0xfc embedded-software\mcu-hal\STM32F4xx_HAL_Driver\libfoxbms-stmhal.a(stm32f4xx_hal_rcc.c.1.o)
                0x08004cfc                HAL_RCC_GetSysClockFreq
 .text.HAL_RCC_GetHCLKFreq
                0x08004df8       0x18 embedded-software\mcu-hal\STM32F4xx_HAL_Driver\libfoxbms-stmhal.a(stm32f4xx_hal_rcc.c.1.o)
                0x08004df8                HAL_RCC_GetHCLKFreq
 .text.HAL_RCC_GetPCLK1Freq
                0x08004e10       0x44 embedded-software\mcu-hal\STM32F4xx_HAL_Driver\libfoxbms-stmhal.a(stm32f4xx_hal_rcc.c.1.o)
                0x08004e10                HAL_RCC_GetPCLK1Freq
 .text.HAL_RCC_GetPCLK2Freq
                0x08004e54       0x44 embedded-software\mcu-hal\STM32F4xx_HAL_Driver\libfoxbms-stmhal.a(stm32f4xx_hal_rcc.c.1.o)
                0x08004e54                HAL_RCC_GetPCLK2Freq
 .text.HAL_RCCEx_PeriphCLKConfig
                0x08004e98      0x740 embedded-software\mcu-hal\STM32F4xx_HAL_Driver\libfoxbms-stmhal.a(stm32f4xx_hal_rcc_ex.c.1.o)
                0x08004e98                HAL_RCCEx_PeriphCLKConfig
 .text.HAL_RTC_Init
                0x080055d8      0x198 embedded-software\mcu-hal\STM32F4xx_HAL_Driver\libfoxbms-stmhal.a(stm32f4xx_hal_rtc.c.1.o)
                0x080055d8                HAL_RTC_Init
 .text.HAL_RTC_MspInit
                0x08005770       0x14 embedded-software\mcu-hal\STM32F4xx_HAL_Driver\libfoxbms-stmhal.a(stm32f4xx_hal_rtc.c.1.o)
                0x08005770                HAL_RTC_MspInit
 .text.HAL_RTC_SetTime
                0x08005784      0x2d4 embedded-software\mcu-hal\STM32F4xx_HAL_Driver\libfoxbms-stmhal.a(stm32f4xx_hal_rtc.c.1.o)
                0x08005784                HAL_RTC_SetTime
 .text.HAL_RTC_GetTime
                0x08005a58       0xd0 embedded-software\mcu-hal\STM32F4xx_HAL_Driver\libfoxbms-stmhal.a(stm32f4xx_hal_rtc.c.1.o)
                0x08005a58                HAL_RTC_GetTime
 .text.HAL_RTC_SetDate
                0x08005b28      0x254 embedded-software\mcu-hal\STM32F4xx_HAL_Driver\libfoxbms-stmhal.a(stm32f4xx_hal_rtc.c.1.o)
                0x08005b28                HAL_RTC_SetDate
 .text.HAL_RTC_GetDate
                0x08005d7c       0xb8 embedded-software\mcu-hal\STM32F4xx_HAL_Driver\libfoxbms-stmhal.a(stm32f4xx_hal_rtc.c.1.o)
                0x08005d7c                HAL_RTC_GetDate
 .text.HAL_RTC_WaitForSynchro
                0x08005e34       0x50 embedded-software\mcu-hal\STM32F4xx_HAL_Driver\libfoxbms-stmhal.a(stm32f4xx_hal_rtc.c.1.o)
                0x08005e34                HAL_RTC_WaitForSynchro
 .text.RTC_EnterInitMode
                0x08005e84       0x58 embedded-software\mcu-hal\STM32F4xx_HAL_Driver\libfoxbms-stmhal.a(stm32f4xx_hal_rtc.c.1.o)
                0x08005e84                RTC_EnterInitMode
 .text.RTC_ByteToBcd2
                0x08005edc       0x3c embedded-software\mcu-hal\STM32F4xx_HAL_Driver\libfoxbms-stmhal.a(stm32f4xx_hal_rtc.c.1.o)
                0x08005edc                RTC_ByteToBcd2
 .text.RTC_Bcd2ToByte
                0x08005f18       0x3c embedded-software\mcu-hal\STM32F4xx_HAL_Driver\libfoxbms-stmhal.a(stm32f4xx_hal_rtc.c.1.o)
                0x08005f18                RTC_Bcd2ToByte
 .text.HAL_RTCEx_DeactivateWakeUpTimer
                0x08005f54       0xb0 embedded-software\mcu-hal\STM32F4xx_HAL_Driver\libfoxbms-stmhal.a(stm32f4xx_hal_rtc_ex.c.1.o)
                0x08005f54                HAL_RTCEx_DeactivateWakeUpTimer
 .text.HAL_SDRAM_Init
                0x08006004       0x6c embedded-software\mcu-hal\STM32F4xx_HAL_Driver\libfoxbms-stmhal.a(stm32f4xx_hal_sdram.c.1.o)
                0x08006004                HAL_SDRAM_Init
 .text.HAL_SDRAM_MspInit
                0x08006070       0x14 embedded-software\mcu-hal\STM32F4xx_HAL_Driver\libfoxbms-stmhal.a(stm32f4xx_hal_sdram.c.1.o)
                0x08006070                HAL_SDRAM_MspInit
 .text.HAL_SDRAM_SendCommand
                0x08006084       0x58 embedded-software\mcu-hal\STM32F4xx_HAL_Driver\libfoxbms-stmhal.a(stm32f4xx_hal_sdram.c.1.o)
                0x08006084                HAL_SDRAM_SendCommand
 .text.HAL_SDRAM_ProgramRefreshRate
                0x080060dc       0x40 embedded-software\mcu-hal\STM32F4xx_HAL_Driver\libfoxbms-stmhal.a(stm32f4xx_hal_sdram.c.1.o)
                0x080060dc                HAL_SDRAM_ProgramRefreshRate
 .text.HAL_SPI_Init
                0x0800611c      0x268 embedded-software\mcu-hal\STM32F4xx_HAL_Driver\libfoxbms-stmhal.a(stm32f4xx_hal_spi.c.1.o)
                0x0800611c                HAL_SPI_Init
 .text.HAL_SPI_TransmitReceive_IT
                0x08006384      0x140 embedded-software\mcu-hal\STM32F4xx_HAL_Driver\libfoxbms-stmhal.a(stm32f4xx_hal_spi.c.1.o)
                0x08006384                HAL_SPI_TransmitReceive_IT
 .text.HAL_SPI_Transmit_DMA
                0x080064c4      0x160 embedded-software\mcu-hal\STM32F4xx_HAL_Driver\libfoxbms-stmhal.a(stm32f4xx_hal_spi.c.1.o)
                0x080064c4                HAL_SPI_Transmit_DMA
 .text.HAL_SPI_TransmitReceive_DMA
                0x08006624      0x1ec embedded-software\mcu-hal\STM32F4xx_HAL_Driver\libfoxbms-stmhal.a(stm32f4xx_hal_spi.c.1.o)
                0x08006624                HAL_SPI_TransmitReceive_DMA
 .text.HAL_SPI_IRQHandler
                0x08006810      0x1b0 embedded-software\mcu-hal\STM32F4xx_HAL_Driver\libfoxbms-stmhal.a(stm32f4xx_hal_spi.c.1.o)
                0x08006810                HAL_SPI_IRQHandler
 .text.HAL_SPI_RxCpltCallback
                0x080069c0       0x14 embedded-software\mcu-hal\STM32F4xx_HAL_Driver\libfoxbms-stmhal.a(stm32f4xx_hal_spi.c.1.o)
                0x080069c0                HAL_SPI_RxCpltCallback
 .text.HAL_SPI_TxHalfCpltCallback
                0x080069d4       0x14 embedded-software\mcu-hal\STM32F4xx_HAL_Driver\libfoxbms-stmhal.a(stm32f4xx_hal_spi.c.1.o)
                0x080069d4                HAL_SPI_TxHalfCpltCallback
 .text.HAL_SPI_RxHalfCpltCallback
                0x080069e8       0x14 embedded-software\mcu-hal\STM32F4xx_HAL_Driver\libfoxbms-stmhal.a(stm32f4xx_hal_spi.c.1.o)
                0x080069e8                HAL_SPI_RxHalfCpltCallback
 .text.HAL_SPI_TxRxHalfCpltCallback
                0x080069fc       0x14 embedded-software\mcu-hal\STM32F4xx_HAL_Driver\libfoxbms-stmhal.a(stm32f4xx_hal_spi.c.1.o)
                0x080069fc                HAL_SPI_TxRxHalfCpltCallback
 .text.HAL_SPI_ErrorCallback
                0x08006a10       0x14 embedded-software\mcu-hal\STM32F4xx_HAL_Driver\libfoxbms-stmhal.a(stm32f4xx_hal_spi.c.1.o)
                0x08006a10                HAL_SPI_ErrorCallback
 .text.SPI_DMATransmitCplt
                0x08006a24       0x9c embedded-software\mcu-hal\STM32F4xx_HAL_Driver\libfoxbms-stmhal.a(stm32f4xx_hal_spi.c.1.o)
 .text.SPI_DMAReceiveCplt
                0x08006ac0       0x84 embedded-software\mcu-hal\STM32F4xx_HAL_Driver\libfoxbms-stmhal.a(stm32f4xx_hal_spi.c.1.o)
 .text.SPI_DMATransmitReceiveCplt
                0x08006b44       0x84 embedded-software\mcu-hal\STM32F4xx_HAL_Driver\libfoxbms-stmhal.a(stm32f4xx_hal_spi.c.1.o)
 .text.SPI_DMAHalfTransmitCplt
                0x08006bc8       0x1c embedded-software\mcu-hal\STM32F4xx_HAL_Driver\libfoxbms-stmhal.a(stm32f4xx_hal_spi.c.1.o)
 .text.SPI_DMAHalfReceiveCplt
                0x08006be4       0x1c embedded-software\mcu-hal\STM32F4xx_HAL_Driver\libfoxbms-stmhal.a(stm32f4xx_hal_spi.c.1.o)
 .text.SPI_DMAHalfTransmitReceiveCplt
                0x08006c00       0x1c embedded-software\mcu-hal\STM32F4xx_HAL_Driver\libfoxbms-stmhal.a(stm32f4xx_hal_spi.c.1.o)
 .text.SPI_DMAError
                0x08006c1c       0x40 embedded-software\mcu-hal\STM32F4xx_HAL_Driver\libfoxbms-stmhal.a(stm32f4xx_hal_spi.c.1.o)
 .text.SPI_DMAAbortOnError
                0x08006c5c       0x28 embedded-software\mcu-hal\STM32F4xx_HAL_Driver\libfoxbms-stmhal.a(stm32f4xx_hal_spi.c.1.o)
 .text.SPI_2linesRxISR_8BIT
                0x08006c84       0x5c embedded-software\mcu-hal\STM32F4xx_HAL_Driver\libfoxbms-stmhal.a(stm32f4xx_hal_spi.c.1.o)
 .text.SPI_2linesTxISR_8BIT
                0x08006ce0       0x5c embedded-software\mcu-hal\STM32F4xx_HAL_Driver\libfoxbms-stmhal.a(stm32f4xx_hal_spi.c.1.o)
 .text.SPI_2linesRxISR_16BIT
                0x08006d3c       0x60 embedded-software\mcu-hal\STM32F4xx_HAL_Driver\libfoxbms-stmhal.a(stm32f4xx_hal_spi.c.1.o)
 .text.SPI_2linesTxISR_16BIT
                0x08006d9c       0x5c embedded-software\mcu-hal\STM32F4xx_HAL_Driver\libfoxbms-stmhal.a(stm32f4xx_hal_spi.c.1.o)
 .text.SPI_WaitFlagStateUntilTimeout
                0x08006df8       0xd4 embedded-software\mcu-hal\STM32F4xx_HAL_Driver\libfoxbms-stmhal.a(stm32f4xx_hal_spi.c.1.o)
 .text.SPI_CheckFlag_BSY
                0x08006ecc       0x3c embedded-software\mcu-hal\STM32F4xx_HAL_Driver\libfoxbms-stmhal.a(stm32f4xx_hal_spi.c.1.o)
 .text.SPI_CloseRxTx_ISR
                0x08006f08       0xe8 embedded-software\mcu-hal\STM32F4xx_HAL_Driver\libfoxbms-stmhal.a(stm32f4xx_hal_spi.c.1.o)
 .text.HAL_TIM_Base_Start_IT
                0x08006ff0      0x100 embedded-software\mcu-hal\STM32F4xx_HAL_Driver\libfoxbms-stmhal.a(stm32f4xx_hal_tim.c.1.o)
                0x08006ff0                HAL_TIM_Base_Start_IT
 .text.HAL_TIM_PWM_Init
                0x080070f0      0x17c embedded-software\mcu-hal\STM32F4xx_HAL_Driver\libfoxbms-stmhal.a(stm32f4xx_hal_tim.c.1.o)
                0x080070f0                HAL_TIM_PWM_Init
 .text.HAL_TIM_PWM_MspInit
                0x0800726c       0x14 embedded-software\mcu-hal\STM32F4xx_HAL_Driver\libfoxbms-stmhal.a(stm32f4xx_hal_tim.c.1.o)
                0x0800726c                HAL_TIM_PWM_MspInit
 .text.HAL_TIM_PWM_Start
                0x08007280      0x1e0 embedded-software\mcu-hal\STM32F4xx_HAL_Driver\libfoxbms-stmhal.a(stm32f4xx_hal_tim.c.1.o)
                0x08007280                HAL_TIM_PWM_Start
 .text.HAL_TIM_IC_Init
                0x08007460      0x17c embedded-software\mcu-hal\STM32F4xx_HAL_Driver\libfoxbms-stmhal.a(stm32f4xx_hal_tim.c.1.o)
                0x08007460                HAL_TIM_IC_Init
 .text.HAL_TIM_IC_MspInit
                0x080075dc       0x14 embedded-software\mcu-hal\STM32F4xx_HAL_Driver\libfoxbms-stmhal.a(stm32f4xx_hal_tim.c.1.o)
                0x080075dc                HAL_TIM_IC_MspInit
 .text.HAL_TIM_IC_Start
                0x080075f0      0x1b4 embedded-software\mcu-hal\STM32F4xx_HAL_Driver\libfoxbms-stmhal.a(stm32f4xx_hal_tim.c.1.o)
                0x080075f0                HAL_TIM_IC_Start
 .text.HAL_TIM_IC_ConfigChannel
                0x080077a4      0x368 embedded-software\mcu-hal\STM32F4xx_HAL_Driver\libfoxbms-stmhal.a(stm32f4xx_hal_tim.c.1.o)
                0x080077a4                HAL_TIM_IC_ConfigChannel
 .text.HAL_TIM_PWM_ConfigChannel
                0x08007b0c      0x3b8 embedded-software\mcu-hal\STM32F4xx_HAL_Driver\libfoxbms-stmhal.a(stm32f4xx_hal_tim.c.1.o)
                0x08007b0c                HAL_TIM_PWM_ConfigChannel
 .text.HAL_TIM_SlaveConfigSynchronization
                0x08007ec4      0x160 embedded-software\mcu-hal\STM32F4xx_HAL_Driver\libfoxbms-stmhal.a(stm32f4xx_hal_tim.c.1.o)
                0x08007ec4                HAL_TIM_SlaveConfigSynchronization
 .text.HAL_TIM_ReadCapturedValue
                0x08008024      0x23c embedded-software\mcu-hal\STM32F4xx_HAL_Driver\libfoxbms-stmhal.a(stm32f4xx_hal_tim.c.1.o)
                0x08008024                HAL_TIM_ReadCapturedValue
 .text.HAL_TIM_IC_GetState
                0x08008260       0x1c embedded-software\mcu-hal\STM32F4xx_HAL_Driver\libfoxbms-stmhal.a(stm32f4xx_hal_tim.c.1.o)
                0x08008260                HAL_TIM_IC_GetState
 .text.TIM_Base_SetConfig
                0x0800827c      0x150 embedded-software\mcu-hal\STM32F4xx_HAL_Driver\libfoxbms-stmhal.a(stm32f4xx_hal_tim.c.1.o)
                0x0800827c                TIM_Base_SetConfig
 .text.TIM_TI1_SetConfig
                0x080083cc       0xf4 embedded-software\mcu-hal\STM32F4xx_HAL_Driver\libfoxbms-stmhal.a(stm32f4xx_hal_tim.c.1.o)
                0x080083cc                TIM_TI1_SetConfig
 .text.TIM_OC2_SetConfig
                0x080084c0      0x108 embedded-software\mcu-hal\STM32F4xx_HAL_Driver\libfoxbms-stmhal.a(stm32f4xx_hal_tim.c.1.o)
                0x080084c0                TIM_OC2_SetConfig
 .text.TIM_CCxChannelCmd
                0x080085c8      0x104 embedded-software\mcu-hal\STM32F4xx_HAL_Driver\libfoxbms-stmhal.a(stm32f4xx_hal_tim.c.1.o)
                0x080085c8                TIM_CCxChannelCmd
 .text.TIM_OC1_SetConfig
                0x080086cc       0xe4 embedded-software\mcu-hal\STM32F4xx_HAL_Driver\libfoxbms-stmhal.a(stm32f4xx_hal_tim.c.1.o)
 .text.TIM_OC3_SetConfig
                0x080087b0      0x140 embedded-software\mcu-hal\STM32F4xx_HAL_Driver\libfoxbms-stmhal.a(stm32f4xx_hal_tim.c.1.o)
 .text.TIM_OC4_SetConfig
                0x080088f0       0xdc embedded-software\mcu-hal\STM32F4xx_HAL_Driver\libfoxbms-stmhal.a(stm32f4xx_hal_tim.c.1.o)
 .text.TIM_SlaveTimer_SetConfig
                0x080089cc      0x5c4 embedded-software\mcu-hal\STM32F4xx_HAL_Driver\libfoxbms-stmhal.a(stm32f4xx_hal_tim.c.1.o)
 .text.TIM_TI1_ConfigInputStage
                0x08008f90       0x64 embedded-software\mcu-hal\STM32F4xx_HAL_Driver\libfoxbms-stmhal.a(stm32f4xx_hal_tim.c.1.o)
 .text.TIM_TI2_SetConfig
                0x08008ff4       0x80 embedded-software\mcu-hal\STM32F4xx_HAL_Driver\libfoxbms-stmhal.a(stm32f4xx_hal_tim.c.1.o)
 .text.TIM_TI2_ConfigInputStage
                0x08009074       0x68 embedded-software\mcu-hal\STM32F4xx_HAL_Driver\libfoxbms-stmhal.a(stm32f4xx_hal_tim.c.1.o)
 .text.TIM_TI3_SetConfig
                0x080090dc       0x80 embedded-software\mcu-hal\STM32F4xx_HAL_Driver\libfoxbms-stmhal.a(stm32f4xx_hal_tim.c.1.o)
 .text.TIM_TI4_SetConfig
                0x0800915c       0x80 embedded-software\mcu-hal\STM32F4xx_HAL_Driver\libfoxbms-stmhal.a(stm32f4xx_hal_tim.c.1.o)
 .text.TIM_ETR_SetConfig
                0x080091dc       0x44 embedded-software\mcu-hal\STM32F4xx_HAL_Driver\libfoxbms-stmhal.a(stm32f4xx_hal_tim.c.1.o)
 .text.HAL_UART_Init
                0x08009220      0x1b8 embedded-software\mcu-hal\STM32F4xx_HAL_Driver\libfoxbms-stmhal.a(stm32f4xx_hal_uart.c.1.o)
                0x08009220                HAL_UART_Init
 .text.HAL_UART_ErrorCallback
                0x080093d8       0x14 embedded-software\mcu-hal\STM32F4xx_HAL_Driver\libfoxbms-stmhal.a(stm32f4xx_hal_uart.c.1.o)
                0x080093d8                HAL_UART_ErrorCallback
 .text.UART_SetConfig
                0x080093ec      0x4bc embedded-software\mcu-hal\STM32F4xx_HAL_Driver\libfoxbms-stmhal.a(stm32f4xx_hal_uart.c.1.o)
 .text.FMC_SDRAM_Init
                0x080098a8      0x248 embedded-software\mcu-hal\STM32F4xx_HAL_Driver\libfoxbms-stmhal.a(stm32f4xx_ll_fmc.c.1.o)
                0x080098a8                FMC_SDRAM_Init
 .text.FMC_SDRAM_Timing_Init
                0x08009af0      0x1e0 embedded-software\mcu-hal\STM32F4xx_HAL_Driver\libfoxbms-stmhal.a(stm32f4xx_ll_fmc.c.1.o)
                0x08009af0                FMC_SDRAM_Timing_Init
 .text.FMC_SDRAM_SendCommand
                0x08009cd0      0x124 embedded-software\mcu-hal\STM32F4xx_HAL_Driver\libfoxbms-stmhal.a(stm32f4xx_ll_fmc.c.1.o)
                0x08009cd0                FMC_SDRAM_SendCommand
 .text.FMC_SDRAM_ProgramRefreshRate
                0x08009df4       0x50 embedded-software\mcu-hal\STM32F4xx_HAL_Driver\libfoxbms-stmhal.a(stm32f4xx_ll_fmc.c.1.o)
                0x08009df4                FMC_SDRAM_ProgramRefreshRate
 *src/hal/CMSIS*(.text*)
 *CMSIS.a:(.text*)
 */os/*(.text*)
 *libOS.a:(.text*)
 *os.a:(.text*)
 .text.makeFreeRtosPriority
                0x08009e44       0x30 embedded-software\mcu-freertos\libfoxbms-os.a(cmsis_os.c.1.o)
 .text.inHandlerMode
                0x08009e74       0x24 embedded-software\mcu-freertos\libfoxbms-os.a(cmsis_os.c.1.o)
 .text.osKernelStart
                0x08009e98       0x10 embedded-software\mcu-freertos\libfoxbms-os.a(cmsis_os.c.1.o)
                0x08009e98                osKernelStart
 .text.osKernelSysTick
                0x08009ea8       0x20 embedded-software\mcu-freertos\libfoxbms-os.a(cmsis_os.c.1.o)
                0x08009ea8                osKernelSysTick
 .text.osThreadCreate
                0x08009ec8       0x50 embedded-software\mcu-freertos\libfoxbms-os.a(cmsis_os.c.1.o)
                0x08009ec8                osThreadCreate
 .text.osDelay  0x08009f18       0x28 embedded-software\mcu-freertos\libfoxbms-os.a(cmsis_os.c.1.o)
                0x08009f18                osDelay
 .text.osSystickHandler
                0x08009f40       0x14 embedded-software\mcu-freertos\libfoxbms-os.a(cmsis_os.c.1.o)
                0x08009f40                osSystickHandler
 .text.osDelayUntil
                0x08009f54       0x2c embedded-software\mcu-freertos\libfoxbms-os.a(cmsis_os.c.1.o)
                0x08009f54                osDelayUntil
 .text.vPortCheckCriticalSection
                0x08009f80       0x20 embedded-software\mcu-freertos\libfoxbms-os.a(port.c.1.o)
                0x08009f80                vPortCheckCriticalSection
 .text.pxPortInitialiseStack
                0x08009fa0       0x68 embedded-software\mcu-freertos\libfoxbms-os.a(port.c.1.o)
                0x08009fa0                pxPortInitialiseStack
 .text.prvTaskExitError
                0x0800a008       0x30 embedded-software\mcu-freertos\libfoxbms-os.a(port.c.1.o)
 *fill*         0x0800a038        0x8 ff
 .text.SVC_Handler
                0x0800a040       0x24 embedded-software\mcu-freertos\libfoxbms-os.a(port.c.1.o)
                0x0800a040                SVC_Handler
 .text.prvPortStartFirstTask
                0x0800a064       0x20 embedded-software\mcu-freertos\libfoxbms-os.a(port.c.1.o)
 .text.xPortStartScheduler
                0x0800a084       0xfc embedded-software\mcu-freertos\libfoxbms-os.a(port.c.1.o)
                0x0800a084                xPortStartScheduler
 .text.vPortEnterCritical
                0x0800a180       0x48 embedded-software\mcu-freertos\libfoxbms-os.a(port.c.1.o)
                0x0800a180                vPortEnterCritical
 .text.vPortExitCritical
                0x0800a1c8       0x3c embedded-software\mcu-freertos\libfoxbms-os.a(port.c.1.o)
                0x0800a1c8                vPortExitCritical
 *fill*         0x0800a204        0xc ff
 .text.PendSV_Handler
                0x0800a210       0x64 embedded-software\mcu-freertos\libfoxbms-os.a(port.c.1.o)
                0x0800a210                PendSV_Handler
 .text.xPortSysTickHandler
                0x0800a274       0x40 embedded-software\mcu-freertos\libfoxbms-os.a(port.c.1.o)
                0x0800a274                xPortSysTickHandler
 .text.vPortSetupTimerInterrupt
                0x0800a2b4       0x34 embedded-software\mcu-freertos\libfoxbms-os.a(port.c.1.o)
                0x0800a2b4                vPortSetupTimerInterrupt
 .text.vPortEnableVFP
                0x0800a2e8       0x14 embedded-software\mcu-freertos\libfoxbms-os.a(port.c.1.o)
 .text.vPortValidateInterruptPriority
                0x0800a2fc       0x58 embedded-software\mcu-freertos\libfoxbms-os.a(port.c.1.o)
                0x0800a2fc                vPortValidateInterruptPriority
 .text.pvPortMalloc
                0x0800a354      0x158 embedded-software\mcu-freertos\libfoxbms-os.a(heap_4.c.1.o)
                0x0800a354                pvPortMalloc
 .text.vPortFree
                0x0800a4ac       0x94 embedded-software\mcu-freertos\libfoxbms-os.a(heap_4.c.1.o)
                0x0800a4ac                vPortFree
 .text.prvHeapInit
                0x0800a540       0xc4 embedded-software\mcu-freertos\libfoxbms-os.a(heap_4.c.1.o)
 .text.prvInsertBlockIntoFreeList
                0x0800a604       0xb0 embedded-software\mcu-freertos\libfoxbms-os.a(heap_4.c.1.o)
 .text.xQueueGenericReset
                0x0800a6b4       0xc0 embedded-software\mcu-freertos\libfoxbms-os.a(queue.c.1.o)
                0x0800a6b4                xQueueGenericReset
 .text.xQueueGenericCreate
                0x0800a774       0x64 embedded-software\mcu-freertos\libfoxbms-os.a(queue.c.1.o)
                0x0800a774                xQueueGenericCreate
 .text.prvInitialiseNewQueue
                0x0800a7d8       0x44 embedded-software\mcu-freertos\libfoxbms-os.a(queue.c.1.o)
 .text.prvInitialiseMutex
                0x0800a81c       0x34 embedded-software\mcu-freertos\libfoxbms-os.a(queue.c.1.o)
 .text.xQueueCreateMutex
                0x0800a850       0x30 embedded-software\mcu-freertos\libfoxbms-os.a(queue.c.1.o)
                0x0800a850                xQueueCreateMutex
 .text.xQueueGenericSend
                0x0800a880      0x1c4 embedded-software\mcu-freertos\libfoxbms-os.a(queue.c.1.o)
                0x0800a880                xQueueGenericSend
 .text.xQueueGenericSendFromISR
                0x0800aa44      0x100 embedded-software\mcu-freertos\libfoxbms-os.a(queue.c.1.o)
                0x0800aa44                xQueueGenericSendFromISR
 .text.xQueueGenericReceive
                0x0800ab44      0x200 embedded-software\mcu-freertos\libfoxbms-os.a(queue.c.1.o)
                0x0800ab44                xQueueGenericReceive
 .text.prvCopyDataToQueue
                0x0800ad44       0xd8 embedded-software\mcu-freertos\libfoxbms-os.a(queue.c.1.o)
 .text.prvCopyDataFromQueue
                0x0800ae1c       0x4c embedded-software\mcu-freertos\libfoxbms-os.a(queue.c.1.o)
 .text.prvUnlockQueue
                0x0800ae68       0xa4 embedded-software\mcu-freertos\libfoxbms-os.a(queue.c.1.o)
 .text.prvIsQueueEmpty
                0x0800af0c       0x2c embedded-software\mcu-freertos\libfoxbms-os.a(queue.c.1.o)
 .text.prvIsQueueFull
                0x0800af38       0x30 embedded-software\mcu-freertos\libfoxbms-os.a(queue.c.1.o)
 .text.vQueueAddToRegistry
                0x0800af68       0x50 embedded-software\mcu-freertos\libfoxbms-os.a(queue.c.1.o)
                0x0800af68                vQueueAddToRegistry
 .text.vQueueWaitForMessageRestricted
                0x0800afb8       0x6c embedded-software\mcu-freertos\libfoxbms-os.a(queue.c.1.o)
                0x0800afb8                vQueueWaitForMessageRestricted
 .text.xTaskCreate
                0x0800b024       0x84 embedded-software\mcu-freertos\libfoxbms-os.a(tasks.c.1.o)
                0x0800b024                xTaskCreate
 .text.prvInitialiseNewTask
                0x0800b0a8       0xfc embedded-software\mcu-freertos\libfoxbms-os.a(tasks.c.1.o)
 .text.prvAddNewTaskToReadyList
                0x0800b1a4       0xe0 embedded-software\mcu-freertos\libfoxbms-os.a(tasks.c.1.o)
 .text.vTaskDelayUntil
                0x0800b284       0xc8 embedded-software\mcu-freertos\libfoxbms-os.a(tasks.c.1.o)
                0x0800b284                vTaskDelayUntil
 .text.vTaskDelay
                0x0800b34c       0x58 embedded-software\mcu-freertos\libfoxbms-os.a(tasks.c.1.o)
                0x0800b34c                vTaskDelay
 .text.vTaskStartScheduler
                0x0800b3a4       0x88 embedded-software\mcu-freertos\libfoxbms-os.a(tasks.c.1.o)
                0x0800b3a4                vTaskStartScheduler
 .text.vTaskSuspendAll
                0x0800b42c       0x1c embedded-software\mcu-freertos\libfoxbms-os.a(tasks.c.1.o)
                0x0800b42c                vTaskSuspendAll
 .text.xTaskResumeAll
                0x0800b448      0x12c embedded-software\mcu-freertos\libfoxbms-os.a(tasks.c.1.o)
                0x0800b448                xTaskResumeAll
 .text.xTaskGetTickCount
                0x0800b574       0x20 embedded-software\mcu-freertos\libfoxbms-os.a(tasks.c.1.o)
                0x0800b574                xTaskGetTickCount
 .text.xTaskGetTickCountFromISR
                0x0800b594       0x24 embedded-software\mcu-freertos\libfoxbms-os.a(tasks.c.1.o)
                0x0800b594                xTaskGetTickCountFromISR
 .text.xTaskIncrementTick
                0x0800b5b8      0x170 embedded-software\mcu-freertos\libfoxbms-os.a(tasks.c.1.o)
                0x0800b5b8                xTaskIncrementTick
 .text.vTaskSwitchContext
                0x0800b728       0xa0 embedded-software\mcu-freertos\libfoxbms-os.a(tasks.c.1.o)
                0x0800b728                vTaskSwitchContext
 .text.vTaskPlaceOnEventList
                0x0800b7c8       0x38 embedded-software\mcu-freertos\libfoxbms-os.a(tasks.c.1.o)
                0x0800b7c8                vTaskPlaceOnEventList
 .text.vTaskPlaceOnEventListRestricted
                0x0800b800       0x44 embedded-software\mcu-freertos\libfoxbms-os.a(tasks.c.1.o)
                0x0800b800                vTaskPlaceOnEventListRestricted
 .text.xTaskRemoveFromEventList
                0x0800b844       0xb8 embedded-software\mcu-freertos\libfoxbms-os.a(tasks.c.1.o)
                0x0800b844                xTaskRemoveFromEventList
 .text.vTaskSetTimeOutState
                0x0800b8fc       0x34 embedded-software\mcu-freertos\libfoxbms-os.a(tasks.c.1.o)
                0x0800b8fc                vTaskSetTimeOutState
 .text.xTaskCheckForTimeOut
                0x0800b930       0xa0 embedded-software\mcu-freertos\libfoxbms-os.a(tasks.c.1.o)
                0x0800b930                xTaskCheckForTimeOut
 .text.vTaskMissedYield
                0x0800b9d0       0x18 embedded-software\mcu-freertos\libfoxbms-os.a(tasks.c.1.o)
                0x0800b9d0                vTaskMissedYield
 .text.prvIdleTask
                0x0800b9e8       0x34 embedded-software\mcu-freertos\libfoxbms-os.a(tasks.c.1.o)
 .text.prvInitialiseTaskLists
                0x0800ba1c       0x7c embedded-software\mcu-freertos\libfoxbms-os.a(tasks.c.1.o)
 .text.prvCheckTasksWaitingTermination
                0x0800ba98       0x74 embedded-software\mcu-freertos\libfoxbms-os.a(tasks.c.1.o)
 .text.prvDeleteTCB
                0x0800bb0c       0x20 embedded-software\mcu-freertos\libfoxbms-os.a(tasks.c.1.o)
 .text.prvResetNextTaskUnblockTime
                0x0800bb2c       0x48 embedded-software\mcu-freertos\libfoxbms-os.a(tasks.c.1.o)
 .text.xTaskGetSchedulerState
                0x0800bb74       0x3c embedded-software\mcu-freertos\libfoxbms-os.a(tasks.c.1.o)
                0x0800bb74                xTaskGetSchedulerState
 .text.vTaskPriorityInherit
                0x0800bbb0       0xf0 embedded-software\mcu-freertos\libfoxbms-os.a(tasks.c.1.o)
                0x0800bbb0                vTaskPriorityInherit
 .text.xTaskPriorityDisinherit
                0x0800bca0       0xf0 embedded-software\mcu-freertos\libfoxbms-os.a(tasks.c.1.o)
                0x0800bca0                xTaskPriorityDisinherit
 .text.pvTaskIncrementMutexHeldCount
                0x0800bd90       0x28 embedded-software\mcu-freertos\libfoxbms-os.a(tasks.c.1.o)
                0x0800bd90                pvTaskIncrementMutexHeldCount
 .text.prvAddCurrentTaskToDelayedList
                0x0800bdb8       0xc8 embedded-software\mcu-freertos\libfoxbms-os.a(tasks.c.1.o)
 .text.xTimerCreateTimerTask
                0x0800be80       0x54 embedded-software\mcu-freertos\libfoxbms-os.a(timers.c.1.o)
                0x0800be80                xTimerCreateTimerTask
 .text.xTimerGenericCommand
                0x0800bed4       0x98 embedded-software\mcu-freertos\libfoxbms-os.a(timers.c.1.o)
                0x0800bed4                xTimerGenericCommand
 .text.prvProcessExpiredTimer
                0x0800bf6c       0x70 embedded-software\mcu-freertos\libfoxbms-os.a(timers.c.1.o)
 .text.prvTimerTask
                0x0800bfdc       0x24 embedded-software\mcu-freertos\libfoxbms-os.a(timers.c.1.o)
 .text.prvProcessTimerOrBlockTask
                0x0800c000       0x9c embedded-software\mcu-freertos\libfoxbms-os.a(timers.c.1.o)
 .text.prvGetNextExpireTime
                0x0800c09c       0x48 embedded-software\mcu-freertos\libfoxbms-os.a(timers.c.1.o)
 .text.prvSampleTimeNow
                0x0800c0e4       0x40 embedded-software\mcu-freertos\libfoxbms-os.a(timers.c.1.o)
 .text.prvInsertTimerInActiveList
                0x0800c124       0x84 embedded-software\mcu-freertos\libfoxbms-os.a(timers.c.1.o)
 .text.prvProcessReceivedCommands
                0x0800c1a8      0x10c embedded-software\mcu-freertos\libfoxbms-os.a(timers.c.1.o)
 .text.prvSwitchTimerLists
                0x0800c2b4       0xb0 embedded-software\mcu-freertos\libfoxbms-os.a(timers.c.1.o)
 .text.prvCheckForValidListAndQueue
                0x0800c364       0x6c embedded-software\mcu-freertos\libfoxbms-os.a(timers.c.1.o)
 .text.OS_TaskInit
                0x0800c3d0       0x50 embedded-software\mcu-freertos\libfoxbms-os.a(os.c.1.o)
                0x0800c3d0                OS_TaskInit
 .text.vApplicationIdleHook
                0x0800c420        0xc embedded-software\mcu-freertos\libfoxbms-os.a(os.c.1.o)
                0x0800c420                vApplicationIdleHook
 .text.OS_TSK_Engine
                0x0800c42c       0x1c embedded-software\mcu-freertos\libfoxbms-os.a(os.c.1.o)
                0x0800c42c                OS_TSK_Engine
 .text.OS_TSK_Cyclic_1ms
                0x0800c448       0x64 embedded-software\mcu-freertos\libfoxbms-os.a(os.c.1.o)
                0x0800c448                OS_TSK_Cyclic_1ms
 .text.OS_TSK_Cyclic_10ms
                0x0800c4ac       0x48 embedded-software\mcu-freertos\libfoxbms-os.a(os.c.1.o)
                0x0800c4ac                OS_TSK_Cyclic_10ms
 .text.OS_TSK_Cyclic_100ms
                0x0800c4f4       0x48 embedded-software\mcu-freertos\libfoxbms-os.a(os.c.1.o)
                0x0800c4f4                OS_TSK_Cyclic_100ms
 .text.OS_TSK_EventHandler
                0x0800c53c       0x48 embedded-software\mcu-freertos\libfoxbms-os.a(os.c.1.o)
                0x0800c53c                OS_TSK_EventHandler
 .text.OS_TSK_Diagnosis
                0x0800c584       0x48 embedded-software\mcu-freertos\libfoxbms-os.a(os.c.1.o)
                0x0800c584                OS_TSK_Diagnosis
 .text.OS_PostOSInit
                0x0800c5cc       0x64 embedded-software\mcu-freertos\libfoxbms-os.a(os.c.1.o)
                0x0800c5cc                OS_PostOSInit
 .text.OS_IdleTask
                0x0800c630        0xc embedded-software\mcu-freertos\libfoxbms-os.a(os.c.1.o)
                0x0800c630                OS_IdleTask
 .text.OS_TimerTrigger
                0x0800c63c       0xbc embedded-software\mcu-freertos\libfoxbms-os.a(os.c.1.o)
 .text.OS_TaskEnter_Critical
                0x0800c6f8       0x38 embedded-software\mcu-freertos\libfoxbms-os.a(os.c.1.o)
                0x0800c6f8                OS_TaskEnter_Critical
 .text.OS_TaskExit_Critical
                0x0800c730       0x2c embedded-software\mcu-freertos\libfoxbms-os.a(os.c.1.o)
                0x0800c730                OS_TaskExit_Critical
 .text.vListInitialise
                0x0800c75c       0x40 embedded-software\mcu-freertos\libfoxbms-os.a(list.c.1.o)
                0x0800c75c                vListInitialise
 .text.vListInitialiseItem
                0x0800c79c       0x18 embedded-software\mcu-freertos\libfoxbms-os.a(list.c.1.o)
                0x0800c79c                vListInitialiseItem
 .text.vListInsertEnd
                0x0800c7b4       0x48 embedded-software\mcu-freertos\libfoxbms-os.a(list.c.1.o)
                0x0800c7b4                vListInsertEnd
 .text.vListInsert
                0x0800c7fc       0x70 embedded-software\mcu-freertos\libfoxbms-os.a(list.c.1.o)
                0x0800c7fc                vListInsert
 .text.uxListRemove
                0x0800c86c       0x54 embedded-software\mcu-freertos\libfoxbms-os.a(list.c.1.o)
                0x0800c86c                uxListRemove
 *src/engine*(.text*)
 *engine*.a:(.text*)
 .text.DATA_StoreDataBlock
                0x0800c8c0       0x54 embedded-software\mcu-common\src\engine\libfoxbms-common-engine.a(database.c.1.o)
                0x0800c8c0                DATA_StoreDataBlock
 .text.DATA_Task
                0x0800c914      0x1f0 embedded-software\mcu-common\src\engine\libfoxbms-common-engine.a(database.c.1.o)
                0x0800c914                DATA_Task
 .text.DATA_GetTable
                0x0800cb04       0x58 embedded-software\mcu-common\src\engine\libfoxbms-common-engine.a(database.c.1.o)
                0x0800cb04                DATA_GetTable
 .text.DATA_Init
                0x0800cb5c       0xd4 embedded-software\mcu-common\src\engine\libfoxbms-common-engine.a(database.c.1.o)
 .text.dummyfu  0x0800cc30       0x1c embedded-software\mcu-primary\src\engine\libfoxbms-engine.a(diag_cfg.c.1.o)
                0x0800cc30                dummyfu
 .text.DIAG_error_overvoltage
                0x0800cc4c       0x44 embedded-software\mcu-primary\src\engine\libfoxbms-engine.a(diag_cfg.c.1.o)
                0x0800cc4c                DIAG_error_overvoltage
 .text.DIAG_error_undervoltage
                0x0800cc90       0x44 embedded-software\mcu-primary\src\engine\libfoxbms-engine.a(diag_cfg.c.1.o)
                0x0800cc90                DIAG_error_undervoltage
 .text.DIAG_error_overtemperaturecharge
                0x0800ccd4       0x44 embedded-software\mcu-primary\src\engine\libfoxbms-engine.a(diag_cfg.c.1.o)
                0x0800ccd4                DIAG_error_overtemperaturecharge
 .text.DIAG_error_overtemperaturedischarge
                0x0800cd18       0x44 embedded-software\mcu-primary\src\engine\libfoxbms-engine.a(diag_cfg.c.1.o)
                0x0800cd18                DIAG_error_overtemperaturedischarge
 .text.DIAG_error_undertemperaturecharge
                0x0800cd5c       0x44 embedded-software\mcu-primary\src\engine\libfoxbms-engine.a(diag_cfg.c.1.o)
                0x0800cd5c                DIAG_error_undertemperaturecharge
 .text.DIAG_error_undertemperaturedischarge
                0x0800cda0       0x44 embedded-software\mcu-primary\src\engine\libfoxbms-engine.a(diag_cfg.c.1.o)
                0x0800cda0                DIAG_error_undertemperaturedischarge
 .text.DIAG_error_overcurrentcharge
                0x0800cde4       0x44 embedded-software\mcu-primary\src\engine\libfoxbms-engine.a(diag_cfg.c.1.o)
                0x0800cde4                DIAG_error_overcurrentcharge
 .text.DIAG_error_overcurrentdischarge
                0x0800ce28       0x44 embedded-software\mcu-primary\src\engine\libfoxbms-engine.a(diag_cfg.c.1.o)
                0x0800ce28                DIAG_error_overcurrentdischarge
 .text.DIAG_error_cantiming
                0x0800ce6c       0x48 embedded-software\mcu-primary\src\engine\libfoxbms-engine.a(diag_cfg.c.1.o)
                0x0800ce6c                DIAG_error_cantiming
 .text.DIAG_error_cantiming_cc
                0x0800ceb4       0x48 embedded-software\mcu-primary\src\engine\libfoxbms-engine.a(diag_cfg.c.1.o)
                0x0800ceb4                DIAG_error_cantiming_cc
 .text.DIAG_error_cancurrentsensor
                0x0800cefc       0x44 embedded-software\mcu-primary\src\engine\libfoxbms-engine.a(diag_cfg.c.1.o)
                0x0800cefc                DIAG_error_cancurrentsensor
 .text.DIAG_error_ltcpec
                0x0800cf40       0x48 embedded-software\mcu-primary\src\engine\libfoxbms-engine.a(diag_cfg.c.1.o)
                0x0800cf40                DIAG_error_ltcpec
 .text.DIAG_error_ltcmux
                0x0800cf88       0x48 embedded-software\mcu-primary\src\engine\libfoxbms-engine.a(diag_cfg.c.1.o)
                0x0800cf88                DIAG_error_ltcmux
 .text.DIAG_error_ltcspi
                0x0800cfd0       0x48 embedded-software\mcu-primary\src\engine\libfoxbms-engine.a(diag_cfg.c.1.o)
                0x0800cfd0                DIAG_error_ltcspi
 .text.DIAG_error_contactormainplus
                0x0800d018       0x44 embedded-software\mcu-primary\src\engine\libfoxbms-engine.a(diag_cfg.c.1.o)
                0x0800d018                DIAG_error_contactormainplus
 .text.DIAG_error_contactormainminus
                0x0800d05c       0x44 embedded-software\mcu-primary\src\engine\libfoxbms-engine.a(diag_cfg.c.1.o)
                0x0800d05c                DIAG_error_contactormainminus
 .text.DIAG_error_contactorprecharge
                0x0800d0a0       0x44 embedded-software\mcu-primary\src\engine\libfoxbms-engine.a(diag_cfg.c.1.o)
                0x0800d0a0                DIAG_error_contactorprecharge
 .text.DIAG_error_contactorchargemainplus
                0x0800d0e4       0x44 embedded-software\mcu-primary\src\engine\libfoxbms-engine.a(diag_cfg.c.1.o)
                0x0800d0e4                DIAG_error_contactorchargemainplus
 .text.DIAG_error_contactorchargemainminus
                0x0800d128       0x44 embedded-software\mcu-primary\src\engine\libfoxbms-engine.a(diag_cfg.c.1.o)
                0x0800d128                DIAG_error_contactorchargemainminus
 .text.DIAG_error_contactorchargeprecharge
                0x0800d16c       0x44 embedded-software\mcu-primary\src\engine\libfoxbms-engine.a(diag_cfg.c.1.o)
                0x0800d16c                DIAG_error_contactorchargeprecharge
 .text.DIAG_error_interlock
                0x0800d1b0       0x44 embedded-software\mcu-primary\src\engine\libfoxbms-engine.a(diag_cfg.c.1.o)
                0x0800d1b0                DIAG_error_interlock
 .text.dummyfu2
                0x0800d1f4       0x14 embedded-software\mcu-primary\src\engine\libfoxbms-engine.a(diag_cfg.c.1.o)
                0x0800d1f4                dummyfu2
 .text.ENG_CreateQueues
                0x0800d208       0x1c embedded-software\mcu-primary\src\engine\libfoxbms-engine.a(enginetask_cfg.c.1.o)
                0x0800d208                ENG_CreateQueues
 .text.ENG_CreateMutex
                0x0800d224        0xc embedded-software\mcu-primary\src\engine\libfoxbms-engine.a(enginetask_cfg.c.1.o)
                0x0800d224                ENG_CreateMutex
 .text.ENG_CreateEvent
                0x0800d230        0xc embedded-software\mcu-primary\src\engine\libfoxbms-engine.a(enginetask_cfg.c.1.o)
                0x0800d230                ENG_CreateEvent
 .text.ENG_CreateTask
                0x0800d23c      0x16c embedded-software\mcu-primary\src\engine\libfoxbms-engine.a(enginetask_cfg.c.1.o)
                0x0800d23c                ENG_CreateTask
 .text.DIAG_Reset
                0x0800d3a8       0xc0 embedded-software\mcu-primary\src\engine\libfoxbms-engine.a(diag.c.1.o)
 .text.DIAG_Init
                0x0800d468      0x220 embedded-software\mcu-primary\src\engine\libfoxbms-engine.a(diag.c.1.o)
                0x0800d468                DIAG_Init
 .text.DIAG_PrintErrors
                0x0800d688      0x27c embedded-software\mcu-primary\src\engine\libfoxbms-engine.a(diag.c.1.o)
                0x0800d688                DIAG_PrintErrors
 .text.DIAG_PrintContactorInfo
                0x0800d904      0x2ec embedded-software\mcu-primary\src\engine\libfoxbms-engine.a(diag.c.1.o)
                0x0800d904                DIAG_PrintContactorInfo
 .text.DIAG_EntryWrite
                0x0800dbf0      0x2c0 embedded-software\mcu-primary\src\engine\libfoxbms-engine.a(diag.c.1.o)
 .text.DIAG_Handler
                0x0800deb0       0xa4 embedded-software\mcu-primary\src\engine\libfoxbms-engine.a(diag.c.1.o)
                0x0800deb0                DIAG_Handler
 .text.DIAG_GeneralHandler
                0x0800df54      0x29c embedded-software\mcu-primary\src\engine\libfoxbms-engine.a(diag.c.1.o)
 .text.DIAG_ContHandler
                0x0800e1f0      0x1e4 embedded-software\mcu-primary\src\engine\libfoxbms-engine.a(diag.c.1.o)
 .text.DIAG_SysMon
                0x0800e3d4      0x134 embedded-software\mcu-primary\src\engine\libfoxbms-engine.a(diag.c.1.o)
                0x0800e3d4                DIAG_SysMon
 .text.DIAG_SysMonNotify
                0x0800e508       0x40 embedded-software\mcu-primary\src\engine\libfoxbms-engine.a(diag.c.1.o)
                0x0800e508                DIAG_SysMonNotify
 .text.DIAG_configASSERT
                0x0800e548       0x40 embedded-software\mcu-primary\src\engine\libfoxbms-engine.a(diag.c.1.o)
                0x0800e548                DIAG_configASSERT
 .text.ENG_Init
                0x0800e588       0x8c embedded-software\mcu-primary\src\engine\libfoxbms-engine.a(enginetask.c.1.o)
                0x0800e588                ENG_Init
 .text.ENG_TSK_Cyclic_1ms
                0x0800e614       0x1c embedded-software\mcu-primary\src\engine\libfoxbms-engine.a(enginetask.c.1.o)
                0x0800e614                ENG_TSK_Cyclic_1ms
 .text.ENG_TSK_Cyclic_10ms
                0x0800e630       0x18 embedded-software\mcu-primary\src\engine\libfoxbms-engine.a(enginetask.c.1.o)
                0x0800e630                ENG_TSK_Cyclic_10ms
 .text.ENG_TSK_Cyclic_100ms
                0x0800e648       0x38 embedded-software\mcu-primary\src\engine\libfoxbms-engine.a(enginetask.c.1.o)
                0x0800e648                ENG_TSK_Cyclic_100ms
 .text.ENG_TSK_EventHandler
                0x0800e680        0xc embedded-software\mcu-primary\src\engine\libfoxbms-engine.a(enginetask.c.1.o)
                0x0800e680                ENG_TSK_EventHandler
 .text.ENG_TSK_Diagnosis
                0x0800e68c        0xc embedded-software\mcu-primary\src\engine\libfoxbms-engine.a(enginetask.c.1.o)
                0x0800e68c                ENG_TSK_Diagnosis
 .text.SYS_CheckReEntrance
                0x0800e698       0x3c embedded-software\mcu-primary\src\engine\libfoxbms-engine.a(sys.c.1.o)
 .text.SYS_TransferStateRequest
                0x0800e6d4       0x2c embedded-software\mcu-primary\src\engine\libfoxbms-engine.a(sys.c.1.o)
 .text.SYS_SetStateRequest
                0x0800e700       0x3c embedded-software\mcu-primary\src\engine\libfoxbms-engine.a(sys.c.1.o)
                0x0800e700                SYS_SetStateRequest
 .text.SYS_CheckStateRequest
                0x0800e73c       0x48 embedded-software\mcu-primary\src\engine\libfoxbms-engine.a(sys.c.1.o)
 .text.SYS_Trigger
                0x0800e784      0x53c embedded-software\mcu-primary\src\engine\libfoxbms-engine.a(sys.c.1.o)
                0x0800e784                SYS_Trigger
 *src/general*(.text*)
 *src\\general*(.text*)
 .text.HAL_MspInit
                0x0800ecc0        0xc embedded-software\mcu-primary\src\general\config\STM32F4xx\stm32f4xx_hal_msp.c.1.o
                0x0800ecc0                HAL_MspInit
 .text.HAL_CAN_MspInit
                0x0800eccc       0xb4 embedded-software\mcu-primary\src\general\config\STM32F4xx\stm32f4xx_hal_msp.c.1.o
                0x0800eccc                HAL_CAN_MspInit
 .text.HAL_CAN_MspDeInit
                0x0800ed80       0x94 embedded-software\mcu-primary\src\general\config\STM32F4xx\stm32f4xx_hal_msp.c.1.o
                0x0800ed80                HAL_CAN_MspDeInit
 .text.HAL_SPI_MspInit
                0x0800ee14       0x40 embedded-software\mcu-primary\src\general\config\STM32F4xx\stm32f4xx_hal_msp.c.1.o
                0x0800ee14                HAL_SPI_MspInit
 .text.HAL_UART_MspInit
                0x0800ee54       0x6c embedded-software\mcu-primary\src\general\config\STM32F4xx\stm32f4xx_hal_msp.c.1.o
                0x0800ee54                HAL_UART_MspInit
 .text.assert_failed
                0x0800eec0        0xc embedded-software\mcu-primary\src\general\config\STM32F4xx\stm32f4xx_hal_msp.c.1.o
                0x0800eec0                assert_failed
 .text.NMI_Handler
                0x0800eecc        0xc embedded-software\mcu-primary\src\general\config\STM32F4xx\stm32f4xx_it.c.1.o
                0x0800eecc                NMI_Handler
 .text.HardFault_Handler
                0x0800eed8      0x13c embedded-software\mcu-primary\src\general\config\STM32F4xx\stm32f4xx_it.c.1.o
                0x0800eed8                HardFault_Handler
 .text.MemManage_Handler
                0x0800f014        0x8 embedded-software\mcu-primary\src\general\config\STM32F4xx\stm32f4xx_it.c.1.o
                0x0800f014                MemManage_Handler
 .text.BusFault_Handler
                0x0800f01c        0x8 embedded-software\mcu-primary\src\general\config\STM32F4xx\stm32f4xx_it.c.1.o
                0x0800f01c                BusFault_Handler
 .text.UsageFault_Handler
                0x0800f024        0x8 embedded-software\mcu-primary\src\general\config\STM32F4xx\stm32f4xx_it.c.1.o
                0x0800f024                UsageFault_Handler
 .text.DebugMon_Handler
                0x0800f02c        0xc embedded-software\mcu-primary\src\general\config\STM32F4xx\stm32f4xx_it.c.1.o
                0x0800f02c                DebugMon_Handler
 .text.SysTick_Handler
                0x0800f038       0x10 embedded-software\mcu-primary\src\general\config\STM32F4xx\stm32f4xx_it.c.1.o
                0x0800f038                SysTick_Handler
 .text.CAN1_TX_IRQHandler
                0x0800f048       0x10 embedded-software\mcu-primary\src\general\config\STM32F4xx\stm32f4xx_it.c.1.o
                0x0800f048                CAN1_TX_IRQHandler
 .text.CAN1_RX0_IRQHandler
                0x0800f058       0x14 embedded-software\mcu-primary\src\general\config\STM32F4xx\stm32f4xx_it.c.1.o
                0x0800f058                CAN1_RX0_IRQHandler
 .text.CAN1_RX1_IRQHandler
                0x0800f06c       0x14 embedded-software\mcu-primary\src\general\config\STM32F4xx\stm32f4xx_it.c.1.o
                0x0800f06c                CAN1_RX1_IRQHandler
 .text.CAN1_SCE_IRQHandler
                0x0800f080       0x14 embedded-software\mcu-primary\src\general\config\STM32F4xx\stm32f4xx_it.c.1.o
                0x0800f080                CAN1_SCE_IRQHandler
 .text.CAN0_TX_IRQHandler
                0x0800f094       0x10 embedded-software\mcu-primary\src\general\config\STM32F4xx\stm32f4xx_it.c.1.o
                0x0800f094                CAN0_TX_IRQHandler
 .text.CAN0_RX0_IRQHandler
                0x0800f0a4       0x14 embedded-software\mcu-primary\src\general\config\STM32F4xx\stm32f4xx_it.c.1.o
                0x0800f0a4                CAN0_RX0_IRQHandler
 .text.CAN0_RX1_IRQHandler
                0x0800f0b8       0x14 embedded-software\mcu-primary\src\general\config\STM32F4xx\stm32f4xx_it.c.1.o
                0x0800f0b8                CAN0_RX1_IRQHandler
 .text.CAN0_SCE_IRQHandler
                0x0800f0cc       0x14 embedded-software\mcu-primary\src\general\config\STM32F4xx\stm32f4xx_it.c.1.o
                0x0800f0cc                CAN0_SCE_IRQHandler
 .text.SPI6_IRQHandler
                0x0800f0e0       0x18 embedded-software\mcu-primary\src\general\config\STM32F4xx\stm32f4xx_it.c.1.o
                0x0800f0e0                SPI6_IRQHandler
 .text.SPI2_IRQHandler
                0x0800f0f8       0x18 embedded-software\mcu-primary\src\general\config\STM32F4xx\stm32f4xx_it.c.1.o
                0x0800f0f8                SPI2_IRQHandler
 .text.DMA2_Stream0_IRQHandler
                0x0800f110       0x18 embedded-software\mcu-primary\src\general\config\STM32F4xx\stm32f4xx_it.c.1.o
                0x0800f110                DMA2_Stream0_IRQHandler
 .text.DMA2_Stream1_IRQHandler
                0x0800f128       0x18 embedded-software\mcu-primary\src\general\config\STM32F4xx\stm32f4xx_it.c.1.o
                0x0800f128                DMA2_Stream1_IRQHandler
 .text.DMA2_Stream2_IRQHandler
                0x0800f140       0x18 embedded-software\mcu-primary\src\general\config\STM32F4xx\stm32f4xx_it.c.1.o
                0x0800f140                DMA2_Stream2_IRQHandler
 .text.DMA2_Stream3_IRQHandler
                0x0800f158       0x18 embedded-software\mcu-primary\src\general\config\STM32F4xx\stm32f4xx_it.c.1.o
                0x0800f158                DMA2_Stream3_IRQHandler
 .text.USART3_IRQHandler
                0x0800f170       0x10 embedded-software\mcu-primary\src\general\config\STM32F4xx\stm32f4xx_it.c.1.o
                0x0800f170                USART3_IRQHandler
 .text.USART2_IRQHandler
                0x0800f180        0xc embedded-software\mcu-primary\src\general\config\STM32F4xx\stm32f4xx_it.c.1.o
                0x0800f180                USART2_IRQHandler
 .text.ADC_IRQHandler
                0x0800f18c       0x18 embedded-software\mcu-primary\src\general\config\STM32F4xx\stm32f4xx_it.c.1.o
                0x0800f18c                ADC_IRQHandler
 .text.TIM3_IRQHandler
                0x0800f1a4        0xc embedded-software\mcu-primary\src\general\config\STM32F4xx\stm32f4xx_it.c.1.o
                0x0800f1a4                TIM3_IRQHandler
 .text.EXTI15_10_IRQHandler
                0x0800f1b0       0xa4 embedded-software\mcu-primary\src\general\config\STM32F4xx\stm32f4xx_it.c.1.o
                0x0800f1b0                EXTI15_10_IRQHandler
 .text.SystemInit
                0x0800f254       0x74 embedded-software\mcu-primary\src\general\config\STM32F4xx\system_stm32f4xx.c.1.o
                0x0800f254                SystemInit
 .text.SystemInit_ExtMemCtl
                0x0800f2c8      0x238 embedded-software\mcu-primary\src\general\config\STM32F4xx\system_stm32f4xx.c.1.o
 .text.main     0x0800f500       0xc8 embedded-software\mcu-primary\src\general\main.c.1.o
                0x0800f500                main
 .text.SystemClock_Config
                0x0800f5c8        0xc embedded-software\mcu-primary\src\general\main.c.1.o
                0x0800f5c8                SystemClock_Config
 .text.BOOT_Init
                0x0800f5d4       0x54 embedded-software\mcu-primary\src\general\main.c.1.o
                0x0800f5d4                BOOT_Init
 .text.NVIC_PreOsInit
                0x0800f628        0xc embedded-software\mcu-primary\src\general\nvic.c.1.o
                0x0800f628                NVIC_PreOsInit
 .text.NVIC_PostOsInit
                0x0800f634      0x144 embedded-software\mcu-primary\src\general\nvic.c.1.o
                0x0800f634                NVIC_PostOsInit
 .text.NVIC_InitEXTI
                0x0800f778       0x68 embedded-software\mcu-primary\src\general\nvic.c.1.o
 .text.BS_CheckCurrent_Direction
                0x0800f7e0       0x94 embedded-software\mcu-primary\src\general\config\batterysystem_cfg.c.1.o
                0x0800f7e0                BS_CheckCurrent_Direction
 .text.BS_CheckCurrentValue_Direction
                0x0800f874       0x34 embedded-software\mcu-primary\src\general\config\batterysystem_cfg.c.1.o
                0x0800f874                BS_CheckCurrentValue_Direction
 .text.Reset_Handler
                0x0800f8a8       0x50 embedded-software\mcu-primary\src\general\config\STM32F4xx\startup_stm32f429xx.o
                0x0800f8a8                Reset_Handler
 .text.Default_Handler
                0x0800f8f8        0x2 embedded-software\mcu-primary\src\general\config\STM32F4xx\startup_stm32f429xx.o
                0x0800f8f8                RTC_Alarm_IRQHandler
                0x0800f8f8                HASH_RNG_IRQHandler
                0x0800f8f8                EXTI2_IRQHandler
                0x0800f8f8                TIM8_CC_IRQHandler
                0x0800f8f8                UART8_IRQHandler
                0x0800f8f8                SPI4_IRQHandler
                0x0800f8f8                TIM1_CC_IRQHandler
                0x0800f8f8                DMA2_Stream5_IRQHandler
                0x0800f8f8                DMA1_Stream5_IRQHandler
                0x0800f8f8                PVD_IRQHandler
                0x0800f8f8                SDIO_IRQHandler
                0x0800f8f8                TAMP_STAMP_IRQHandler
                0x0800f8f8                EXTI3_IRQHandler
                0x0800f8f8                TIM8_TRG_COM_TIM14_IRQHandler
                0x0800f8f8                TIM1_UP_TIM10_IRQHandler
                0x0800f8f8                TIM8_UP_TIM13_IRQHandler
                0x0800f8f8                I2C3_ER_IRQHandler
                0x0800f8f8                EXTI0_IRQHandler
                0x0800f8f8                I2C2_EV_IRQHandler
                0x0800f8f8                DMA1_Stream2_IRQHandler
                0x0800f8f8                FPU_IRQHandler
                0x0800f8f8                OTG_HS_WKUP_IRQHandler
                0x0800f8f8                LTDC_ER_IRQHandler
                0x0800f8f8                SPI1_IRQHandler
                0x0800f8f8                TIM6_DAC_IRQHandler
                0x0800f8f8                TIM1_BRK_TIM9_IRQHandler
                0x0800f8f8                DCMI_IRQHandler
                0x0800f8f8                USART6_IRQHandler
                0x0800f8f8                UART5_IRQHandler
                0x0800f8f8                TIM4_IRQHandler
                0x0800f8f8                I2C1_EV_IRQHandler
                0x0800f8f8                DMA1_Stream6_IRQHandler
                0x0800f8f8                DMA1_Stream1_IRQHandler
                0x0800f8f8                UART4_IRQHandler
                0x0800f8f8                RCC_IRQHandler
                0x0800f8f8                TIM8_BRK_TIM12_IRQHandler
                0x0800f8f8                Default_Handler
                0x0800f8f8                DMA1_Stream7_IRQHandler
                0x0800f8f8                SPI5_IRQHandler
                0x0800f8f8                TIM7_IRQHandler
                0x0800f8f8                TIM5_IRQHandler
                0x0800f8f8                DMA2_Stream7_IRQHandler
                0x0800f8f8                I2C3_EV_IRQHandler
                0x0800f8f8                EXTI9_5_IRQHandler
                0x0800f8f8                RTC_WKUP_IRQHandler
                0x0800f8f8                LTDC_IRQHandler
                0x0800f8f8                ETH_WKUP_IRQHandler
                0x0800f8f8                OTG_HS_EP1_IN_IRQHandler
                0x0800f8f8                DMA1_Stream0_IRQHandler
                0x0800f8f8                EXTI4_IRQHandler
                0x0800f8f8                ETH_IRQHandler
                0x0800f8f8                OTG_HS_EP1_OUT_IRQHandler
                0x0800f8f8                WWDG_IRQHandler
                0x0800f8f8                TIM2_IRQHandler
                0x0800f8f8                OTG_FS_WKUP_IRQHandler
                0x0800f8f8                TIM1_TRG_COM_TIM11_IRQHandler
                0x0800f8f8                OTG_HS_IRQHandler
                0x0800f8f8                DMA2D_IRQHandler
                0x0800f8f8                EXTI1_IRQHandler
                0x0800f8f8                UART7_IRQHandler
                0x0800f8f8                I2C2_ER_IRQHandler
                0x0800f8f8                FLASH_IRQHandler
                0x0800f8f8                DMA2_Stream4_IRQHandler
                0x0800f8f8                USART1_IRQHandler
                0x0800f8f8                OTG_FS_IRQHandler
                0x0800f8f8                SPI3_IRQHandler
                0x0800f8f8                DMA1_Stream4_IRQHandler
                0x0800f8f8                I2C1_ER_IRQHandler
                0x0800f8f8                FMC_IRQHandler
                0x0800f8f8                DMA2_Stream6_IRQHandler
                0x0800f8f8                SAI1_IRQHandler
                0x0800f8f8                DMA1_Stream3_IRQHandler
 *src/module*(.text*)
 *module.a:(.text*)
 *fill*         0x0800f8fa        0x2 ff
 .text.ADC_Ctrl
                0x0800f8fc       0x98 embedded-software\mcu-primary\src\module\libfoxbms-module.a(adc_ex.c.1.o)
                0x0800f8fc                ADC_Ctrl
 *fill*         0x0800f994        0x4 ff
 .text.HAL_ADC_ConvCpltCallback
                0x0800f998      0x1ac embedded-software\mcu-primary\src\module\libfoxbms-module.a(adc_ex.c.1.o)
                0x0800f998                HAL_ADC_ConvCpltCallback
 .text.NVM_Set_soc
                0x0800fb44       0x4c embedded-software\mcu-primary\src\module\libfoxbms-module.a(bkpsram_cfg.c.1.o)
                0x0800fb44                NVM_Set_soc
 .text.NVM_Get_soc
                0x0800fb90       0x48 embedded-software\mcu-primary\src\module\libfoxbms-module.a(bkpsram_cfg.c.1.o)
                0x0800fb90                NVM_Get_soc
 .text.NVM_Set_contactorcnt
                0x0800fbd8       0x68 embedded-software\mcu-primary\src\module\libfoxbms-module.a(bkpsram_cfg.c.1.o)
                0x0800fbd8                NVM_Set_contactorcnt
 .text.NVM_Get_contactorcnt
                0x0800fc40       0x64 embedded-software\mcu-primary\src\module\libfoxbms-module.a(bkpsram_cfg.c.1.o)
                0x0800fc40                NVM_Get_contactorcnt
 .text.NVM_OperatingHoursTrigger
                0x0800fca4       0xb8 embedded-software\mcu-primary\src\module\libfoxbms-module.a(bkpsram_cfg.c.1.o)
                0x0800fca4                NVM_OperatingHoursTrigger
 .text.NVM_SetOperatingHours
                0x0800fd5c       0x44 embedded-software\mcu-primary\src\module\libfoxbms-module.a(bkpsram_cfg.c.1.o)
                0x0800fd5c                NVM_SetOperatingHours
 .text.EEPR_delete_bkpsrambuffer
                0x0800fda0       0x40 embedded-software\mcu-primary\src\module\libfoxbms-module.a(eepr_cfg.c.1.o)
                0x0800fda0                EEPR_delete_bkpsrambuffer
 .text.EEPR_SetChDirtyFlag
                0x0800fde0       0x20 embedded-software\mcu-primary\src\module\libfoxbms-module.a(eepr_cfg.c.1.o)
                0x0800fde0                EEPR_SetChDirtyFlag
 .text.EEPR_RemoveChDirtyFlag
                0x0800fe00       0x20 embedded-software\mcu-primary\src\module\libfoxbms-module.a(eepr_cfg.c.1.o)
                0x0800fe00                EEPR_RemoveChDirtyFlag
 .text.SPI_ReceiveData
                0x0800fe20       0x54 embedded-software\mcu-primary\src\module\libfoxbms-module.a(eepr_cfg.c.1.o)
                0x0800fe20                SPI_ReceiveData
 .text.SPI_SendData
                0x0800fe74       0x5c embedded-software\mcu-primary\src\module\libfoxbms-module.a(eepr_cfg.c.1.o)
                0x0800fe74                SPI_SendData
 .text.EEPR_CalcChecksum
                0x0800fed0       0x3c embedded-software\mcu-primary\src\module\libfoxbms-module.a(eepr_cfg.c.1.o)
                0x0800fed0                EEPR_CalcChecksum
 .text.EEPR_SetDefaultValue
                0x0800ff0c      0x184 embedded-software\mcu-primary\src\module\libfoxbms-module.a(eepr_cfg.c.1.o)
                0x0800ff0c                EEPR_SetDefaultValue
 .text.EEPR_ReadChannelData
                0x08010090       0xa0 embedded-software\mcu-primary\src\module\libfoxbms-module.a(eepr_cfg.c.1.o)
                0x08010090                EEPR_ReadChannelData
 .text.EEPR_BackupChannelData2Eepr
                0x08010130       0xa4 embedded-software\mcu-primary\src\module\libfoxbms-module.a(eepr_cfg.c.1.o)
                0x08010130                EEPR_BackupChannelData2Eepr
 .text.EEPR_RefreshChannelData
                0x080101d4       0x9c embedded-software\mcu-primary\src\module\libfoxbms-module.a(eepr_cfg.c.1.o)
                0x080101d4                EEPR_RefreshChannelData
 .text.EEPR_FormatCheck
                0x08010270       0x44 embedded-software\mcu-primary\src\module\libfoxbms-module.a(eepr_cfg.c.1.o)
                0x08010270                EEPR_FormatCheck
 .text.EEPR_InitChannelData
                0x080102b4      0x1c8 embedded-software\mcu-primary\src\module\libfoxbms-module.a(eepr_cfg.c.1.o)
                0x080102b4                EEPR_InitChannelData
 .text.EEPR_Init
                0x0801047c       0x80 embedded-software\mcu-primary\src\module\libfoxbms-module.a(eepr_cfg.c.1.o)
                0x0801047c                EEPR_Init
 .text.EEPR_SetChannelData
                0x080104fc       0x84 embedded-software\mcu-primary\src\module\libfoxbms-module.a(eepr_cfg.c.1.o)
                0x080104fc                EEPR_SetChannelData
 .text.CONT_GetContactorSetValue
                0x08010580       0x30 embedded-software\mcu-primary\src\module\libfoxbms-module.a(contactor.c.1.o)
                0x08010580                CONT_GetContactorSetValue
 .text.CONT_GetContactorFeedback
                0x080105b0       0xf0 embedded-software\mcu-primary\src\module\libfoxbms-module.a(contactor.c.1.o)
                0x080105b0                CONT_GetContactorFeedback
 .text.CONT_SetContactorState
                0x080106a0      0x100 embedded-software\mcu-primary\src\module\libfoxbms-module.a(contactor.c.1.o)
                0x080106a0                CONT_SetContactorState
 .text.CONT_SwitchAllContactorsOff
                0x080107a0       0x64 embedded-software\mcu-primary\src\module\libfoxbms-module.a(contactor.c.1.o)
                0x080107a0                CONT_SwitchAllContactorsOff
 .text.CONT_CheckReEntrance
                0x08010804       0x3c embedded-software\mcu-primary\src\module\libfoxbms-module.a(contactor.c.1.o)
 .text.CONT_GetState
                0x08010840       0x18 embedded-software\mcu-primary\src\module\libfoxbms-module.a(contactor.c.1.o)
                0x08010840                CONT_GetState
 .text.CONT_TransferStateRequest
                0x08010858       0x2c embedded-software\mcu-primary\src\module\libfoxbms-module.a(contactor.c.1.o)
 .text.CONT_SetStateRequest
                0x08010884       0x3c embedded-software\mcu-primary\src\module\libfoxbms-module.a(contactor.c.1.o)
                0x08010884                CONT_SetStateRequest
 .text.CONT_CheckStateRequest
                0x080108c0       0x9c embedded-software\mcu-primary\src\module\libfoxbms-module.a(contactor.c.1.o)
 .text.CONT_Trigger
                0x0801095c      0x5c8 embedded-software\mcu-primary\src\module\libfoxbms-module.a(contactor.c.1.o)
                0x0801095c                CONT_Trigger
 .text.CONT_CheckFeedback
                0x08010f24      0x140 embedded-software\mcu-primary\src\module\libfoxbms-module.a(contactor.c.1.o)
 .text.CONT_CheckVoltages
                0x08011064      0x10c embedded-software\mcu-primary\src\module\libfoxbms-module.a(contactor.c.1.o)
 .text.EEPR_StartInitialization
                0x08011170       0x38 embedded-software\mcu-primary\src\module\libfoxbms-module.a(eepr.c.1.o)
                0x08011170                EEPR_StartInitialization
 .text.EEPR_GetChReadTime
                0x080111a8       0x7c embedded-software\mcu-primary\src\module\libfoxbms-module.a(eepr.c.1.o)
                0x080111a8                EEPR_GetChReadTime
 .text.EEPR_GetChWriteTime
                0x08011224       0x88 embedded-software\mcu-primary\src\module\libfoxbms-module.a(eepr.c.1.o)
                0x08011224                EEPR_GetChWriteTime
 .text.EEPR_ReadMemory
                0x080112ac       0x54 embedded-software\mcu-primary\src\module\libfoxbms-module.a(eepr.c.1.o)
                0x080112ac                EEPR_ReadMemory
 .text.EEPR_WriteMemory
                0x08011300       0x98 embedded-software\mcu-primary\src\module\libfoxbms-module.a(eepr.c.1.o)
                0x08011300                EEPR_WriteMemory
 .text.EEPR_GetState
                0x08011398       0x18 embedded-software\mcu-primary\src\module\libfoxbms-module.a(eepr.c.1.o)
                0x08011398                EEPR_GetState
 .text.EEPR_CheckStateRequest
                0x080113b0      0x124 embedded-software\mcu-primary\src\module\libfoxbms-module.a(eepr.c.1.o)
 .text.EEPR_SetStateRequest
                0x080114d4       0xa0 embedded-software\mcu-primary\src\module\libfoxbms-module.a(eepr.c.1.o)
                0x080114d4                EEPR_SetStateRequest
 .text.EEPR_TransferStateRequest
                0x08011574      0x1ec embedded-software\mcu-primary\src\module\libfoxbms-module.a(eepr.c.1.o)
 .text.EEPR_ClearErrorEvent
                0x08011760       0xa0 embedded-software\mcu-primary\src\module\libfoxbms-module.a(eepr.c.1.o)
                0x08011760                EEPR_ClearErrorEvent
 .text.EEPR_StateFailed
                0x08011800       0x24 embedded-software\mcu-primary\src\module\libfoxbms-module.a(eepr.c.1.o)
 .text.EEPR_ReEnterStateInit
                0x08011824       0x1c embedded-software\mcu-primary\src\module\libfoxbms-module.a(eepr.c.1.o)
 .text.EEPR_Trigger
                0x08011840      0x778 embedded-software\mcu-primary\src\module\libfoxbms-module.a(eepr.c.1.o)
                0x08011840                EEPR_Trigger
 .text.ISO_Init
                0x08011fb8       0x14 embedded-software\mcu-primary\src\module\libfoxbms-module.a(isoguard.c.1.o)
                0x08011fb8                ISO_Init
 .text.ISO_MeasureInsulation
                0x08011fcc       0x94 embedded-software\mcu-primary\src\module\libfoxbms-module.a(isoguard.c.1.o)
                0x08011fcc                ISO_MeasureInsulation
 .text.TIM_Init
                0x08012060       0x10 embedded-software\mcu-primary\src\module\libfoxbms-module.a(timer.c.1.o)
                0x08012060                TIM_Init
 .text.TIM_PWM_OUT_Init
                0x08012070      0x1a4 embedded-software\mcu-primary\src\module\libfoxbms-module.a(timer.c.1.o)
                0x08012070                TIM_PWM_OUT_Init
 *fill*         0x08012214        0x4 ff
 .text.TIM_PWM_IC_Init
                0x08012218      0x128 embedded-software\mcu-primary\src\module\libfoxbms-module.a(timer.c.1.o)
                0x08012218                TIM_PWM_IC_Init
 .text.TIM_IRQHandler
                0x08012340       0x1c embedded-software\mcu-primary\src\module\libfoxbms-module.a(timer.c.1.o)
                0x08012340                TIM_IRQHandler
 .text.TIM_IsoGuard_Start_PWM_Measurement
                0x0801235c       0x1c embedded-software\mcu-primary\src\module\libfoxbms-module.a(timer.c.1.o)
                0x0801235c                TIM_IsoGuard_Start_PWM_Measurement
 .text.TIM_GetDutycycle
                0x08012378       0x78 embedded-software\mcu-primary\src\module\libfoxbms-module.a(timer.c.1.o)
                0x08012378                TIM_GetDutycycle
 .text.IR155_Init
                0x080123f0       0x4c embedded-software\mcu-primary\src\module\libfoxbms-module.a(ir155.c.1.o)
                0x080123f0                IR155_Init
 .text.IR155_GetMode
                0x0801243c       0xc8 embedded-software\mcu-primary\src\module\libfoxbms-module.a(ir155.c.1.o)
 *fill*         0x08012504        0x4 ff
 .text.IR155_MeasureResistance
                0x08012508      0x5c4 embedded-software\mcu-primary\src\module\libfoxbms-module.a(ir155.c.1.o)
                0x08012508                IR155_MeasureResistance
 .text.ADC_Init
                0x08012acc       0xf4 embedded-software\mcu-common\src\module\libfoxbms-common-module.a(adc.c.1.o)
                0x08012acc                ADC_Init
 .text.ADC_Convert
                0x08012bc0       0x14 embedded-software\mcu-common\src\module\libfoxbms-common-module.a(adc.c.1.o)
                0x08012bc0                ADC_Convert
 .text.CAN_Init
                0x08012bd4       0xf0 embedded-software\mcu-common\src\module\libfoxbms-common-module.a(can.c.1.o)
                0x08012bd4                CAN_Init
 .text.CAN_InitFilter
                0x08012cc4      0x514 embedded-software\mcu-common\src\module\libfoxbms-common-module.a(can.c.1.o)
 .text.CAN_NumberOfNeededFilters
                0x080131d8      0x300 embedded-software\mcu-common\src\module\libfoxbms-common-module.a(can.c.1.o)
 .text.CAN_GetNextID
                0x080134d8      0x1ec embedded-software\mcu-common\src\module\libfoxbms-common-module.a(can.c.1.o)
 .text.CAN_TX_IRQHandler
                0x080136c4       0x60 embedded-software\mcu-common\src\module\libfoxbms-common-module.a(can.c.1.o)
                0x080136c4                CAN_TX_IRQHandler
 .text.CAN_RX_IRQHandler
                0x08013724       0x68 embedded-software\mcu-common\src\module\libfoxbms-common-module.a(can.c.1.o)
                0x08013724                CAN_RX_IRQHandler
 .text.CAN_Error_IRQHandler
                0x0801378c      0x2b0 embedded-software\mcu-common\src\module\libfoxbms-common-module.a(can.c.1.o)
                0x0801378c                CAN_Error_IRQHandler
 .text.CAN_Disable_Transmit_IT
                0x08013a3c       0x64 embedded-software\mcu-common\src\module\libfoxbms-common-module.a(can.c.1.o)
 .text.CAN_TxCpltCallback
                0x08013aa0       0x7c embedded-software\mcu-common\src\module\libfoxbms-common-module.a(can.c.1.o)
 .text.CAN_ErrorCallback
                0x08013b1c       0x14 embedded-software\mcu-common\src\module\libfoxbms-common-module.a(can.c.1.o)
 .text.CAN_TxMsg
                0x08013b30       0xec embedded-software\mcu-common\src\module\libfoxbms-common-module.a(can.c.1.o)
                0x08013b30                CAN_TxMsg
 .text.CAN_Send
                0x08013c1c      0x1dc embedded-software\mcu-common\src\module\libfoxbms-common-module.a(can.c.1.o)
                0x08013c1c                CAN_Send
 .text.CAN_TxMsgBuffer
                0x08013df8       0xfc embedded-software\mcu-common\src\module\libfoxbms-common-module.a(can.c.1.o)
                0x08013df8                CAN_TxMsgBuffer
 .text.CAN_RxMsg
                0x08013ef4      0x5e0 embedded-software\mcu-common\src\module\libfoxbms-common-module.a(can.c.1.o)
 .text.CAN_ReceiveBuffer
                0x080144d4       0xf8 embedded-software\mcu-common\src\module\libfoxbms-common-module.a(can.c.1.o)
                0x080144d4                CAN_ReceiveBuffer
 .text.CAN_BufferBypass
                0x080145cc      0x54c embedded-software\mcu-common\src\module\libfoxbms-common-module.a(can.c.1.o)
 .text.CAN_InterpretReceivedMsg
                0x08014b18       0x28 embedded-software\mcu-common\src\module\libfoxbms-common-module.a(can.c.1.o)
 .text.CANS_MainFunction
                0x08014b40       0x28 embedded-software\mcu-common\src\module\libfoxbms-common-module.a(cansignal.c.1.o)
                0x08014b40                CANS_MainFunction
 .text.CANS_PeriodicTransmit
                0x08014b68      0x278 embedded-software\mcu-common\src\module\libfoxbms-common-module.a(cansignal.c.1.o)
 .text.CANS_PeriodicReceive
                0x08014de0       0xfc embedded-software\mcu-common\src\module\libfoxbms-common-module.a(cansignal.c.1.o)
 .text.CANS_GetBitmask
                0x08014edc       0x68 embedded-software\mcu-common\src\module\libfoxbms-common-module.a(cansignal.c.1.o)
 .text.CANS_GetSignalData
                0x08014f44       0xf0 embedded-software\mcu-common\src\module\libfoxbms-common-module.a(cansignal.c.1.o)
 .text.CANS_SetSignalData
                0x08015034       0xcc embedded-software\mcu-common\src\module\libfoxbms-common-module.a(cansignal.c.1.o)
 .text.CANS_ComposeMessage
                0x08015100       0xe8 embedded-software\mcu-common\src\module\libfoxbms-common-module.a(cansignal.c.1.o)
 .text.CANS_ParseMessage
                0x080151e8      0x174 embedded-software\mcu-common\src\module\libfoxbms-common-module.a(cansignal.c.1.o)
 .text.CANS_CheckCanTiming
                0x0801535c      0x114 embedded-software\mcu-common\src\module\libfoxbms-common-module.a(cansignal.c.1.o)
 .text.CANS_Enable_Periodic
                0x08015470       0x38 embedded-software\mcu-common\src\module\libfoxbms-common-module.a(cansignal.c.1.o)
                0x08015470                CANS_Enable_Periodic
 .text.CANS_SetCurrentSensorPresent
                0x080154a8       0x38 embedded-software\mcu-common\src\module\libfoxbms-common-module.a(cansignal.c.1.o)
 .text.CANS_SetCurrentSensorCCPresent
                0x080154e0       0x38 embedded-software\mcu-common\src\module\libfoxbms-common-module.a(cansignal.c.1.o)
 .text.CANS_IsCurrentSensorPresent
                0x08015518       0x24 embedded-software\mcu-common\src\module\libfoxbms-common-module.a(cansignal.c.1.o)
                0x08015518                CANS_IsCurrentSensorPresent
 .text.CANS_IsCurrentSensorCCPresent
                0x0801553c       0x24 embedded-software\mcu-common\src\module\libfoxbms-common-module.a(cansignal.c.1.o)
                0x0801553c                CANS_IsCurrentSensorCCPresent
 .text.CHK_Flashchecksum
                0x08015560       0x4c embedded-software\mcu-common\src\module\libfoxbms-common-module.a(chksum.c.1.o)
                0x08015560                CHK_Flashchecksum
 .text.CHK_crc32
                0x080155ac       0x90 embedded-software\mcu-common\src\module\libfoxbms-common-module.a(chksum.c.1.o)
                0x080155ac                CHK_crc32
 .text.DMA_Init
                0x0801563c      0x248 embedded-software\mcu-common\src\module\libfoxbms-common-module.a(dma.c.1.o)
                0x0801563c                DMA_Init
 .text.ILCK_GetInterlockSetValue
                0x08015884       0x28 embedded-software\mcu-common\src\module\libfoxbms-common-module.a(interlock.c.1.o)
                0x08015884                ILCK_GetInterlockSetValue
 .text.ILCK_GetInterlockFeedback
                0x080158ac       0x54 embedded-software\mcu-common\src\module\libfoxbms-common-module.a(interlock.c.1.o)
                0x080158ac                ILCK_GetInterlockFeedback
 .text.ILCK_SetInterlockState