Archive member included because of file (symbol)

embedded-software\mcu-freertos\libfoxbms-os.a(cmsis_os.c.1.o)
                              embedded-software\mcu-primary\src\general\main.c.1.o (osKernelStart)
embedded-software\mcu-freertos\libfoxbms-os.a(port.c.1.o)
                              embedded-software\mcu-freertos\libfoxbms-os.a(cmsis_os.c.1.o) (vPortEnterCritical)
embedded-software\mcu-freertos\libfoxbms-os.a(heap_4.c.1.o)
                              embedded-software\mcu-freertos\libfoxbms-os.a(cmsis_os.c.1.o) (pvPortMalloc)
embedded-software\mcu-freertos\libfoxbms-os.a(queue.c.1.o)
                              embedded-software\mcu-freertos\libfoxbms-os.a(cmsis_os.c.1.o) (xQueueGenericCreate)
embedded-software\mcu-freertos\libfoxbms-os.a(tasks.c.1.o)
                              embedded-software\mcu-freertos\libfoxbms-os.a(port.c.1.o) (pxCurrentTCB)
embedded-software\mcu-freertos\libfoxbms-os.a(timers.c.1.o)
                              embedded-software\mcu-freertos\libfoxbms-os.a(tasks.c.1.o) (xTimerCreateTimerTask)
embedded-software\mcu-freertos\libfoxbms-os.a(os.c.1.o)
                              embedded-software\mcu-primary\src\general\main.c.1.o (os_boot)
embedded-software\mcu-freertos\libfoxbms-os.a(list.c.1.o)
                              embedded-software\mcu-freertos\libfoxbms-os.a(queue.c.1.o) (vListInitialise)
embedded-software\mcu-primary\src\application\libfoxbms-application.a(com.c.1.o)
                              embedded-software\mcu-primary\src\general\main.c.1.o (COM_StartupInfo)
embedded-software\mcu-primary\src\application\libfoxbms-application.a(sox.c.1.o)
                              embedded-software\mcu-primary\src\application\libfoxbms-application.a(com.c.1.o) (SOC_SetValue)
embedded-software\mcu-primary\src\application\libfoxbms-application.a(appltask.c.1.o)
                              embedded-software\mcu-freertos\libfoxbms-os.a(os.c.1.o) (APPL_CreateMutex)
embedded-software\mcu-primary\src\application\libfoxbms-application.a(appltask_cfg.c.1.o)
                              embedded-software\mcu-primary\src\application\libfoxbms-application.a(appltask.c.1.o) (appl_tskdef_1ms)
embedded-software\mcu-primary\src\application\libfoxbms-application.a(sox_cfg.c.1.o)
                              embedded-software\mcu-primary\src\application\libfoxbms-application.a(sox.c.1.o) (sox_sof_config)
embedded-software\mcu-primary\src\application\libfoxbms-application.a(bal.c.1.o)
                              embedded-software\mcu-primary\src\application\libfoxbms-application.a(appltask_cfg.c.1.o) (BAL_Trigger)
embedded-software\mcu-primary\src\application\libfoxbms-application.a(bms.c.1.o)
                              embedded-software\mcu-primary\src\application\libfoxbms-application.a(appltask_cfg.c.1.o) (BMS_Trigger)
embedded-software\mcu-common\src\engine\libfoxbms-common-engine.a(database.c.1.o)
                              embedded-software\mcu-primary\src\application\libfoxbms-application.a(sox.c.1.o) (DATA_StoreDataBlock)
embedded-software\mcu-primary\src\engine\libfoxbms-engine.a(database_cfg.c.1.o)
                              embedded-software\mcu-common\src\engine\libfoxbms-common-engine.a(database.c.1.o) (data_base_dev)
embedded-software\mcu-primary\src\engine\libfoxbms-engine.a(diag_cfg.c.1.o)
                              embedded-software\mcu-primary\src\general\main.c.1.o (diag_dev)
embedded-software\mcu-primary\src\engine\libfoxbms-engine.a(enginetask_cfg.c.1.o)
                              embedded-software\mcu-freertos\libfoxbms-os.a(os.c.1.o) (eng_tskdef_cyclic_1ms)
embedded-software\mcu-primary\src\engine\libfoxbms-engine.a(diag.c.1.o)
                              embedded-software\mcu-primary\src\general\config\STM32F4xx\stm32f4xx_it.c.1.o (diag_fc)
embedded-software\mcu-primary\src\engine\libfoxbms-engine.a(enginetask.c.1.o)
                              embedded-software\mcu-freertos\libfoxbms-os.a(os.c.1.o) (ENG_Init)
embedded-software\mcu-primary\src\engine\libfoxbms-engine.a(sys.c.1.o)
                              embedded-software\mcu-primary\src\engine\libfoxbms-engine.a(enginetask.c.1.o) (SYS_SetStateRequest)
embedded-software\mcu-primary\src\module\libfoxbms-module.a(adc_ex.c.1.o)
                              embedded-software\mcu-primary\src\engine\libfoxbms-engine.a(enginetask.c.1.o) (ADC_Ctrl)
embedded-software\mcu-primary\src\module\libfoxbms-module.a(adc_cfg.c.1.o)
                              embedded-software\mcu-primary\src\general\config\STM32F4xx\stm32f4xx_it.c.1.o (adc_devices)
embedded-software\mcu-primary\src\module\libfoxbms-module.a(bkpsram_cfg.c.1.o)
                              embedded-software\mcu-primary\src\application\libfoxbms-application.a(com.c.1.o) (bkpsram_operating_hours)
embedded-software\mcu-primary\src\module\libfoxbms-module.a(eepr_cfg.c.1.o)
                              embedded-software\mcu-primary\src\module\libfoxbms-module.a(bkpsram_cfg.c.1.o) (EEPR_SetChDirtyFlag)
[...]
Memory Configuration

Name             Origin             Length             Attributes
RESERVED         0x08000000         0x00008000         xr
FLASH            0x08000000         0x000f7f00         xr
FLASH_HEADER     0x080fff00         0x00000100         xr
FLASH_2          0x08100000         0x00100000         xr
RAM              0x20000000         0x00030000         xrw
CCMRAM           0x10000000         0x00010000         rw
BKP_RAM          0x40024000         0x00001000         rw
EXT_SDRAM        0xd0000000         0x00800000         xrw
*default*        0x00000000         0xffffffff

Linker script and memory map

LOAD c:/foxconda/library/bin/../lib/gcc/arm-none-eabi/4.9.3/armv7e-m/softfp/crti.o
LOAD c:/foxconda/library/bin/../lib/gcc/arm-none-eabi/4.9.3/armv7e-m/softfp/crtbegin.o
LOAD c:/foxconda/library/bin/../lib/gcc/arm-none-eabi/4.9.3/../../../../arm-none-eabi/lib/armv7e-m/softfp/crt0.o
LOAD embedded-software\mcu-primary\src\general\config\nvic_cfg.c.1.o
LOAD embedded-software\mcu-primary\src\general\config\STM32F4xx\stm32f4xx_hal_msp.c.1.o
LOAD embedded-software\mcu-primary\src\general\config\STM32F4xx\stm32f4xx_it.c.1.o
LOAD embedded-software\mcu-primary\src\general\config\STM32F4xx\system_stm32f4xx.c.1.o
LOAD embedded-software\mcu-primary\src\general\main.c.1.o
LOAD embedded-software\mcu-primary\src\general\nvic.c.1.o
LOAD embedded-software\mcu-primary\src\general\version.c.1.o
LOAD embedded-software\mcu-primary\src\general\config\batterysystem_cfg.c.1.o
LOAD embedded-software\mcu-primary\src\general\config\STM32F4xx\startup_stm32f429xx.o
LOAD embedded-software\mcu-freertos\libfoxbms-os.a
LOAD embedded-software\mcu-primary\src\application\libfoxbms-application.a
LOAD embedded-software\mcu-common\src\engine\libfoxbms-common-engine.a
LOAD embedded-software\mcu-primary\src\engine\libfoxbms-engine.a
LOAD embedded-software\mcu-primary\src\module\libfoxbms-module.a
LOAD embedded-software\mcu-common\src\module\libfoxbms-common-module.a
LOAD embedded-software\mcu-hal\STM32F4xx_HAL_Driver\libfoxbms-stmhal.a
LOAD c:/foxconda/library/bin/../lib/gcc/arm-none-eabi/4.9.3/../../../../arm-none-eabi/lib/armv7e-m/softfp\libstdc++_nano.a
LOAD c:/foxconda/library/bin/../lib/gcc/arm-none-eabi/4.9.3/../../../../arm-none-eabi/lib/armv7e-m/softfp\libm.a
START GROUP
LOAD c:/foxconda/library/bin/../lib/gcc/arm-none-eabi/4.9.3/armv7e-m/softfp\libgcc.a
LOAD c:/foxconda/library/bin/../lib/gcc/arm-none-eabi/4.9.3/../../../../arm-none-eabi/lib/armv7e-m/softfp\libc_nano.a
END GROUP
START GROUP
LOAD c:/foxconda/library/bin/../lib/gcc/arm-none-eabi/4.9.3/armv7e-m/softfp\libgcc.a
LOAD c:/foxconda/library/bin/../lib/gcc/arm-none-eabi/4.9.3/../../../../arm-none-eabi/lib/armv7e-m/softfp\libc_nano.a
LOAD c:/foxconda/library/bin/../lib/gcc/arm-none-eabi/4.9.3/../../../../arm-none-eabi/lib/armv7e-m/softfp\libnosys.a
END GROUP
START GROUP
LOAD c:/foxconda/library/bin/../lib/gcc/arm-none-eabi/4.9.3/armv7e-m/softfp\libgcc.a
LOAD c:/foxconda/library/bin/../lib/gcc/arm-none-eabi/4.9.3/../../../../arm-none-eabi/lib/armv7e-m/softfp\libc_nano.a
LOAD c:/foxconda/library/bin/../lib/gcc/arm-none-eabi/4.9.3/../../../../arm-none-eabi/lib/armv7e-m/softfp\libnosys.a
END GROUP
LOAD c:/foxconda/library/bin/../lib/gcc/arm-none-eabi/4.9.3/armv7e-m/softfp/crtend.o
LOAD c:/foxconda/library/bin/../lib/gcc/arm-none-eabi/4.9.3/armv7e-m/softfp/crtn.o
                0x2002ffff                _estack = 0x2002ffff
                0x00000200                _Min_Heap_Size = 0x200
                0x00000400                _Min_Stack_Size = 0x400

.flashheader    0x080fff00      0x100
                0x080fff00                . = ALIGN (0x4)
 *(.FLASH_HEADERSection*)
 .FLASH_HEADERSection
                0x080fff00      0x100 embedded-software\mcu-primary\src\general\version.c.1.o
                0x080fff00                ver_sw_validation
                0x08100000                . = ALIGN (0x4)

.isr_vector     0x08000000      0x1b0
                0x08000000                . = ALIGN (0x4)
 *(.isr_vector)
 .isr_vector    0x08000000      0x1ac embedded-software\mcu-primary\src\general\config\STM32F4xx\startup_stm32f429xx.o
                0x08000000                g_pfnVectors
                0x080001b0                . = ALIGN (0x10)
 *fill*         0x080001ac        0x4 ff
                0x080f8000                _foxBMS_FLASH_end = ((ORIGIN (FLASH) + 0xf7f00) + 0x100)
                0x08200000                _foxBMS_FLASH_2_end = (ORIGIN (FLASH_2) + 0x100000)
                0x08000000                _sflash1 = ORIGIN (FLASH)
                0x08000004                _jumpadressvectable = (ORIGIN (FLASH) + 0x4)

.text           0x080001b0    0x21270
                0x080001b0                . = ALIGN (0x10)
 *arm-none-eabi*(.text*)
 .text          0x080001b0       0x5c c:/foxconda/library/bin/../lib/gcc/arm-none-eabi/4.9.3/armv7e-m/softfp/crtbegin.o
 *libgcc.a:(.text*)
 .text          0x0800020c      0x370 c:/foxconda/library/bin/../lib/gcc/arm-none-eabi/4.9.3/armv7e-m/softfp\libgcc.a(_arm_addsubdf3.o)
                0x0800020c                __aeabi_drsub
                0x08000214                __aeabi_dsub
                0x08000214                __subdf3
                0x08000218                __aeabi_dadd
                0x08000218                __adddf3
                0x08000490                __floatunsidf
                0x08000490                __aeabi_ui2d
                0x080004b0                __floatsidf
                0x080004b0                __aeabi_i2d
                0x080004d4                __aeabi_f2d
                0x080004d4                __extendsfdf2
                0x08000510                __floatundidf
                0x08000510                __aeabi_ul2d
                0x08000520                __floatdidf
                0x08000520                __aeabi_l2d
 .text          0x0800057c      0x424 c:/foxconda/library/bin/../lib/gcc/arm-none-eabi/4.9.3/armv7e-m/softfp\libgcc.a(_arm_muldivdf3.o)
                0x0800057c                __aeabi_dmul
                0x0800057c                __muldf3
                0x080007d0                __divdf3
                0x080007d0                __aeabi_ddiv
 .text          0x080009a0       0x40 c:/foxconda/library/bin/../lib/gcc/arm-none-eabi/4.9.3/armv7e-m/softfp\libgcc.a(_arm_fixunsdfsi.o)
                0x080009a0                __aeabi_d2uiz
                0x080009a0                __fixunsdfsi
 .text          0x080009e0       0xa0 c:/foxconda/library/bin/../lib/gcc/arm-none-eabi/4.9.3/armv7e-m/softfp\libgcc.a(_arm_truncdfsf2.o)
                0x080009e0                __truncdfsf2
                0x080009e0                __aeabi_d2f
 .text          0x08000a80      0x21c c:/foxconda/library/bin/../lib/gcc/arm-none-eabi/4.9.3/armv7e-m/softfp\libgcc.a(_arm_addsubsf3.o)
                0x08000a80                __aeabi_frsub
                0x08000a88                __subsf3
                0x08000a88                __aeabi_fsub
                0x08000a8c                __aeabi_fadd
                0x08000a8c                __addsf3
                0x08000bec                __aeabi_ui2f
                0x08000bec                __floatunsisf
                0x08000bf4                __aeabi_i2f
                0x08000bf4                __floatsisf
                0x08000c10                __aeabi_ul2f
                0x08000c10                __floatundisf
                0x08000c20                __aeabi_l2f
                0x08000c20                __floatdisf
 *libc*.a:(.text*)
 .text.__libc_init_array
                0x08000c9c       0x4c c:/foxconda/library/bin/../lib/gcc/arm-none-eabi/4.9.3/../../../../arm-none-eabi/lib/armv7e-m/softfp\libc_nano.a(lib_a-init.o)
                0x08000c9c                __libc_init_array
 .text.memcpy   0x08000ce8       0x16 c:/foxconda/library/bin/../lib/gcc/arm-none-eabi/4.9.3/../../../../arm-none-eabi/lib/armv7e-m/softfp\libc_nano.a(lib_a-memcpy.o)
                0x08000ce8                memcpy
 .text.memset   0x08000cfe       0x10 c:/foxconda/library/bin/../lib/gcc/arm-none-eabi/4.9.3/../../../../arm-none-eabi/lib/armv7e-m/softfp\libc_nano.a(lib_a-memset.o)
                0x08000cfe                memset
 *fill*         0x08000d0e        0x2 ff
 .text.sprintf  0x08000d10       0x48 c:/foxconda/library/bin/../lib/gcc/arm-none-eabi/4.9.3/../../../../arm-none-eabi/lib/armv7e-m/softfp\libc_nano.a(lib_a-sprintf.o)
                0x08000d10                siprintf
                0x08000d10                sprintf
 .text          0x08000d58       0x14 c:/foxconda/library/bin/../lib/gcc/arm-none-eabi/4.9.3/../../../../arm-none-eabi/lib/armv7e-m/softfp\libc_nano.a(lib_a-strcmp.o)
                0x08000d58                strcmp
 .text.strtok   0x08000d6c       0x64 c:/foxconda/library/bin/../lib/gcc/arm-none-eabi/4.9.3/../../../../arm-none-eabi/lib/armv7e-m/softfp\libc_nano.a(lib_a-strtok.o)
                0x08000d6c                strtok
 .text.__strtok_r
                0x08000dd0       0x56 c:/foxconda/library/bin/../lib/gcc/arm-none-eabi/4.9.3/../../../../arm-none-eabi/lib/armv7e-m/softfp\libc_nano.a(lib_a-strtok_r.o)
                0x08000dd0                __strtok_r
 *fill*         0x08000e26        0x2 ff
 .text.malloc   0x08000e28       0x10 c:/foxconda/library/bin/../lib/gcc/arm-none-eabi/4.9.3/../../../../arm-none-eabi/lib/armv7e-m/softfp\libc_nano.a(lib_a-malloc.o)
                0x08000e28                malloc
 .text._free_r  0x08000e38       0x88 c:/foxconda/library/bin/../lib/gcc/arm-none-eabi/4.9.3/../../../../arm-none-eabi/lib/armv7e-m/softfp\libc_nano.a(lib_a-nano-freer.o)
                0x08000e38                _free_r
 .text._malloc_r
                0x08000ec0       0xac c:/foxconda/library/bin/../lib/gcc/arm-none-eabi/4.9.3/../../../../arm-none-eabi/lib/armv7e-m/softfp\libc_nano.a(lib_a-nano-mallocr.o)
                0x08000ec0                _malloc_r
 .text.__ssputs_r
                0x08000f6c       0xb2 c:/foxconda/library/bin/../lib/gcc/arm-none-eabi/4.9.3/../../../../arm-none-eabi/lib/armv7e-m/softfp\libc_nano.a(lib_a-nano-svfprintf.o)
                0x08000f6c                __ssputs_r
 *fill*         0x0800101e        0x2 ff
 .text._svfprintf_r
                0x08001020      0x1e4 c:/foxconda/library/bin/../lib/gcc/arm-none-eabi/4.9.3/../../../../arm-none-eabi/lib/armv7e-m/softfp\libc_nano.a(lib_a-nano-svfprintf.o)
                0x08001020                _svfiprintf_r
                0x08001020                _svfprintf_r
 .text._printf_common
                0x08001204       0xea c:/foxconda/library/bin/../lib/gcc/arm-none-eabi/4.9.3/../../../../arm-none-eabi/lib/armv7e-m/softfp\libc_nano.a(lib_a-nano-vfprintf_i.o)
                0x08001204                _printf_common
 *fill*         0x080012ee        0x2 ff
 .text._printf_i
                0x080012f0      0x240 c:/foxconda/library/bin/../lib/gcc/arm-none-eabi/4.9.3/../../../../arm-none-eabi/lib/armv7e-m/softfp\libc_nano.a(lib_a-nano-vfprintf_i.o)
                0x080012f0                _printf_i
 .text._sbrk_r  0x08001530       0x20 c:/foxconda/library/bin/../lib/gcc/arm-none-eabi/4.9.3/../../../../arm-none-eabi/lib/armv7e-m/softfp\libc_nano.a(lib_a-sbrkr.o)
                0x08001530                _sbrk_r
 .text.memchr   0x08001550       0x1e c:/foxconda/library/bin/../lib/gcc/arm-none-eabi/4.9.3/../../../../arm-none-eabi/lib/armv7e-m/softfp\libc_nano.a(lib_a-memchr.o)
                0x08001550                memchr
 .text.memmove  0x0800156e       0x36 c:/foxconda/library/bin/../lib/gcc/arm-none-eabi/4.9.3/../../../../arm-none-eabi/lib/armv7e-m/softfp\libc_nano.a(lib_a-memmove.o)
                0x0800156e                memmove
 .text._realloc_r
                0x080015a4       0x4c c:/foxconda/library/bin/../lib/gcc/arm-none-eabi/4.9.3/../../../../arm-none-eabi/lib/armv7e-m/softfp\libc_nano.a(lib_a-nano-reallocr.o)
                0x080015a4                _realloc_r
 .text._malloc_usable_size_r
                0x080015f0       0x14 c:/foxconda/library/bin/../lib/gcc/arm-none-eabi/4.9.3/../../../../arm-none-eabi/lib/armv7e-m/softfp\libc_nano.a(lib_a-nano-msizer.o)
                0x080015f0                _malloc_usable_size_r
 *libg*.a:(.text*)
 *limc*.a:(.text*)
 *src/hal/*HAL_Driver*(.text*)
 *libHAL.a:(.text*)
 *hal.a:(.text*)
 .text.HAL_Init
                0x08001604       0x44 embedded-software\mcu-hal\STM32F4xx_HAL_Driver\libfoxbms-stmhal.a(stm32f4xx_hal.c.1.o)
                0x08001604                HAL_Init
 .text.HAL_InitTick
                0x08001648       0x38 embedded-software\mcu-hal\STM32F4xx_HAL_Driver\libfoxbms-stmhal.a(stm32f4xx_hal.c.1.o)
                0x08001648                HAL_InitTick
 .text.HAL_IncTick
                0x08001680       0x1c embedded-software\mcu-hal\STM32F4xx_HAL_Driver\libfoxbms-stmhal.a(stm32f4xx_hal.c.1.o)
                0x08001680                HAL_IncTick
 .text.HAL_GetTick
                0x0800169c       0x18 embedded-software\mcu-hal\STM32F4xx_HAL_Driver\libfoxbms-stmhal.a(stm32f4xx_hal.c.1.o)
                0x0800169c                HAL_GetTick
 .text.HAL_Delay
                0x080016b4       0x2c embedded-software\mcu-hal\STM32F4xx_HAL_Driver\libfoxbms-stmhal.a(stm32f4xx_hal.c.1.o)
                0x080016b4                HAL_Delay
 .text.HAL_ADC_Init
                0x080016e0      0x2d0 embedded-software\mcu-hal\STM32F4xx_HAL_Driver\libfoxbms-stmhal.a(stm32f4xx_hal_adc.c.1.o)
                0x080016e0                HAL_ADC_Init
 .text.HAL_ADC_MspInit
                0x080019b0       0x14 embedded-software\mcu-hal\STM32F4xx_HAL_Driver\libfoxbms-stmhal.a(stm32f4xx_hal_adc.c.1.o)
                0x080019b0                HAL_ADC_MspInit
 .text.HAL_ADC_Start_IT
                0x080019c4      0x1a4 embedded-software\mcu-hal\STM32F4xx_HAL_Driver\libfoxbms-stmhal.a(stm32f4xx_hal_adc.c.1.o)
                0x080019c4                HAL_ADC_Start_IT
 .text.HAL_ADC_Stop_IT
                0x08001b68       0xb0 embedded-software\mcu-hal\STM32F4xx_HAL_Driver\libfoxbms-stmhal.a(stm32f4xx_hal_adc.c.1.o)
                0x08001b68                HAL_ADC_Stop_IT
 .text.HAL_ADC_IRQHandler
                0x08001c18      0x2dc embedded-software\mcu-hal\STM32F4xx_HAL_Driver\libfoxbms-stmhal.a(stm32f4xx_hal_adc.c.1.o)
                0x08001c18                HAL_ADC_IRQHandler
 .text.HAL_ADC_GetValue
                0x08001ef4       0x1c embedded-software\mcu-hal\STM32F4xx_HAL_Driver\libfoxbms-stmhal.a(stm32f4xx_hal_adc.c.1.o)
                0x08001ef4                HAL_ADC_GetValue
 .text.HAL_ADC_LevelOutOfWindowCallback
                0x08001f10       0x14 embedded-software\mcu-hal\STM32F4xx_HAL_Driver\libfoxbms-stmhal.a(stm32f4xx_hal_adc.c.1.o)
                0x08001f10                HAL_ADC_LevelOutOfWindowCallback
 .text.HAL_ADC_ErrorCallback
                0x08001f24       0x14 embedded-software\mcu-hal\STM32F4xx_HAL_Driver\libfoxbms-stmhal.a(stm32f4xx_hal_adc.c.1.o)
                0x08001f24                HAL_ADC_ErrorCallback
 .text.HAL_ADC_ConfigChannel
                0x08001f38      0x2d0 embedded-software\mcu-hal\STM32F4xx_HAL_Driver\libfoxbms-stmhal.a(stm32f4xx_hal_adc.c.1.o)
                0x08001f38                HAL_ADC_ConfigChannel
 .text.ADC_Init
                0x08002208      0x21c embedded-software\mcu-hal\STM32F4xx_HAL_Driver\libfoxbms-stmhal.a(stm32f4xx_hal_adc.c.1.o)
 .text.HAL_ADCEx_InjectedConvCpltCallback
                0x08002424       0x14 embedded-software\mcu-hal\STM32F4xx_HAL_Driver\libfoxbms-stmhal.a(stm32f4xx_hal_adc_ex.c.1.o)
                0x08002424                HAL_ADCEx_InjectedConvCpltCallback
 .text.HAL_CAN_Init
                0x08002438      0x3a8 embedded-software\mcu-hal\STM32F4xx_HAL_Driver\libfoxbms-stmhal.a(stm32f4xx_hal_can.c.1.o)
                0x08002438                HAL_CAN_Init
 .text.HAL_CAN_ConfigFilter
                0x080027e0      0x224 embedded-software\mcu-hal\STM32F4xx_HAL_Driver\libfoxbms-stmhal.a(stm32f4xx_hal_can.c.1.o)
                0x080027e0                HAL_CAN_ConfigFilter
 .text.HAL_CAN_DeInit
                0x08002a04       0x64 embedded-software\mcu-hal\STM32F4xx_HAL_Driver\libfoxbms-stmhal.a(stm32f4xx_hal_can.c.1.o)
                0x08002a04                HAL_CAN_DeInit
 .text.HAL_CAN_Transmit_IT
                0x08002a68      0x308 embedded-software\mcu-hal\STM32F4xx_HAL_Driver\libfoxbms-stmhal.a(stm32f4xx_hal_can.c.1.o)
                0x08002a68                HAL_CAN_Transmit_IT
 .text.HAL_CAN_Receive_IT
                0x08002d70      0x10c embedded-software\mcu-hal\STM32F4xx_HAL_Driver\libfoxbms-stmhal.a(stm32f4xx_hal_can.c.1.o)
                0x08002d70                HAL_CAN_Receive_IT
 .text.NVIC_SetPriorityGrouping
                0x08002e7c       0x48 embedded-software\mcu-hal\STM32F4xx_HAL_Driver\libfoxbms-stmhal.a(stm32f4xx_hal_cortex.c.1.o)
 .text.NVIC_GetPriorityGrouping
                0x08002ec4       0x1c embedded-software\mcu-hal\STM32F4xx_HAL_Driver\libfoxbms-stmhal.a(stm32f4xx_hal_cortex.c.1.o)
 .text.NVIC_EnableIRQ
                0x08002ee0       0x30 embedded-software\mcu-hal\STM32F4xx_HAL_Driver\libfoxbms-stmhal.a(stm32f4xx_hal_cortex.c.1.o)
 .text.NVIC_ClearPendingIRQ
                0x08002f10       0x34 embedded-software\mcu-hal\STM32F4xx_HAL_Driver\libfoxbms-stmhal.a(stm32f4xx_hal_cortex.c.1.o)
 .text.NVIC_SetPriority
                0x08002f44       0x54 embedded-software\mcu-hal\STM32F4xx_HAL_Driver\libfoxbms-stmhal.a(stm32f4xx_hal_cortex.c.1.o)
 .text.NVIC_EncodePriority
                0x08002f98       0x64 embedded-software\mcu-hal\STM32F4xx_HAL_Driver\libfoxbms-stmhal.a(stm32f4xx_hal_cortex.c.1.o)
 .text.NVIC_SystemReset
                0x08002ffc       0x28 embedded-software\mcu-hal\STM32F4xx_HAL_Driver\libfoxbms-stmhal.a(stm32f4xx_hal_cortex.c.1.o)
 .text.SysTick_Config
                0x08003024       0x44 embedded-software\mcu-hal\STM32F4xx_HAL_Driver\libfoxbms-stmhal.a(stm32f4xx_hal_cortex.c.1.o)
 .text.HAL_NVIC_SetPriorityGrouping
                0x08003068       0x40 embedded-software\mcu-hal\STM32F4xx_HAL_Driver\libfoxbms-stmhal.a(stm32f4xx_hal_cortex.c.1.o)
                0x08003068                HAL_NVIC_SetPriorityGrouping
 .text.HAL_NVIC_SetPriority
                0x080030a8       0x58 embedded-software\mcu-hal\STM32F4xx_HAL_Driver\libfoxbms-stmhal.a(stm32f4xx_hal_cortex.c.1.o)
                0x080030a8                HAL_NVIC_SetPriority
 .text.HAL_NVIC_EnableIRQ
                0x08003100       0x30 embedded-software\mcu-hal\STM32F4xx_HAL_Driver\libfoxbms-stmhal.a(stm32f4xx_hal_cortex.c.1.o)
                0x08003100                HAL_NVIC_EnableIRQ
 .text.HAL_NVIC_SystemReset
                0x08003130        0xc embedded-software\mcu-hal\STM32F4xx_HAL_Driver\libfoxbms-stmhal.a(stm32f4xx_hal_cortex.c.1.o)
                0x08003130                HAL_NVIC_SystemReset
 .text.HAL_SYSTICK_Config
                0x0800313c       0x18 embedded-software\mcu-hal\STM32F4xx_HAL_Driver\libfoxbms-stmhal.a(stm32f4xx_hal_cortex.c.1.o)
                0x0800313c                HAL_SYSTICK_Config
 .text.HAL_NVIC_ClearPendingIRQ
                0x08003154       0x30 embedded-software\mcu-hal\STM32F4xx_HAL_Driver\libfoxbms-stmhal.a(stm32f4xx_hal_cortex.c.1.o)
                0x08003154                HAL_NVIC_ClearPendingIRQ
 .text.HAL_DMA_Init
                0x08003184      0x434 embedded-software\mcu-hal\STM32F4xx_HAL_Driver\libfoxbms-stmhal.a(stm32f4xx_hal_dma.c.1.o)
                0x08003184                HAL_DMA_Init
 .text.HAL_DMA_Start_IT
                0x080035b8       0xe0 embedded-software\mcu-hal\STM32F4xx_HAL_Driver\libfoxbms-stmhal.a(stm32f4xx_hal_dma.c.1.o)
                0x080035b8                HAL_DMA_Start_IT
 .text.HAL_DMA_Abort_IT
                0x08003698       0x44 embedded-software\mcu-hal\STM32F4xx_HAL_Driver\libfoxbms-stmhal.a(stm32f4xx_hal_dma.c.1.o)
                0x08003698                HAL_DMA_Abort_IT
 .text.HAL_DMA_IRQHandler
                0x080036dc      0x344 embedded-software\mcu-hal\STM32F4xx_HAL_Driver\libfoxbms-stmhal.a(stm32f4xx_hal_dma.c.1.o)
                0x080036dc                HAL_DMA_IRQHandler
 .text.DMA_SetConfig
                0x08003a20       0x5c embedded-software\mcu-hal\STM32F4xx_HAL_Driver\libfoxbms-stmhal.a(stm32f4xx_hal_dma.c.1.o)
 .text.DMA_CalcBaseAndBitshift
                0x08003a7c       0x6c embedded-software\mcu-hal\STM32F4xx_HAL_Driver\libfoxbms-stmhal.a(stm32f4xx_hal_dma.c.1.o)
 .text.DMA_CheckFifoParam
                0x08003ae8      0x108 embedded-software\mcu-hal\STM32F4xx_HAL_Driver\libfoxbms-stmhal.a(stm32f4xx_hal_dma.c.1.o)
 .text.HAL_GPIO_Init
                0x08003bf0      0x640 embedded-software\mcu-hal\STM32F4xx_HAL_Driver\libfoxbms-stmhal.a(stm32f4xx_hal_gpio.c.1.o)
                0x08003bf0                HAL_GPIO_Init
 .text.HAL_GPIO_ReadPin
                0x08004230       0x40 embedded-software\mcu-hal\STM32F4xx_HAL_Driver\libfoxbms-stmhal.a(stm32f4xx_hal_gpio.c.1.o)
                0x08004230                HAL_GPIO_ReadPin
 .text.HAL_GPIO_WritePin
                0x08004270       0x58 embedded-software\mcu-hal\STM32F4xx_HAL_Driver\libfoxbms-stmhal.a(stm32f4xx_hal_gpio.c.1.o)
                0x08004270                HAL_GPIO_WritePin
 .text.HAL_GPIO_TogglePin
                0x080042c8       0x34 embedded-software\mcu-hal\STM32F4xx_HAL_Driver\libfoxbms-stmhal.a(stm32f4xx_hal_gpio.c.1.o)
                0x080042c8                HAL_GPIO_TogglePin
 .text.HAL_IWDG_Init
                0x080042fc       0xe0 embedded-software\mcu-hal\STM32F4xx_HAL_Driver\libfoxbms-stmhal.a(stm32f4xx_hal_iwdg.c.1.o)
                0x080042fc                HAL_IWDG_Init
 .text.HAL_IWDG_Refresh
                0x080043dc       0x20 embedded-software\mcu-hal\STM32F4xx_HAL_Driver\libfoxbms-stmhal.a(stm32f4xx_hal_iwdg.c.1.o)
                0x080043dc                HAL_IWDG_Refresh
 .text.HAL_PWR_EnableBkUpAccess
                0x080043fc       0x34 embedded-software\mcu-hal\STM32F4xx_HAL_Driver\libfoxbms-stmhal.a(stm32f4xx_hal_pwr.c.1.o)
                0x080043fc                HAL_PWR_EnableBkUpAccess
 .text.HAL_PWREx_EnableBkUpReg
                0x08004430       0x68 embedded-software\mcu-hal\STM32F4xx_HAL_Driver\libfoxbms-stmhal.a(stm32f4xx_hal_pwr_ex.c.1.o)
                0x08004430                HAL_PWREx_EnableBkUpReg
 .text.HAL_RCC_OscConfig
                0x08004498      0x584 embedded-software\mcu-hal\STM32F4xx_HAL_Driver\libfoxbms-stmhal.a(stm32f4xx_hal_rcc.c.1.o)
                0x08004498                HAL_RCC_OscConfig
 .text.HAL_RCC_ClockConfig
                0x08004a1c      0x3ac embedded-software\mcu-hal\STM32F4xx_HAL_Driver\libfoxbms-stmhal.a(stm32f4xx_hal_rcc.c.1.o)
                0x08004a1c                HAL_RCC_ClockConfig
 .text.HAL_RCC_GetSysClockFreq
                0x08004dc8       0xfc embedded-software\mcu-hal\STM32F4xx_HAL_Driver\libfoxbms-stmhal.a(stm32f4xx_hal_rcc.c.1.o)
                0x08004dc8                HAL_RCC_GetSysClockFreq
 .text.HAL_RCC_GetHCLKFreq
                0x08004ec4       0x18 embedded-software\mcu-hal\STM32F4xx_HAL_Driver\libfoxbms-stmhal.a(stm32f4xx_hal_rcc.c.1.o)
                0x08004ec4                HAL_RCC_GetHCLKFreq
 .text.HAL_RCC_GetPCLK1Freq
                0x08004edc       0x44 embedded-software\mcu-hal\STM32F4xx_HAL_Driver\libfoxbms-stmhal.a(stm32f4xx_hal_rcc.c.1.o)
                0x08004edc                HAL_RCC_GetPCLK1Freq
 .text.HAL_RCC_GetPCLK2Freq
                0x08004f20       0x44 embedded-software\mcu-hal\STM32F4xx_HAL_Driver\libfoxbms-stmhal.a(stm32f4xx_hal_rcc.c.1.o)
                0x08004f20                HAL_RCC_GetPCLK2Freq
 .text.HAL_RCCEx_PeriphCLKConfig
                0x08004f64      0x740 embedded-software\mcu-hal\STM32F4xx_HAL_Driver\libfoxbms-stmhal.a(stm32f4xx_hal_rcc_ex.c.1.o)
                0x08004f64                HAL_RCCEx_PeriphCLKConfig
 .text.HAL_RTC_Init
                0x080056a4      0x198 embedded-software\mcu-hal\STM32F4xx_HAL_Driver\libfoxbms-stmhal.a(stm32f4xx_hal_rtc.c.1.o)
                0x080056a4                HAL_RTC_Init
 .text.HAL_RTC_MspInit
                0x0800583c       0x14 embedded-software\mcu-hal\STM32F4xx_HAL_Driver\libfoxbms-stmhal.a(stm32f4xx_hal_rtc.c.1.o)
                0x0800583c                HAL_RTC_MspInit
 .text.HAL_RTC_SetTime
                0x08005850      0x2d4 embedded-software\mcu-hal\STM32F4xx_HAL_Driver\libfoxbms-stmhal.a(stm32f4xx_hal_rtc.c.1.o)
                0x08005850                HAL_RTC_SetTime
 .text.HAL_RTC_GetTime
                0x08005b24       0xd0 embedded-software\mcu-hal\STM32F4xx_HAL_Driver\libfoxbms-stmhal.a(stm32f4xx_hal_rtc.c.1.o)
                0x08005b24                HAL_RTC_GetTime
 .text.HAL_RTC_SetDate
                0x08005bf4      0x254 embedded-software\mcu-hal\STM32F4xx_HAL_Driver\libfoxbms-stmhal.a(stm32f4xx_hal_rtc.c.1.o)
                0x08005bf4                HAL_RTC_SetDate
 .text.HAL_RTC_GetDate
                0x08005e48       0xb8 embedded-software\mcu-hal\STM32F4xx_HAL_Driver\libfoxbms-stmhal.a(stm32f4xx_hal_rtc.c.1.o)
                0x08005e48                HAL_RTC_GetDate
 .text.HAL_RTC_WaitForSynchro
                0x08005f00       0x50 embedded-software\mcu-hal\STM32F4xx_HAL_Driver\libfoxbms-stmhal.a(stm32f4xx_hal_rtc.c.1.o)
                0x08005f00                HAL_RTC_WaitForSynchro
 .text.RTC_EnterInitMode
                0x08005f50       0x58 embedded-software\mcu-hal\STM32F4xx_HAL_Driver\libfoxbms-stmhal.a(stm32f4xx_hal_rtc.c.1.o)
                0x08005f50                RTC_EnterInitMode
 .text.RTC_ByteToBcd2
                0x08005fa8       0x3c embedded-software\mcu-hal\STM32F4xx_HAL_Driver\libfoxbms-stmhal.a(stm32f4xx_hal_rtc.c.1.o)
                0x08005fa8                RTC_ByteToBcd2
 .text.RTC_Bcd2ToByte
                0x08005fe4       0x3c embedded-software\mcu-hal\STM32F4xx_HAL_Driver\libfoxbms-stmhal.a(stm32f4xx_hal_rtc.c.1.o)
                0x08005fe4                RTC_Bcd2ToByte
 .text.HAL_RTCEx_DeactivateWakeUpTimer
                0x08006020       0xb0 embedded-software\mcu-hal\STM32F4xx_HAL_Driver\libfoxbms-stmhal.a(stm32f4xx_hal_rtc_ex.c.1.o)
                0x08006020                HAL_RTCEx_DeactivateWakeUpTimer
 .text.HAL_SDRAM_Init
                0x080060d0       0x6c embedded-software\mcu-hal\STM32F4xx_HAL_Driver\libfoxbms-stmhal.a(stm32f4xx_hal_sdram.c.1.o)
                0x080060d0                HAL_SDRAM_Init
 .text.HAL_SDRAM_MspInit
                0x0800613c       0x14 embedded-software\mcu-hal\STM32F4xx_HAL_Driver\libfoxbms-stmhal.a(stm32f4xx_hal_sdram.c.1.o)
                0x0800613c                HAL_SDRAM_MspInit
 .text.HAL_SDRAM_SendCommand
                0x08006150       0x58 embedded-software\mcu-hal\STM32F4xx_HAL_Driver\libfoxbms-stmhal.a(stm32f4xx_hal_sdram.c.1.o)
                0x08006150                HAL_SDRAM_SendCommand
 .text.HAL_SDRAM_ProgramRefreshRate
                0x080061a8       0x40 embedded-software\mcu-hal\STM32F4xx_HAL_Driver\libfoxbms-stmhal.a(stm32f4xx_hal_sdram.c.1.o)
                0x080061a8                HAL_SDRAM_ProgramRefreshRate
 .text.HAL_SPI_Init
                0x080061e8      0x268 embedded-software\mcu-hal\STM32F4xx_HAL_Driver\libfoxbms-stmhal.a(stm32f4xx_hal_spi.c.1.o)
                0x080061e8                HAL_SPI_Init
 .text.HAL_SPI_TransmitReceive_IT
                0x08006450      0x140 embedded-software\mcu-hal\STM32F4xx_HAL_Driver\libfoxbms-stmhal.a(stm32f4xx_hal_spi.c.1.o)
                0x08006450                HAL_SPI_TransmitReceive_IT
 .text.HAL_SPI_Transmit_DMA
                0x08006590      0x160 embedded-software\mcu-hal\STM32F4xx_HAL_Driver\libfoxbms-stmhal.a(stm32f4xx_hal_spi.c.1.o)
                0x08006590                HAL_SPI_Transmit_DMA
 .text.HAL_SPI_TransmitReceive_DMA
                0x080066f0      0x1ec embedded-software\mcu-hal\STM32F4xx_HAL_Driver\libfoxbms-stmhal.a(stm32f4xx_hal_spi.c.1.o)
                0x080066f0                HAL_SPI_TransmitReceive_DMA
 .text.HAL_SPI_IRQHandler
                0x080068dc      0x1b0 embedded-software\mcu-hal\STM32F4xx_HAL_Driver\libfoxbms-stmhal.a(stm32f4xx_hal_spi.c.1.o)
                0x080068dc                HAL_SPI_IRQHandler
 .text.HAL_SPI_RxCpltCallback
                0x08006a8c       0x14 embedded-software\mcu-hal\STM32F4xx_HAL_Driver\libfoxbms-stmhal.a(stm32f4xx_hal_spi.c.1.o)
                0x08006a8c                HAL_SPI_RxCpltCallback
 .text.HAL_SPI_TxHalfCpltCallback
                0x08006aa0       0x14 embedded-software\mcu-hal\STM32F4xx_HAL_Driver\libfoxbms-stmhal.a(stm32f4xx_hal_spi.c.1.o)
                0x08006aa0                HAL_SPI_TxHalfCpltCallback
 .text.HAL_SPI_RxHalfCpltCallback
                0x08006ab4       0x14 embedded-software\mcu-hal\STM32F4xx_HAL_Driver\libfoxbms-stmhal.a(stm32f4xx_hal_spi.c.1.o)
                0x08006ab4                HAL_SPI_RxHalfCpltCallback
 .text.HAL_SPI_TxRxHalfCpltCallback
                0x08006ac8       0x14 embedded-software\mcu-hal\STM32F4xx_HAL_Driver\libfoxbms-stmhal.a(stm32f4xx_hal_spi.c.1.o)
                0x08006ac8                HAL_SPI_TxRxHalfCpltCallback
 .text.HAL_SPI_ErrorCallback
                0x08006adc       0x14 embedded-software\mcu-hal\STM32F4xx_HAL_Driver\libfoxbms-stmhal.a(stm32f4xx_hal_spi.c.1.o)
                0x08006adc                HAL_SPI_ErrorCallback
 .text.SPI_DMATransmitCplt
                0x08006af0       0x9c embedded-software\mcu-hal\STM32F4xx_HAL_Driver\libfoxbms-stmhal.a(stm32f4xx_hal_spi.c.1.o)
 .text.SPI_DMAReceiveCplt
                0x08006b8c       0x84 embedded-software\mcu-hal\STM32F4xx_HAL_Driver\libfoxbms-stmhal.a(stm32f4xx_hal_spi.c.1.o)
 .text.SPI_DMATransmitReceiveCplt
                0x08006c10       0x84 embedded-software\mcu-hal\STM32F4xx_HAL_Driver\libfoxbms-stmhal.a(stm32f4xx_hal_spi.c.1.o)
 .text.SPI_DMAHalfTransmitCplt
                0x08006c94       0x1c embedded-software\mcu-hal\STM32F4xx_HAL_Driver\libfoxbms-stmhal.a(stm32f4xx_hal_spi.c.1.o)
 .text.SPI_DMAHalfReceiveCplt
                0x08006cb0       0x1c embedded-software\mcu-hal\STM32F4xx_HAL_Driver\libfoxbms-stmhal.a(stm32f4xx_hal_spi.c.1.o)
 .text.SPI_DMAHalfTransmitReceiveCplt
                0x08006ccc       0x1c embedded-software\mcu-hal\STM32F4xx_HAL_Driver\libfoxbms-stmhal.a(stm32f4xx_hal_spi.c.1.o)
 .text.SPI_DMAError
                0x08006ce8       0x40 embedded-software\mcu-hal\STM32F4xx_HAL_Driver\libfoxbms-stmhal.a(stm32f4xx_hal_spi.c.1.o)
 .text.SPI_DMAAbortOnError
                0x08006d28       0x28 embedded-software\mcu-hal\STM32F4xx_HAL_Driver\libfoxbms-stmhal.a(stm32f4xx_hal_spi.c.1.o)
 .text.SPI_2linesRxISR_8BIT
                0x08006d50       0x5c embedded-software\mcu-hal\STM32F4xx_HAL_Driver\libfoxbms-stmhal.a(stm32f4xx_hal_spi.c.1.o)
 .text.SPI_2linesTxISR_8BIT
                0x08006dac       0x5c embedded-software\mcu-hal\STM32F4xx_HAL_Driver\libfoxbms-stmhal.a(stm32f4xx_hal_spi.c.1.o)
 .text.SPI_2linesRxISR_16BIT
                0x08006e08       0x60 embedded-software\mcu-hal\STM32F4xx_HAL_Driver\libfoxbms-stmhal.a(stm32f4xx_hal_spi.c.1.o)
 .text.SPI_2linesTxISR_16BIT
                0x08006e68       0x5c embedded-software\mcu-hal\STM32F4xx_HAL_Driver\libfoxbms-stmhal.a(stm32f4xx_hal_spi.c.1.o)
 .text.SPI_WaitFlagStateUntilTimeout
                0x08006ec4       0xd4 embedded-software\mcu-hal\STM32F4xx_HAL_Driver\libfoxbms-stmhal.a(stm32f4xx_hal_spi.c.1.o)
 .text.SPI_CheckFlag_BSY
                0x08006f98       0x3c embedded-software\mcu-hal\STM32F4xx_HAL_Driver\libfoxbms-stmhal.a(stm32f4xx_hal_spi.c.1.o)
 .text.SPI_CloseRxTx_ISR
                0x08006fd4       0xe8 embedded-software\mcu-hal\STM32F4xx_HAL_Driver\libfoxbms-stmhal.a(stm32f4xx_hal_spi.c.1.o)
 .text.HAL_TIM_Base_Start_IT
                0x080070bc      0x100 embedded-software\mcu-hal\STM32F4xx_HAL_Driver\libfoxbms-stmhal.a(stm32f4xx_hal_tim.c.1.o)
                0x080070bc                HAL_TIM_Base_Start_IT
 .text.HAL_TIM_PWM_Init
                0x080071bc      0x17c embedded-software\mcu-hal\STM32F4xx_HAL_Driver\libfoxbms-stmhal.a(stm32f4xx_hal_tim.c.1.o)
                0x080071bc                HAL_TIM_PWM_Init
 .text.HAL_TIM_PWM_MspInit
                0x08007338       0x14 embedded-software\mcu-hal\STM32F4xx_HAL_Driver\libfoxbms-stmhal.a(stm32f4xx_hal_tim.c.1.o)
                0x08007338                HAL_TIM_PWM_MspInit
 .text.HAL_TIM_PWM_Start
                0x0800734c      0x1e0 embedded-software\mcu-hal\STM32F4xx_HAL_Driver\libfoxbms-stmhal.a(stm32f4xx_hal_tim.c.1.o)
                0x0800734c                HAL_TIM_PWM_Start
 .text.HAL_TIM_IC_Init
                0x0800752c      0x17c embedded-software\mcu-hal\STM32F4xx_HAL_Driver\libfoxbms-stmhal.a(stm32f4xx_hal_tim.c.1.o)
                0x0800752c                HAL_TIM_IC_Init
 .text.HAL_TIM_IC_MspInit
                0x080076a8       0x14 embedded-software\mcu-hal\STM32F4xx_HAL_Driver\libfoxbms-stmhal.a(stm32f4xx_hal_tim.c.1.o)
                0x080076a8                HAL_TIM_IC_MspInit
 .text.HAL_TIM_IC_Start
                0x080076bc      0x1b4 embedded-software\mcu-hal\STM32F4xx_HAL_Driver\libfoxbms-stmhal.a(stm32f4xx_hal_tim.c.1.o)
                0x080076bc                HAL_TIM_IC_Start
 .text.HAL_TIM_IC_ConfigChannel
                0x08007870      0x368 embedded-software\mcu-hal\STM32F4xx_HAL_Driver\libfoxbms-stmhal.a(stm32f4xx_hal_tim.c.1.o)
                0x08007870                HAL_TIM_IC_ConfigChannel
 .text.HAL_TIM_PWM_ConfigChannel
                0x08007bd8      0x3b8 embedded-software\mcu-hal\STM32F4xx_HAL_Driver\libfoxbms-stmhal.a(stm32f4xx_hal_tim.c.1.o)
                0x08007bd8                HAL_TIM_PWM_ConfigChannel
 .text.HAL_TIM_SlaveConfigSynchronization
                0x08007f90      0x160 embedded-software\mcu-hal\STM32F4xx_HAL_Driver\libfoxbms-stmhal.a(stm32f4xx_hal_tim.c.1.o)
                0x08007f90                HAL_TIM_SlaveConfigSynchronization
 .text.HAL_TIM_ReadCapturedValue
                0x080080f0      0x23c embedded-software\mcu-hal\STM32F4xx_HAL_Driver\libfoxbms-stmhal.a(stm32f4xx_hal_tim.c.1.o)
                0x080080f0                HAL_TIM_ReadCapturedValue
 .text.HAL_TIM_IC_GetState
                0x0800832c       0x1c embedded-software\mcu-hal\STM32F4xx_HAL_Driver\libfoxbms-stmhal.a(stm32f4xx_hal_tim.c.1.o)
                0x0800832c                HAL_TIM_IC_GetState
 .text.TIM_Base_SetConfig
                0x08008348      0x150 embedded-software\mcu-hal\STM32F4xx_HAL_Driver\libfoxbms-stmhal.a(stm32f4xx_hal_tim.c.1.o)
                0x08008348                TIM_Base_SetConfig
 .text.TIM_TI1_SetConfig
                0x08008498       0xf4 embedded-software\mcu-hal\STM32F4xx_HAL_Driver\libfoxbms-stmhal.a(stm32f4xx_hal_tim.c.1.o)
                0x08008498                TIM_TI1_SetConfig
 .text.TIM_OC2_SetConfig
                0x0800858c      0x108 embedded-software\mcu-hal\STM32F4xx_HAL_Driver\libfoxbms-stmhal.a(stm32f4xx_hal_tim.c.1.o)
                0x0800858c                TIM_OC2_SetConfig
 .text.TIM_CCxChannelCmd
                0x08008694      0x104 embedded-software\mcu-hal\STM32F4xx_HAL_Driver\libfoxbms-stmhal.a(stm32f4xx_hal_tim.c.1.o)
                0x08008694                TIM_CCxChannelCmd
 .text.TIM_OC1_SetConfig
                0x08008798       0xe4 embedded-software\mcu-hal\STM32F4xx_HAL_Driver\libfoxbms-stmhal.a(stm32f4xx_hal_tim.c.1.o)
 .text.TIM_OC3_SetConfig
                0x0800887c      0x140 embedded-software\mcu-hal\STM32F4xx_HAL_Driver\libfoxbms-stmhal.a(stm32f4xx_hal_tim.c.1.o)
 .text.TIM_OC4_SetConfig
                0x080089bc       0xdc embedded-software\mcu-hal\STM32F4xx_HAL_Driver\libfoxbms-stmhal.a(stm32f4xx_hal_tim.c.1.o)
 .text.TIM_SlaveTimer_SetConfig
                0x08008a98      0x5c4 embedded-software\mcu-hal\STM32F4xx_HAL_Driver\libfoxbms-stmhal.a(stm32f4xx_hal_tim.c.1.o)
 .text.TIM_TI1_ConfigInputStage
                0x0800905c       0x64 embedded-software\mcu-hal\STM32F4xx_HAL_Driver\libfoxbms-stmhal.a(stm32f4xx_hal_tim.c.1.o)
 .text.TIM_TI2_SetConfig
                0x080090c0       0x80 embedded-software\mcu-hal\STM32F4xx_HAL_Driver\libfoxbms-stmhal.a(stm32f4xx_hal_tim.c.1.o)
 .text.TIM_TI2_ConfigInputStage
                0x08009140       0x68 embedded-software\mcu-hal\STM32F4xx_HAL_Driver\libfoxbms-stmhal.a(stm32f4xx_hal_tim.c.1.o)
 .text.TIM_TI3_SetConfig
                0x080091a8       0x80 embedded-software\mcu-hal\STM32F4xx_HAL_Driver\libfoxbms-stmhal.a(stm32f4xx_hal_tim.c.1.o)
 .text.TIM_TI4_SetConfig
                0x08009228       0x80 embedded-software\mcu-hal\STM32F4xx_HAL_Driver\libfoxbms-stmhal.a(stm32f4xx_hal_tim.c.1.o)
 .text.TIM_ETR_SetConfig
                0x080092a8       0x44 embedded-software\mcu-hal\STM32F4xx_HAL_Driver\libfoxbms-stmhal.a(stm32f4xx_hal_tim.c.1.o)
 .text.HAL_UART_Init
                0x080092ec      0x1b8 embedded-software\mcu-hal\STM32F4xx_HAL_Driver\libfoxbms-stmhal.a(stm32f4xx_hal_uart.c.1.o)
                0x080092ec                HAL_UART_Init
 .text.HAL_UART_ErrorCallback
                0x080094a4       0x14 embedded-software\mcu-hal\STM32F4xx_HAL_Driver\libfoxbms-stmhal.a(stm32f4xx_hal_uart.c.1.o)
                0x080094a4                HAL_UART_ErrorCallback
 .text.UART_SetConfig
                0x080094b8      0x4bc embedded-software\mcu-hal\STM32F4xx_HAL_Driver\libfoxbms-stmhal.a(stm32f4xx_hal_uart.c.1.o)
 .text.FMC_SDRAM_Init
                0x08009974      0x248 embedded-software\mcu-hal\STM32F4xx_HAL_Driver\libfoxbms-stmhal.a(stm32f4xx_ll_fmc.c.1.o)
                0x08009974                FMC_SDRAM_Init
 .text.FMC_SDRAM_Timing_Init
                0x08009bbc      0x1e0 embedded-software\mcu-hal\STM32F4xx_HAL_Driver\libfoxbms-stmhal.a(stm32f4xx_ll_fmc.c.1.o)
                0x08009bbc                FMC_SDRAM_Timing_Init
 .text.FMC_SDRAM_SendCommand
                0x08009d9c      0x124 embedded-software\mcu-hal\STM32F4xx_HAL_Driver\libfoxbms-stmhal.a(stm32f4xx_ll_fmc.c.1.o)
                0x08009d9c                FMC_SDRAM_SendCommand
 .text.FMC_SDRAM_ProgramRefreshRate
                0x08009ec0       0x50 embedded-software\mcu-hal\STM32F4xx_HAL_Driver\libfoxbms-stmhal.a(stm32f4xx_ll_fmc.c.1.o)
                0x08009ec0                FMC_SDRAM_ProgramRefreshRate
 *src/hal/CMSIS*(.text*)
 *CMSIS.a:(.text*)
 */os/*(.text*)
 *libOS.a:(.text*)
 *os.a:(.text*)
 .text.makeFreeRtosPriority
                0x08009f10       0x30 embedded-software\mcu-freertos\libfoxbms-os.a(cmsis_os.c.1.o)
 .text.inHandlerMode
                0x08009f40       0x24 embedded-software\mcu-freertos\libfoxbms-os.a(cmsis_os.c.1.o)
 .text.osKernelStart
                0x08009f64       0x10 embedded-software\mcu-freertos\libfoxbms-os.a(cmsis_os.c.1.o)
                0x08009f64                osKernelStart
 .text.osKernelSysTick
                0x08009f74       0x20 embedded-software\mcu-freertos\libfoxbms-os.a(cmsis_os.c.1.o)
                0x08009f74                osKernelSysTick
 .text.osThreadCreate
                0x08009f94       0x50 embedded-software\mcu-freertos\libfoxbms-os.a(cmsis_os.c.1.o)
                0x08009f94                osThreadCreate
 .text.osDelay  0x08009fe4       0x28 embedded-software\mcu-freertos\libfoxbms-os.a(cmsis_os.c.1.o)
                0x08009fe4                osDelay
 .text.osSystickHandler
                0x0800a00c       0x14 embedded-software\mcu-freertos\libfoxbms-os.a(cmsis_os.c.1.o)
                0x0800a00c                osSystickHandler
 .text.osDelayUntil
                0x0800a020       0x2c embedded-software\mcu-freertos\libfoxbms-os.a(cmsis_os.c.1.o)
                0x0800a020                osDelayUntil
 .text.vPortCheckCriticalSection
                0x0800a04c       0x20 embedded-software\mcu-freertos\libfoxbms-os.a(port.c.1.o)
                0x0800a04c                vPortCheckCriticalSection
 .text.pxPortInitialiseStack
                0x0800a06c       0x68 embedded-software\mcu-freertos\libfoxbms-os.a(port.c.1.o)
                0x0800a06c                pxPortInitialiseStack
 .text.prvTaskExitError
                0x0800a0d4       0x30 embedded-software\mcu-freertos\libfoxbms-os.a(port.c.1.o)
 *fill*         0x0800a104        0xc ff
 .text.SVC_Handler
                0x0800a110       0x24 embedded-software\mcu-freertos\libfoxbms-os.a(port.c.1.o)
                0x0800a110                SVC_Handler
 .text.prvPortStartFirstTask
                0x0800a134       0x20 embedded-software\mcu-freertos\libfoxbms-os.a(port.c.1.o)
 .text.xPortStartScheduler
                0x0800a154       0xfc embedded-software\mcu-freertos\libfoxbms-os.a(port.c.1.o)
                0x0800a154                xPortStartScheduler
 .text.vPortEnterCritical
                0x0800a250       0x48 embedded-software\mcu-freertos\libfoxbms-os.a(port.c.1.o)
                0x0800a250                vPortEnterCritical
 .text.vPortExitCritical
                0x0800a298       0x3c embedded-software\mcu-freertos\libfoxbms-os.a(port.c.1.o)
                0x0800a298                vPortExitCritical
 *fill*         0x0800a2d4        0xc ff
 .text.PendSV_Handler
                0x0800a2e0       0x64 embedded-software\mcu-freertos\libfoxbms-os.a(port.c.1.o)
                0x0800a2e0                PendSV_Handler
 .text.xPortSysTickHandler
                0x0800a344       0x40 embedded-software\mcu-freertos\libfoxbms-os.a(port.c.1.o)
                0x0800a344                xPortSysTickHandler
 .text.vPortSetupTimerInterrupt
                0x0800a384       0x34 embedded-software\mcu-freertos\libfoxbms-os.a(port.c.1.o)
                0x0800a384                vPortSetupTimerInterrupt
 .text.vPortEnableVFP
                0x0800a3b8       0x14 embedded-software\mcu-freertos\libfoxbms-os.a(port.c.1.o)
 .text.vPortValidateInterruptPriority
                0x0800a3cc       0x58 embedded-software\mcu-freertos\libfoxbms-os.a(port.c.1.o)
                0x0800a3cc                vPortValidateInterruptPriority
 .text.pvPortMalloc
                0x0800a424      0x158 embedded-software\mcu-freertos\libfoxbms-os.a(heap_4.c.1.o)
                0x0800a424                pvPortMalloc
 .text.vPortFree
                0x0800a57c       0x94 embedded-software\mcu-freertos\libfoxbms-os.a(heap_4.c.1.o)
                0x0800a57c                vPortFree
 .text.prvHeapInit
                0x0800a610       0xc4 embedded-software\mcu-freertos\libfoxbms-os.a(heap_4.c.1.o)
 .text.prvInsertBlockIntoFreeList
                0x0800a6d4       0xb0 embedded-software\mcu-freertos\libfoxbms-os.a(heap_4.c.1.o)
 .text.xQueueGenericReset
                0x0800a784       0xc0 embedded-software\mcu-freertos\libfoxbms-os.a(queue.c.1.o)
                0x0800a784                xQueueGenericReset
 .text.xQueueGenericCreate
                0x0800a844       0x64 embedded-software\mcu-freertos\libfoxbms-os.a(queue.c.1.o)
                0x0800a844                xQueueGenericCreate
 .text.prvInitialiseNewQueue
                0x0800a8a8       0x44 embedded-software\mcu-freertos\libfoxbms-os.a(queue.c.1.o)
 .text.prvInitialiseMutex
                0x0800a8ec       0x34 embedded-software\mcu-freertos\libfoxbms-os.a(queue.c.1.o)
 .text.xQueueCreateMutex
                0x0800a920       0x30 embedded-software\mcu-freertos\libfoxbms-os.a(queue.c.1.o)
                0x0800a920                xQueueCreateMutex
 .text.xQueueGenericSend
                0x0800a950      0x1c4 embedded-software\mcu-freertos\libfoxbms-os.a(queue.c.1.o)
                0x0800a950                xQueueGenericSend
 .text.xQueueGenericSendFromISR
                0x0800ab14      0x100 embedded-software\mcu-freertos\libfoxbms-os.a(queue.c.1.o)
                0x0800ab14                xQueueGenericSendFromISR
 .text.xQueueGenericReceive
                0x0800ac14      0x200 embedded-software\mcu-freertos\libfoxbms-os.a(queue.c.1.o)
                0x0800ac14                xQueueGenericReceive
 .text.prvCopyDataToQueue
                0x0800ae14       0xd8 embedded-software\mcu-freertos\libfoxbms-os.a(queue.c.1.o)
 .text.prvCopyDataFromQueue
                0x0800aeec       0x4c embedded-software\mcu-freertos\libfoxbms-os.a(queue.c.1.o)
 .text.prvUnlockQueue
                0x0800af38       0xa4 embedded-software\mcu-freertos\libfoxbms-os.a(queue.c.1.o)
 .text.prvIsQueueEmpty
                0x0800afdc       0x2c embedded-software\mcu-freertos\libfoxbms-os.a(queue.c.1.o)
 .text.prvIsQueueFull
                0x0800b008       0x30 embedded-software\mcu-freertos\libfoxbms-os.a(queue.c.1.o)
 .text.vQueueAddToRegistry
                0x0800b038       0x50 embedded-software\mcu-freertos\libfoxbms-os.a(queue.c.1.o)
                0x0800b038                vQueueAddToRegistry
 .text.vQueueWaitForMessageRestricted
                0x0800b088       0x6c embedded-software\mcu-freertos\libfoxbms-os.a(queue.c.1.o)
                0x0800b088                vQueueWaitForMessageRestricted
 .text.xTaskCreate
                0x0800b0f4       0x84 embedded-software\mcu-freertos\libfoxbms-os.a(tasks.c.1.o)
                0x0800b0f4                xTaskCreate
 .text.prvInitialiseNewTask
                0x0800b178       0xfc embedded-software\mcu-freertos\libfoxbms-os.a(tasks.c.1.o)
 .text.prvAddNewTaskToReadyList
                0x0800b274       0xe0 embedded-software\mcu-freertos\libfoxbms-os.a(tasks.c.1.o)
 .text.vTaskDelayUntil
                0x0800b354       0xc8 embedded-software\mcu-freertos\libfoxbms-os.a(tasks.c.1.o)
                0x0800b354                vTaskDelayUntil
 .text.vTaskDelay
                0x0800b41c       0x58 embedded-software\mcu-freertos\libfoxbms-os.a(tasks.c.1.o)
                0x0800b41c                vTaskDelay
 .text.vTaskStartScheduler
                0x0800b474       0x88 embedded-software\mcu-freertos\libfoxbms-os.a(tasks.c.1.o)
                0x0800b474                vTaskStartScheduler
 .text.vTaskSuspendAll
                0x0800b4fc       0x1c embedded-software\mcu-freertos\libfoxbms-os.a(tasks.c.1.o)
                0x0800b4fc                vTaskSuspendAll
 .text.xTaskResumeAll
                0x0800b518      0x12c embedded-software\mcu-freertos\libfoxbms-os.a(tasks.c.1.o)
                0x0800b518                xTaskResumeAll
 .text.xTaskGetTickCount
                0x0800b644       0x20 embedded-software\mcu-freertos\libfoxbms-os.a(tasks.c.1.o)
                0x0800b644                xTaskGetTickCount
 .text.xTaskGetTickCountFromISR
                0x0800b664       0x24 embedded-software\mcu-freertos\libfoxbms-os.a(tasks.c.1.o)
                0x0800b664                xTaskGetTickCountFromISR
 .text.xTaskIncrementTick
                0x0800b688      0x170 embedded-software\mcu-freertos\libfoxbms-os.a(tasks.c.1.o)
                0x0800b688                xTaskIncrementTick
 .text.vTaskSwitchContext
                0x0800b7f8       0xa0 embedded-software\mcu-freertos\libfoxbms-os.a(tasks.c.1.o)
                0x0800b7f8                vTaskSwitchContext
 .text.vTaskPlaceOnEventList
                0x0800b898       0x38 embedded-software\mcu-freertos\libfoxbms-os.a(tasks.c.1.o)
                0x0800b898                vTaskPlaceOnEventList
 .text.vTaskPlaceOnEventListRestricted
                0x0800b8d0       0x44 embedded-software\mcu-freertos\libfoxbms-os.a(tasks.c.1.o)
                0x0800b8d0                vTaskPlaceOnEventListRestricted
 .text.xTaskRemoveFromEventList
                0x0800b914       0xb8 embedded-software\mcu-freertos\libfoxbms-os.a(tasks.c.1.o)
                0x0800b914                xTaskRemoveFromEventList
 .text.vTaskSetTimeOutState
                0x0800b9cc       0x34 embedded-software\mcu-freertos\libfoxbms-os.a(tasks.c.1.o)
                0x0800b9cc                vTaskSetTimeOutState
 .text.xTaskCheckForTimeOut
                0x0800ba00       0xa0 embedded-software\mcu-freertos\libfoxbms-os.a(tasks.c.1.o)
                0x0800ba00                xTaskCheckForTimeOut
 .text.vTaskMissedYield
                0x0800baa0       0x18 embedded-software\mcu-freertos\libfoxbms-os.a(tasks.c.1.o)
                0x0800baa0                vTaskMissedYield
 .text.prvIdleTask
                0x0800bab8       0x34 embedded-software\mcu-freertos\libfoxbms-os.a(tasks.c.1.o)
 .text.prvInitialiseTaskLists
                0x0800baec       0x7c embedded-software\mcu-freertos\libfoxbms-os.a(tasks.c.1.o)
 .text.prvCheckTasksWaitingTermination
                0x0800bb68       0x74 embedded-software\mcu-freertos\libfoxbms-os.a(tasks.c.1.o)
 .text.prvDeleteTCB
                0x0800bbdc       0x20 embedded-software\mcu-freertos\libfoxbms-os.a(tasks.c.1.o)
 .text.prvResetNextTaskUnblockTime
                0x0800bbfc       0x48 embedded-software\mcu-freertos\libfoxbms-os.a(tasks.c.1.o)
 .text.xTaskGetSchedulerState
                0x0800bc44       0x3c embedded-software\mcu-freertos\libfoxbms-os.a(tasks.c.1.o)
                0x0800bc44                xTaskGetSchedulerState
 .text.vTaskPriorityInherit
                0x0800bc80       0xf0 embedded-software\mcu-freertos\libfoxbms-os.a(tasks.c.1.o)
                0x0800bc80                vTaskPriorityInherit
 .text.xTaskPriorityDisinherit
                0x0800bd70       0xf0 embedded-software\mcu-freertos\libfoxbms-os.a(tasks.c.1.o)
                0x0800bd70                xTaskPriorityDisinherit
 .text.pvTaskIncrementMutexHeldCount
                0x0800be60       0x28 embedded-software\mcu-freertos\libfoxbms-os.a(tasks.c.1.o)
                0x0800be60                pvTaskIncrementMutexHeldCount
 .text.prvAddCurrentTaskToDelayedList
                0x0800be88       0xc8 embedded-software\mcu-freertos\libfoxbms-os.a(tasks.c.1.o)
 .text.xTimerCreateTimerTask
                0x0800bf50       0x54 embedded-software\mcu-freertos\libfoxbms-os.a(timers.c.1.o)
                0x0800bf50                xTimerCreateTimerTask
 .text.xTimerGenericCommand
                0x0800bfa4       0x98 embedded-software\mcu-freertos\libfoxbms-os.a(timers.c.1.o)
                0x0800bfa4                xTimerGenericCommand
 .text.prvProcessExpiredTimer
                0x0800c03c       0x70 embedded-software\mcu-freertos\libfoxbms-os.a(timers.c.1.o)
 .text.prvTimerTask
                0x0800c0ac       0x24 embedded-software\mcu-freertos\libfoxbms-os.a(timers.c.1.o)
 .text.prvProcessTimerOrBlockTask
                0x0800c0d0       0x9c embedded-software\mcu-freertos\libfoxbms-os.a(timers.c.1.o)
 .text.prvGetNextExpireTime
                0x0800c16c       0x48 embedded-software\mcu-freertos\libfoxbms-os.a(timers.c.1.o)
 .text.prvSampleTimeNow
                0x0800c1b4       0x40 embedded-software\mcu-freertos\libfoxbms-os.a(timers.c.1.o)
 .text.prvInsertTimerInActiveList
                0x0800c1f4       0x84 embedded-software\mcu-freertos\libfoxbms-os.a(timers.c.1.o)
 .text.prvProcessReceivedCommands
                0x0800c278      0x10c embedded-software\mcu-freertos\libfoxbms-os.a(timers.c.1.o)
 .text.prvSwitchTimerLists
                0x0800c384       0xb0 embedded-software\mcu-freertos\libfoxbms-os.a(timers.c.1.o)
 .text.prvCheckForValidListAndQueue
                0x0800c434       0x6c embedded-software\mcu-freertos\libfoxbms-os.a(timers.c.1.o)
 .text.OS_TaskInit
                0x0800c4a0       0x50 embedded-software\mcu-freertos\libfoxbms-os.a(os.c.1.o)
                0x0800c4a0                OS_TaskInit
 .text.vApplicationIdleHook
                0x0800c4f0        0xc embedded-software\mcu-freertos\libfoxbms-os.a(os.c.1.o)
                0x0800c4f0                vApplicationIdleHook
 .text.OS_TSK_Engine
                0x0800c4fc       0x1c embedded-software\mcu-freertos\libfoxbms-os.a(os.c.1.o)
                0x0800c4fc                OS_TSK_Engine
 .text.OS_TSK_Cyclic_1ms
                0x0800c518       0x64 embedded-software\mcu-freertos\libfoxbms-os.a(os.c.1.o)
                0x0800c518                OS_TSK_Cyclic_1ms
 .text.OS_TSK_Cyclic_10ms
                0x0800c57c       0x48 embedded-software\mcu-freertos\libfoxbms-os.a(os.c.1.o)
                0x0800c57c                OS_TSK_Cyclic_10ms
 .text.OS_TSK_Cyclic_100ms
                0x0800c5c4       0x48 embedded-software\mcu-freertos\libfoxbms-os.a(os.c.1.o)
                0x0800c5c4                OS_TSK_Cyclic_100ms
 .text.OS_TSK_EventHandler
                0x0800c60c       0x48 embedded-software\mcu-freertos\libfoxbms-os.a(os.c.1.o)
                0x0800c60c                OS_TSK_EventHandler
 .text.OS_TSK_Diagnosis
                0x0800c654       0x48 embedded-software\mcu-freertos\libfoxbms-os.a(os.c.1.o)
                0x0800c654                OS_TSK_Diagnosis
 .text.OS_PostOSInit
                0x0800c69c       0x64 embedded-software\mcu-freertos\libfoxbms-os.a(os.c.1.o)
                0x0800c69c                OS_PostOSInit
 .text.OS_IdleTask
                0x0800c700        0xc embedded-software\mcu-freertos\libfoxbms-os.a(os.c.1.o)
                0x0800c700                OS_IdleTask
 .text.OS_TimerTrigger
                0x0800c70c       0xbc embedded-software\mcu-freertos\libfoxbms-os.a(os.c.1.o)
 .text.OS_TaskEnter_Critical
                0x0800c7c8       0x38 embedded-software\mcu-freertos\libfoxbms-os.a(os.c.1.o)
                0x0800c7c8                OS_TaskEnter_Critical
 .text.OS_TaskExit_Critical
                0x0800c800       0x2c embedded-software\mcu-freertos\libfoxbms-os.a(os.c.1.o)
                0x0800c800                OS_TaskExit_Critical
 .text.vListInitialise
                0x0800c82c       0x40 embedded-software\mcu-freertos\libfoxbms-os.a(list.c.1.o)
                0x0800c82c                vListInitialise
 .text.vListInitialiseItem
                0x0800c86c       0x18 embedded-software\mcu-freertos\libfoxbms-os.a(list.c.1.o)
                0x0800c86c                vListInitialiseItem
 .text.vListInsertEnd
                0x0800c884       0x48 embedded-software\mcu-freertos\libfoxbms-os.a(list.c.1.o)
                0x0800c884                vListInsertEnd
 .text.vListInsert
                0x0800c8cc       0x70 embedded-software\mcu-freertos\libfoxbms-os.a(list.c.1.o)
                0x0800c8cc                vListInsert
 .text.uxListRemove
                0x0800c93c       0x54 embedded-software\mcu-freertos\libfoxbms-os.a(list.c.1.o)
                0x0800c93c                uxListRemove
 *src/engine*(.text*)
 *engine*.a:(.text*)
 .text.DATA_StoreDataBlock
                0x0800c990       0x54 embedded-software\mcu-common\src\engine\libfoxbms-common-engine.a(database.c.1.o)
                0x0800c990                DATA_StoreDataBlock
 .text.DATA_Task
                0x0800c9e4      0x1f0 embedded-software\mcu-common\src\engine\libfoxbms-common-engine.a(database.c.1.o)
                0x0800c9e4                DATA_Task
 .text.DATA_GetTable
                0x0800cbd4       0x58 embedded-software\mcu-common\src\engine\libfoxbms-common-engine.a(database.c.1.o)
                0x0800cbd4                DATA_GetTable
 .text.DATA_Init
                0x0800cc2c       0xd4 embedded-software\mcu-common\src\engine\libfoxbms-common-engine.a(database.c.1.o)
 .text.dummyfu  0x0800cd00       0x1c embedded-software\mcu-primary\src\engine\libfoxbms-engine.a(diag_cfg.c.1.o)
                0x0800cd00                dummyfu
 .text.DIAG_error_overvoltage
                0x0800cd1c       0x44 embedded-software\mcu-primary\src\engine\libfoxbms-engine.a(diag_cfg.c.1.o)
                0x0800cd1c                DIAG_error_overvoltage
 .text.DIAG_error_undervoltage
                0x0800cd60       0x44 embedded-software\mcu-primary\src\engine\libfoxbms-engine.a(diag_cfg.c.1.o)
                0x0800cd60                DIAG_error_undervoltage
 .text.DIAG_error_overtemperaturecharge
                0x0800cda4       0x44 embedded-software\mcu-primary\src\engine\libfoxbms-engine.a(diag_cfg.c.1.o)
                0x0800cda4                DIAG_error_overtemperaturecharge
 .text.DIAG_error_overtemperaturedischarge
                0x0800cde8       0x44 embedded-software\mcu-primary\src\engine\libfoxbms-engine.a(diag_cfg.c.1.o)
                0x0800cde8                DIAG_error_overtemperaturedischarge
 .text.DIAG_error_undertemperaturecharge
                0x0800ce2c       0x44 embedded-software\mcu-primary\src\engine\libfoxbms-engine.a(diag_cfg.c.1.o)
                0x0800ce2c                DIAG_error_undertemperaturecharge
 .text.DIAG_error_undertemperaturedischarge
                0x0800ce70       0x44 embedded-software\mcu-primary\src\engine\libfoxbms-engine.a(diag_cfg.c.1.o)
                0x0800ce70                DIAG_error_undertemperaturedischarge
 .text.DIAG_error_overcurrentcharge
                0x0800ceb4       0x44 embedded-software\mcu-primary\src\engine\libfoxbms-engine.a(diag_cfg.c.1.o)
                0x0800ceb4                DIAG_error_overcurrentcharge
 .text.DIAG_error_overcurrentdischarge
                0x0800cef8       0x44 embedded-software\mcu-primary\src\engine\libfoxbms-engine.a(diag_cfg.c.1.o)
                0x0800cef8                DIAG_error_overcurrentdischarge
 .text.DIAG_error_cantiming
                0x0800cf3c       0x48 embedded-software\mcu-primary\src\engine\libfoxbms-engine.a(diag_cfg.c.1.o)
                0x0800cf3c                DIAG_error_cantiming
 .text.DIAG_error_cantiming_cc
                0x0800cf84       0x48 embedded-software\mcu-primary\src\engine\libfoxbms-engine.a(diag_cfg.c.1.o)
                0x0800cf84                DIAG_error_cantiming_cc
 .text.DIAG_error_cancurrentsensor
                0x0800cfcc       0x44 embedded-software\mcu-primary\src\engine\libfoxbms-engine.a(diag_cfg.c.1.o)
                0x0800cfcc                DIAG_error_cancurrentsensor
 .text.DIAG_error_ltcpec
                0x0800d010       0x48 embedded-software\mcu-primary\src\engine\libfoxbms-engine.a(diag_cfg.c.1.o)
                0x0800d010                DIAG_error_ltcpec
 .text.DIAG_error_ltcmux
                0x0800d058       0x48 embedded-software\mcu-primary\src\engine\libfoxbms-engine.a(diag_cfg.c.1.o)
                0x0800d058                DIAG_error_ltcmux
 .text.DIAG_error_ltcspi
                0x0800d0a0       0x48 embedded-software\mcu-primary\src\engine\libfoxbms-engine.a(diag_cfg.c.1.o)
                0x0800d0a0                DIAG_error_ltcspi
 .text.DIAG_error_contactormainplus
                0x0800d0e8       0x44 embedded-software\mcu-primary\src\engine\libfoxbms-engine.a(diag_cfg.c.1.o)
                0x0800d0e8                DIAG_error_contactormainplus
 .text.DIAG_error_contactormainminus
                0x0800d12c       0x44 embedded-software\mcu-primary\src\engine\libfoxbms-engine.a(diag_cfg.c.1.o)
                0x0800d12c                DIAG_error_contactormainminus
 .text.DIAG_error_contactorprecharge
                0x0800d170       0x44 embedded-software\mcu-primary\src\engine\libfoxbms-engine.a(diag_cfg.c.1.o)
                0x0800d170                DIAG_error_contactorprecharge
 .text.DIAG_error_contactorchargemainplus
                0x0800d1b4       0x44 embedded-software\mcu-primary\src\engine\libfoxbms-engine.a(diag_cfg.c.1.o)
                0x0800d1b4                DIAG_error_contactorchargemainplus
 .text.DIAG_error_contactorchargemainminus
                0x0800d1f8       0x44 embedded-software\mcu-primary\src\engine\libfoxbms-engine.a(diag_cfg.c.1.o)
                0x0800d1f8                DIAG_error_contactorchargemainminus
 .text.DIAG_error_contactorchargeprecharge
                0x0800d23c       0x44 embedded-software\mcu-primary\src\engine\libfoxbms-engine.a(diag_cfg.c.1.o)
                0x0800d23c                DIAG_error_contactorchargeprecharge
 .text.DIAG_error_interlock
                0x0800d280       0x44 embedded-software\mcu-primary\src\engine\libfoxbms-engine.a(diag_cfg.c.1.o)
                0x0800d280                DIAG_error_interlock
 .text.dummyfu2
                0x0800d2c4       0x14 embedded-software\mcu-primary\src\engine\libfoxbms-engine.a(diag_cfg.c.1.o)
                0x0800d2c4                dummyfu2
 .text.ENG_CreateQueues
                0x0800d2d8       0x1c embedded-software\mcu-primary\src\engine\libfoxbms-engine.a(enginetask_cfg.c.1.o)
                0x0800d2d8                ENG_CreateQueues
 .text.ENG_CreateMutex
                0x0800d2f4        0xc embedded-software\mcu-primary\src\engine\libfoxbms-engine.a(enginetask_cfg.c.1.o)
                0x0800d2f4                ENG_CreateMutex
 .text.ENG_CreateEvent
                0x0800d300        0xc embedded-software\mcu-primary\src\engine\libfoxbms-engine.a(enginetask_cfg.c.1.o)
                0x0800d300                ENG_CreateEvent
 .text.ENG_CreateTask
                0x0800d30c      0x16c embedded-software\mcu-primary\src\engine\libfoxbms-engine.a(enginetask_cfg.c.1.o)
                0x0800d30c                ENG_CreateTask
 .text.DIAG_Reset
                0x0800d478       0xc0 embedded-software\mcu-primary\src\engine\libfoxbms-engine.a(diag.c.1.o)
 .text.DIAG_Init
                0x0800d538      0x220 embedded-software\mcu-primary\src\engine\libfoxbms-engine.a(diag.c.1.o)
                0x0800d538                DIAG_Init
 .text.DIAG_PrintErrors
                0x0800d758      0x27c embedded-software\mcu-primary\src\engine\libfoxbms-engine.a(diag.c.1.o)
                0x0800d758                DIAG_PrintErrors
 .text.DIAG_PrintContactorInfo
                0x0800d9d4      0x2ec embedded-software\mcu-primary\src\engine\libfoxbms-engine.a(diag.c.1.o)
                0x0800d9d4                DIAG_PrintContactorInfo
 .text.DIAG_EntryWrite
                0x0800dcc0      0x2c0 embedded-software\mcu-primary\src\engine\libfoxbms-engine.a(diag.c.1.o)
 .text.DIAG_Handler
                0x0800df80       0xa4 embedded-software\mcu-primary\src\engine\libfoxbms-engine.a(diag.c.1.o)
                0x0800df80                DIAG_Handler
 .text.DIAG_GeneralHandler
                0x0800e024      0x29c embedded-software\mcu-primary\src\engine\libfoxbms-engine.a(diag.c.1.o)
 .text.DIAG_ContHandler
                0x0800e2c0      0x1e4 embedded-software\mcu-primary\src\engine\libfoxbms-engine.a(diag.c.1.o)
 .text.DIAG_SysMon
                0x0800e4a4      0x134 embedded-software\mcu-primary\src\engine\libfoxbms-engine.a(diag.c.1.o)
                0x0800e4a4                DIAG_SysMon
 .text.DIAG_SysMonNotify
                0x0800e5d8       0x40 embedded-software\mcu-primary\src\engine\libfoxbms-engine.a(diag.c.1.o)
                0x0800e5d8                DIAG_SysMonNotify
 .text.DIAG_configASSERT
                0x0800e618       0x40 embedded-software\mcu-primary\src\engine\libfoxbms-engine.a(diag.c.1.o)
                0x0800e618                DIAG_configASSERT
 .text.ENG_Init
                0x0800e658       0x8c embedded-software\mcu-primary\src\engine\libfoxbms-engine.a(enginetask.c.1.o)
                0x0800e658                ENG_Init
 .text.ENG_TSK_Cyclic_1ms
                0x0800e6e4       0x1c embedded-software\mcu-primary\src\engine\libfoxbms-engine.a(enginetask.c.1.o)
                0x0800e6e4                ENG_TSK_Cyclic_1ms
 .text.ENG_TSK_Cyclic_10ms
                0x0800e700       0x18 embedded-software\mcu-primary\src\engine\libfoxbms-engine.a(enginetask.c.1.o)
                0x0800e700                ENG_TSK_Cyclic_10ms
 .text.ENG_TSK_Cyclic_100ms
                0x0800e718       0x38 embedded-software\mcu-primary\src\engine\libfoxbms-engine.a(enginetask.c.1.o)
                0x0800e718                ENG_TSK_Cyclic_100ms
 .text.ENG_TSK_EventHandler
                0x0800e750        0xc embedded-software\mcu-primary\src\engine\libfoxbms-engine.a(enginetask.c.1.o)
                0x0800e750                ENG_TSK_EventHandler
 .text.ENG_TSK_Diagnosis
                0x0800e75c        0xc embedded-software\mcu-primary\src\engine\libfoxbms-engine.a(enginetask.c.1.o)
                0x0800e75c                ENG_TSK_Diagnosis
 .text.SYS_CheckReEntrance
                0x0800e768       0x3c embedded-software\mcu-primary\src\engine\libfoxbms-engine.a(sys.c.1.o)
 .text.SYS_TransferStateRequest
                0x0800e7a4       0x2c embedded-software\mcu-primary\src\engine\libfoxbms-engine.a(sys.c.1.o)
 .text.SYS_SetStateRequest
                0x0800e7d0       0x3c embedded-software\mcu-primary\src\engine\libfoxbms-engine.a(sys.c.1.o)
                0x0800e7d0                SYS_SetStateRequest
 .text.SYS_CheckStateRequest
                0x0800e80c       0x48 embedded-software\mcu-primary\src\engine\libfoxbms-engine.a(sys.c.1.o)
 .text.SYS_Trigger
                0x0800e854      0x53c embedded-software\mcu-primary\src\engine\libfoxbms-engine.a(sys.c.1.o)
                0x0800e854                SYS_Trigger
 *src/general*(.text*)
 *src\\general*(.text*)
 .text.HAL_MspInit
                0x0800ed90        0xc embedded-software\mcu-primary\src\general\config\STM32F4xx\stm32f4xx_hal_msp.c.1.o
                0x0800ed90                HAL_MspInit
 .text.HAL_CAN_MspInit
                0x0800ed9c       0xb4 embedded-software\mcu-primary\src\general\config\STM32F4xx\stm32f4xx_hal_msp.c.1.o
                0x0800ed9c                HAL_CAN_MspInit
 .text.HAL_CAN_MspDeInit
                0x0800ee50       0x94 embedded-software\mcu-primary\src\general\config\STM32F4xx\stm32f4xx_hal_msp.c.1.o
                0x0800ee50                HAL_CAN_MspDeInit
 .text.HAL_SPI_MspInit
                0x0800eee4       0x40 embedded-software\mcu-primary\src\general\config\STM32F4xx\stm32f4xx_hal_msp.c.1.o
                0x0800eee4                HAL_SPI_MspInit
 .text.HAL_UART_MspInit
                0x0800ef24       0x6c embedded-software\mcu-primary\src\general\config\STM32F4xx\stm32f4xx_hal_msp.c.1.o
                0x0800ef24                HAL_UART_MspInit
 .text.assert_failed
                0x0800ef90        0xc embedded-software\mcu-primary\src\general\config\STM32F4xx\stm32f4xx_hal_msp.c.1.o
                0x0800ef90                assert_failed
 .text.NMI_Handler
                0x0800ef9c        0xc embedded-software\mcu-primary\src\general\config\STM32F4xx\stm32f4xx_it.c.1.o
                0x0800ef9c                NMI_Handler
 .text.HardFault_Handler
                0x0800efa8      0x13c embedded-software\mcu-primary\src\general\config\STM32F4xx\stm32f4xx_it.c.1.o
                0x0800efa8                HardFault_Handler
 .text.MemManage_Handler
                0x0800f0e4        0x8 embedded-software\mcu-primary\src\general\config\STM32F4xx\stm32f4xx_it.c.1.o
                0x0800f0e4                MemManage_Handler
 .text.BusFault_Handler
                0x0800f0ec        0x8 embedded-software\mcu-primary\src\general\config\STM32F4xx\stm32f4xx_it.c.1.o
                0x0800f0ec                BusFault_Handler
 .text.UsageFault_Handler
                0x0800f0f4        0x8 embedded-software\mcu-primary\src\general\config\STM32F4xx\stm32f4xx_it.c.1.o
                0x0800f0f4                UsageFault_Handler
 .text.DebugMon_Handler
                0x0800f0fc        0xc embedded-software\mcu-primary\src\general\config\STM32F4xx\stm32f4xx_it.c.1.o
                0x0800f0fc                DebugMon_Handler
 .text.SysTick_Handler
                0x0800f108       0x10 embedded-software\mcu-primary\src\general\config\STM32F4xx\stm32f4xx_it.c.1.o
                0x0800f108                SysTick_Handler
 .text.CAN1_TX_IRQHandler
                0x0800f118       0x10 embedded-software\mcu-primary\src\general\config\STM32F4xx\stm32f4xx_it.c.1.o
                0x0800f118                CAN1_TX_IRQHandler
 .text.CAN1_RX0_IRQHandler
                0x0800f128       0x14 embedded-software\mcu-primary\src\general\config\STM32F4xx\stm32f4xx_it.c.1.o
                0x0800f128                CAN1_RX0_IRQHandler
 .text.CAN1_RX1_IRQHandler
                0x0800f13c       0x14 embedded-software\mcu-primary\src\general\config\STM32F4xx\stm32f4xx_it.c.1.o
                0x0800f13c                CAN1_RX1_IRQHandler
 .text.CAN1_SCE_IRQHandler
                0x0800f150       0x14 embedded-software\mcu-primary\src\general\config\STM32F4xx\stm32f4xx_it.c.1.o
                0x0800f150                CAN1_SCE_IRQHandler
 .text.CAN0_TX_IRQHandler
                0x0800f164       0x10 embedded-software\mcu-primary\src\general\config\STM32F4xx\stm32f4xx_it.c.1.o
                0x0800f164                CAN0_TX_IRQHandler
 .text.CAN0_RX0_IRQHandler
                0x0800f174       0x14 embedded-software\mcu-primary\src\general\config\STM32F4xx\stm32f4xx_it.c.1.o
                0x0800f174                CAN0_RX0_IRQHandler
 .text.CAN0_RX1_IRQHandler
                0x0800f188       0x14 embedded-software\mcu-primary\src\general\config\STM32F4xx\stm32f4xx_it.c.1.o
                0x0800f188                CAN0_RX1_IRQHandler
 .text.CAN0_SCE_IRQHandler
                0x0800f19c       0x14 embedded-software\mcu-primary\src\general\config\STM32F4xx\stm32f4xx_it.c.1.o
                0x0800f19c                CAN0_SCE_IRQHandler
 .text.SPI6_IRQHandler
                0x0800f1b0       0x18 embedded-software\mcu-primary\src\general\config\STM32F4xx\stm32f4xx_it.c.1.o
                0x0800f1b0                SPI6_IRQHandler
 .text.SPI2_IRQHandler
                0x0800f1c8       0x18 embedded-software\mcu-primary\src\general\config\STM32F4xx\stm32f4xx_it.c.1.o
                0x0800f1c8                SPI2_IRQHandler
 .text.DMA2_Stream0_IRQHandler
                0x0800f1e0       0x18 embedded-software\mcu-primary\src\general\config\STM32F4xx\stm32f4xx_it.c.1.o
                0x0800f1e0                DMA2_Stream0_IRQHandler
 .text.DMA2_Stream1_IRQHandler
                0x0800f1f8       0x18 embedded-software\mcu-primary\src\general\config\STM32F4xx\stm32f4xx_it.c.1.o
                0x0800f1f8                DMA2_Stream1_IRQHandler
 .text.DMA2_Stream2_IRQHandler
                0x0800f210       0x18 embedded-software\mcu-primary\src\general\config\STM32F4xx\stm32f4xx_it.c.1.o
                0x0800f210                DMA2_Stream2_IRQHandler
 .text.DMA2_Stream3_IRQHandler
                0x0800f228       0x18 embedded-software\mcu-primary\src\general\config\STM32F4xx\stm32f4xx_it.c.1.o
                0x0800f228                DMA2_Stream3_IRQHandler
 .text.USART3_IRQHandler
                0x0800f240       0x10 embedded-software\mcu-primary\src\general\config\STM32F4xx\stm32f4xx_it.c.1.o
                0x0800f240                USART3_IRQHandler
 .text.USART2_IRQHandler
                0x0800f250        0xc embedded-software\mcu-primary\src\general\config\STM32F4xx\stm32f4xx_it.c.1.o
                0x0800f250                USART2_IRQHandler
 .text.ADC_IRQHandler
                0x0800f25c       0x18 embedded-software\mcu-primary\src\general\config\STM32F4xx\stm32f4xx_it.c.1.o
                0x0800f25c                ADC_IRQHandler
 .text.TIM3_IRQHandler
                0x0800f274        0xc embedded-software\mcu-primary\src\general\config\STM32F4xx\stm32f4xx_it.c.1.o
                0x0800f274                TIM3_IRQHandler
 .text.EXTI15_10_IRQHandler
                0x0800f280       0xa4 embedded-software\mcu-primary\src\general\config\STM32F4xx\stm32f4xx_it.c.1.o
                0x0800f280                EXTI15_10_IRQHandler
 .text.SystemInit
                0x0800f324       0x74 embedded-software\mcu-primary\src\general\config\STM32F4xx\system_stm32f4xx.c.1.o
                0x0800f324                SystemInit
 .text.SystemInit_ExtMemCtl
                0x0800f398      0x238 embedded-software\mcu-primary\src\general\config\STM32F4xx\system_stm32f4xx.c.1.o
 .text.main     0x0800f5d0       0xc8 embedded-software\mcu-primary\src\general\main.c.1.o
                0x0800f5d0                main
 .text.SystemClock_Config
                0x0800f698        0xc embedded-software\mcu-primary\src\general\main.c.1.o
                0x0800f698                SystemClock_Config
 .text.BOOT_Init
                0x0800f6a4       0x54 embedded-software\mcu-primary\src\general\main.c.1.o
                0x0800f6a4                BOOT_Init
 .text.NVIC_PreOsInit
                0x0800f6f8        0xc embedded-software\mcu-primary\src\general\nvic.c.1.o
                0x0800f6f8                NVIC_PreOsInit
 .text.NVIC_PostOsInit
                0x0800f704      0x144 embedded-software\mcu-primary\src\general\nvic.c.1.o
                0x0800f704                NVIC_PostOsInit
 .text.NVIC_InitEXTI
                0x0800f848       0x68 embedded-software\mcu-primary\src\general\nvic.c.1.o
 .text.BS_CheckCurrent_Direction
                0x0800f8b0       0x94 embedded-software\mcu-primary\src\general\config\batterysystem_cfg.c.1.o
                0x0800f8b0                BS_CheckCurrent_Direction
 .text.BS_CheckCurrentValue_Direction
                0x0800f944       0x34 embedded-software\mcu-primary\src\general\config\batterysystem_cfg.c.1.o
                0x0800f944                BS_CheckCurrentValue_Direction
 .text.Reset_Handler
                0x0800f978       0x50 embedded-software\mcu-primary\src\general\config\STM32F4xx\startup_stm32f429xx.o
                0x0800f978                Reset_Handler
 .text.Default_Handler
                0x0800f9c8        0x2 embedded-software\mcu-primary\src\general\config\STM32F4xx\startup_stm32f429xx.o
                0x0800f9c8                RTC_Alarm_IRQHandler
                0x0800f9c8                HASH_RNG_IRQHandler
                0x0800f9c8                EXTI2_IRQHandler
                0x0800f9c8                TIM8_CC_IRQHandler
                0x0800f9c8                UART8_IRQHandler
                0x0800f9c8                SPI4_IRQHandler
                0x0800f9c8                TIM1_CC_IRQHandler
                0x0800f9c8                DMA2_Stream5_IRQHandler
                0x0800f9c8                DMA1_Stream5_IRQHandler
                0x0800f9c8                PVD_IRQHandler
                0x0800f9c8                SDIO_IRQHandler
                0x0800f9c8                TAMP_STAMP_IRQHandler
                0x0800f9c8                EXTI3_IRQHandler
                0x0800f9c8                TIM8_TRG_COM_TIM14_IRQHandler
                0x0800f9c8                TIM1_UP_TIM10_IRQHandler
                0x0800f9c8                TIM8_UP_TIM13_IRQHandler
                0x0800f9c8                I2C3_ER_IRQHandler
                0x0800f9c8                EXTI0_IRQHandler
                0x0800f9c8                I2C2_EV_IRQHandler
                0x0800f9c8                DMA1_Stream2_IRQHandler
                0x0800f9c8                FPU_IRQHandler
                0x0800f9c8                OTG_HS_WKUP_IRQHandler
                0x0800f9c8                LTDC_ER_IRQHandler
                0x0800f9c8                SPI1_IRQHandler
                0x0800f9c8                TIM6_DAC_IRQHandler
                0x0800f9c8                TIM1_BRK_TIM9_IRQHandler
                0x0800f9c8                DCMI_IRQHandler
                0x0800f9c8                USART6_IRQHandler
                0x0800f9c8                UART5_IRQHandler
                0x0800f9c8                TIM4_IRQHandler
                0x0800f9c8                I2C1_EV_IRQHandler
                0x0800f9c8                DMA1_Stream6_IRQHandler
                0x0800f9c8                DMA1_Stream1_IRQHandler
                0x0800f9c8                UART4_IRQHandler
                0x0800f9c8                RCC_IRQHandler
                0x0800f9c8                TIM8_BRK_TIM12_IRQHandler
                0x0800f9c8                Default_Handler
                0x0800f9c8                DMA1_Stream7_IRQHandler
                0x0800f9c8                SPI5_IRQHandler
                0x0800f9c8                TIM7_IRQHandler
                0x0800f9c8                TIM5_IRQHandler
                0x0800f9c8                DMA2_Stream7_IRQHandler
                0x0800f9c8                I2C3_EV_IRQHandler
                0x0800f9c8                EXTI9_5_IRQHandler
                0x0800f9c8                RTC_WKUP_IRQHandler
                0x0800f9c8                LTDC_IRQHandler
                0x0800f9c8                ETH_WKUP_IRQHandler
                0x0800f9c8                OTG_HS_EP1_IN_IRQHandler
                0x0800f9c8                DMA1_Stream0_IRQHandler
                0x0800f9c8                EXTI4_IRQHandler
                0x0800f9c8                ETH_IRQHandler
                0x0800f9c8                OTG_HS_EP1_OUT_IRQHandler
                0x0800f9c8                WWDG_IRQHandler
                0x0800f9c8                TIM2_IRQHandler
                0x0800f9c8                OTG_FS_WKUP_IRQHandler
                0x0800f9c8                TIM1_TRG_COM_TIM11_IRQHandler
                0x0800f9c8                OTG_HS_IRQHandler
                0x0800f9c8                DMA2D_IRQHandler
                0x0800f9c8                EXTI1_IRQHandler
                0x0800f9c8                UART7_IRQHandler
                0x0800f9c8                I2C2_ER_IRQHandler
                0x0800f9c8                FLASH_IRQHandler
                0x0800f9c8                DMA2_Stream4_IRQHandler
                0x0800f9c8                USART1_IRQHandler
                0x0800f9c8                OTG_FS_IRQHandler
                0x0800f9c8                SPI3_IRQHandler
                0x0800f9c8                DMA1_Stream4_IRQHandler
                0x0800f9c8                I2C1_ER_IRQHandler
                0x0800f9c8                FMC_IRQHandler
                0x0800f9c8                DMA2_Stream6_IRQHandler
                0x0800f9c8                SAI1_IRQHandler
                0x0800f9c8                DMA1_Stream3_IRQHandler
 *src/module*(.text*)
 *module.a:(.text*)
 *fill*         0x0800f9ca        0x2 ff
 .text.ADC_Ctrl
                0x0800f9cc       0x98 embedded-software\mcu-primary\src\module\libfoxbms-module.a(adc_ex.c.1.o)
                0x0800f9cc                ADC_Ctrl
 *fill*         0x0800fa64        0x4 ff
 .text.HAL_ADC_ConvCpltCallback
                0x0800fa68      0x1ac embedded-software\mcu-primary\src\module\libfoxbms-module.a(adc_ex.c.1.o)
                0x0800fa68                HAL_ADC_ConvCpltCallback
 .text.NVM_Set_soc
                0x0800fc14       0x4c embedded-software\mcu-primary\src\module\libfoxbms-module.a(bkpsram_cfg.c.1.o)
                0x0800fc14                NVM_Set_soc
 .text.NVM_Get_soc
                0x0800fc60       0x48 embedded-software\mcu-primary\src\module\libfoxbms-module.a(bkpsram_cfg.c.1.o)
                0x0800fc60                NVM_Get_soc
 .text.NVM_Set_contactorcnt
                0x0800fca8       0x68 embedded-software\mcu-primary\src\module\libfoxbms-module.a(bkpsram_cfg.c.1.o)
                0x0800fca8                NVM_Set_contactorcnt
 .text.NVM_Get_contactorcnt
                0x0800fd10       0x64 embedded-software\mcu-primary\src\module\libfoxbms-module.a(bkpsram_cfg.c.1.o)
                0x0800fd10                NVM_Get_contactorcnt
 .text.NVM_OperatingHoursTrigger
                0x0800fd74       0xb8 embedded-software\mcu-primary\src\module\libfoxbms-module.a(bkpsram_cfg.c.1.o)
                0x0800fd74                NVM_OperatingHoursTrigger
 .text.NVM_SetOperatingHours
                0x0800fe2c       0x44 embedded-software\mcu-primary\src\module\libfoxbms-module.a(bkpsram_cfg.c.1.o)
                0x0800fe2c                NVM_SetOperatingHours
 .text.EEPR_delete_bkpsrambuffer
                0x0800fe70       0x40 embedded-software\mcu-primary\src\module\libfoxbms-module.a(eepr_cfg.c.1.o)
                0x0800fe70                EEPR_delete_bkpsrambuffer
 .text.EEPR_SetChDirtyFlag
                0x0800feb0       0x20 embedded-software\mcu-primary\src\module\libfoxbms-module.a(eepr_cfg.c.1.o)
                0x0800feb0                EEPR_SetChDirtyFlag
 .text.EEPR_RemoveChDirtyFlag
                0x0800fed0       0x20 embedded-software\mcu-primary\src\module\libfoxbms-module.a(eepr_cfg.c.1.o)
                0x0800fed0                EEPR_RemoveChDirtyFlag
 .text.SPI_ReceiveData
                0x0800fef0       0x54 embedded-software\mcu-primary\src\module\libfoxbms-module.a(eepr_cfg.c.1.o)
                0x0800fef0                SPI_ReceiveData
 .text.SPI_SendData
                0x0800ff44       0x5c embedded-software\mcu-primary\src\module\libfoxbms-module.a(eepr_cfg.c.1.o)
                0x0800ff44                SPI_SendData
 .text.EEPR_CalcChecksum
                0x0800ffa0       0x3c embedded-software\mcu-primary\src\module\libfoxbms-module.a(eepr_cfg.c.1.o)
                0x0800ffa0                EEPR_CalcChecksum
 .text.EEPR_SetDefaultValue
                0x0800ffdc      0x184 embedded-software\mcu-primary\src\module\libfoxbms-module.a(eepr_cfg.c.1.o)
                0x0800ffdc                EEPR_SetDefaultValue
 .text.EEPR_ReadChannelData
                0x08010160       0xa0 embedded-software\mcu-primary\src\module\libfoxbms-module.a(eepr_cfg.c.1.o)
                0x08010160                EEPR_ReadChannelData
 .text.EEPR_BackupChannelData2Eepr
                0x08010200       0xa4 embedded-software\mcu-primary\src\module\libfoxbms-module.a(eepr_cfg.c.1.o)
                0x08010200                EEPR_BackupChannelData2Eepr
 .text.EEPR_RefreshChannelData
                0x080102a4       0x9c embedded-software\mcu-primary\src\module\libfoxbms-module.a(eepr_cfg.c.1.o)
                0x080102a4                EEPR_RefreshChannelData
 .text.EEPR_FormatCheck
                0x08010340       0x44 embedded-software\mcu-primary\src\module\libfoxbms-module.a(eepr_cfg.c.1.o)
                0x08010340                EEPR_FormatCheck
 .text.EEPR_InitChannelData
                0x08010384      0x1c8 embedded-software\mcu-primary\src\module\libfoxbms-module.a(eepr_cfg.c.1.o)
                0x08010384                EEPR_InitChannelData
 .text.EEPR_Init
                0x0801054c       0x80 embedded-software\mcu-primary\src\module\libfoxbms-module.a(eepr_cfg.c.1.o)
                0x0801054c                EEPR_Init
 .text.EEPR_SetChannelData
                0x080105cc       0x84 embedded-software\mcu-primary\src\module\libfoxbms-module.a(eepr_cfg.c.1.o)
                0x080105cc                EEPR_SetChannelData
 .text.CONT_GetContactorSetValue
                0x08010650       0x30 embedded-software\mcu-primary\src\module\libfoxbms-module.a(contactor.c.1.o)
                0x08010650                CONT_GetContactorSetValue
 .text.CONT_GetContactorFeedback
                0x08010680       0xf0 embedded-software\mcu-primary\src\module\libfoxbms-module.a(contactor.c.1.o)
                0x08010680                CONT_GetContactorFeedback
 .text.CONT_SetContactorState
                0x08010770      0x100 embedded-software\mcu-primary\src\module\libfoxbms-module.a(contactor.c.1.o)
                0x08010770                CONT_SetContactorState
 .text.CONT_SwitchAllContactorsOff
                0x08010870       0x64 embedded-software\mcu-primary\src\module\libfoxbms-module.a(contactor.c.1.o)
                0x08010870                CONT_SwitchAllContactorsOff
 .text.CONT_CheckReEntrance
                0x080108d4       0x3c embedded-software\mcu-primary\src\module\libfoxbms-module.a(contactor.c.1.o)
 .text.CONT_GetState
                0x08010910       0x18 embedded-software\mcu-primary\src\module\libfoxbms-module.a(contactor.c.1.o)
                0x08010910                CONT_GetState
 .text.CONT_TransferStateRequest
                0x08010928       0x2c embedded-software\mcu-primary\src\module\libfoxbms-module.a(contactor.c.1.o)
 .text.CONT_SetStateRequest
                0x08010954       0x3c embedded-software\mcu-primary\src\module\libfoxbms-module.a(contactor.c.1.o)
                0x08010954                CONT_SetStateRequest
 .text.CONT_CheckStateRequest
                0x08010990       0x9c embedded-software\mcu-primary\src\module\libfoxbms-module.a(contactor.c.1.o)
 .text.CONT_Trigger
                0x08010a2c      0x5c8 embedded-software\mcu-primary\src\module\libfoxbms-module.a(contactor.c.1.o)
                0x08010a2c                CONT_Trigger
 .text.CONT_CheckFeedback
                0x08010ff4      0x140 embedded-software\mcu-primary\src\module\libfoxbms-module.a(contactor.c.1.o)
 .text.CONT_CheckVoltages
                0x08011134      0x10c embedded-software\mcu-primary\src\module\libfoxbms-module.a(contactor.c.1.o)
 .text.EEPR_StartInitialization
                0x08011240       0x38 embedded-software\mcu-primary\src\module\libfoxbms-module.a(eepr.c.1.o)
                0x08011240                EEPR_StartInitialization
 .text.EEPR_GetChReadTime
                0x08011278       0x7c embedded-software\mcu-primary\src\module\libfoxbms-module.a(eepr.c.1.o)
                0x08011278                EEPR_GetChReadTime
 .text.EEPR_GetChWriteTime
                0x080112f4       0x88 embedded-software\mcu-primary\src\module\libfoxbms-module.a(eepr.c.1.o)
                0x080112f4                EEPR_GetChWriteTime
 .text.EEPR_ReadMemory
                0x0801137c       0x54 embedded-software\mcu-primary\src\module\libfoxbms-module.a(eepr.c.1.o)
                0x0801137c                EEPR_ReadMemory
 .text.EEPR_WriteMemory
                0x080113d0       0x98 embedded-software\mcu-primary\src\module\libfoxbms-module.a(eepr.c.1.o)
                0x080113d0                EEPR_WriteMemory
 .text.EEPR_GetState
                0x08011468       0x18 embedded-software\mcu-primary\src\module\libfoxbms-module.a(eepr.c.1.o)
                0x08011468                EEPR_GetState
 .text.EEPR_CheckStateRequest
                0x08011480      0x124 embedded-software\mcu-primary\src\module\libfoxbms-module.a(eepr.c.1.o)
 .text.EEPR_SetStateRequest
                0x080115a4       0xa0 embedded-software\mcu-primary\src\module\libfoxbms-module.a(eepr.c.1.o)
                0x080115a4                EEPR_SetStateRequest
 .text.EEPR_TransferStateRequest
                0x08011644      0x1ec embedded-software\mcu-primary\src\module\libfoxbms-module.a(eepr.c.1.o)
 .text.EEPR_ClearErrorEvent
                0x08011830       0xa0 embedded-software\mcu-primary\src\module\libfoxbms-module.a(eepr.c.1.o)
                0x08011830                EEPR_ClearErrorEvent
 .text.EEPR_StateFailed
                0x080118d0       0x24 embedded-software\mcu-primary\src\module\libfoxbms-module.a(eepr.c.1.o)
 .text.EEPR_ReEnterStateInit
                0x080118f4       0x1c embedded-software\mcu-primary\src\module\libfoxbms-module.a(eepr.c.1.o)
 .text.EEPR_Trigger
                0x08011910      0x778 embedded-software\mcu-primary\src\module\libfoxbms-module.a(eepr.c.1.o)
                0x08011910                EEPR_Trigger
 .text.ISO_Init
                0x08012088       0x14 embedded-software\mcu-primary\src\module\libfoxbms-module.a(isoguard.c.1.o)
                0x08012088                ISO_Init
 .text.ISO_MeasureInsulation
                0x0801209c       0x94 embedded-software\mcu-primary\src\module\libfoxbms-module.a(isoguard.c.1.o)
                0x0801209c                ISO_MeasureInsulation
 .text.TIM_Init
                0x08012130       0x10 embedded-software\mcu-primary\src\module\libfoxbms-module.a(timer.c.1.o)
                0x08012130                TIM_Init
 .text.TIM_PWM_OUT_Init
                0x08012140      0x1a4 embedded-software\mcu-primary\src\module\libfoxbms-module.a(timer.c.1.o)
                0x08012140                TIM_PWM_OUT_Init
 *fill*         0x080122e4        0x4 ff
 .text.TIM_PWM_IC_Init
                0x080122e8      0x128 embedded-software\mcu-primary\src\module\libfoxbms-module.a(timer.c.1.o)
                0x080122e8                TIM_PWM_IC_Init
 .text.TIM_IRQHandler
                0x08012410       0x1c embedded-software\mcu-primary\src\module\libfoxbms-module.a(timer.c.1.o)
                0x08012410                TIM_IRQHandler
 .text.TIM_IsoGuard_Start_PWM_Measurement
                0x0801242c       0x1c embedded-software\mcu-primary\src\module\libfoxbms-module.a(timer.c.1.o)
                0x0801242c                TIM_IsoGuard_Start_PWM_Measurement
 .text.TIM_GetDutycycle
                0x08012448       0x78 embedded-software\mcu-primary\src\module\libfoxbms-module.a(timer.c.1.o)
                0x08012448                TIM_GetDutycycle
 .text.IR155_Init
                0x080124c0       0x4c embedded-software\mcu-primary\src\module\libfoxbms-module.a(ir155.c.1.o)
                0x080124c0                IR155_Init
 .text.IR155_GetMode
                0x0801250c       0xc8 embedded-software\mcu-primary\src\module\libfoxbms-module.a(ir155.c.1.o)
 *fill*         0x080125d4        0x4 ff
 .text.IR155_MeasureResistance
                0x080125d8      0x5c4 embedded-software\mcu-primary\src\module\libfoxbms-module.a(ir155.c.1.o)
                0x080125d8                IR155_MeasureResistance
 .text.ADC_Init
                0x08012b9c       0xf4 embedded-software\mcu-common\src\module\libfoxbms-common-module.a(adc.c.1.o)
                0x08012b9c                ADC_Init
 .text.ADC_Convert
                0x08012c90       0x14 embedded-software\mcu-common\src\module\libfoxbms-common-module.a(adc.c.1.o)
                0x08012c90                ADC_Convert
 .text.CAN_Init
                0x08012ca4       0xf0 embedded-software\mcu-common\src\module\libfoxbms-common-module.a(can.c.1.o)
                0x08012ca4                CAN_Init
 .text.CAN_InitFilter
                0x08012d94      0x514 embedded-software\mcu-common\src\module\libfoxbms-common-module.a(can.c.1.o)
 .text.CAN_NumberOfNeededFilters
                0x080132a8      0x300 embedded-software\mcu-common\src\module\libfoxbms-common-module.a(can.c.1.o)
 .text.CAN_GetNextID
                0x080135a8      0x1ec embedded-software\mcu-common\src\module\libfoxbms-common-module.a(can.c.1.o)
 .text.CAN_TX_IRQHandler
                0x08013794       0x60 embedded-software\mcu-common\src\module\libfoxbms-common-module.a(can.c.1.o)
                0x08013794                CAN_TX_IRQHandler
 .text.CAN_RX_IRQHandler
                0x080137f4       0x68 embedded-software\mcu-common\src\module\libfoxbms-common-module.a(can.c.1.o)
                0x080137f4                CAN_RX_IRQHandler
 .text.CAN_Error_IRQHandler
                0x0801385c      0x2b0 embedded-software\mcu-common\src\module\libfoxbms-common-module.a(can.c.1.o)
                0x0801385c                CAN_Error_IRQHandler
 .text.CAN_Disable_Transmit_IT
                0x08013b0c       0x64 embedded-software\mcu-common\src\module\libfoxbms-common-module.a(can.c.1.o)
 .text.CAN_TxCpltCallback
                0x08013b70       0x7c embedded-software\mcu-common\src\module\libfoxbms-common-module.a(can.c.1.o)
 .text.CAN_ErrorCallback
                0x08013bec       0x14 embedded-software\mcu-common\src\module\libfoxbms-common-module.a(can.c.1.o)
 .text.CAN_TxMsg
                0x08013c00       0xec embedded-software\mcu-common\src\module\libfoxbms-common-module.a(can.c.1.o)
                0x08013c00                CAN_TxMsg
 .text.CAN_Send
                0x08013cec      0x1dc embedded-software\mcu-common\src\module\libfoxbms-common-module.a(can.c.1.o)
                0x08013cec                CAN_Send
 .text.CAN_TxMsgBuffer
                0x08013ec8       0xfc embedded-software\mcu-common\src\module\libfoxbms-common-module.a(can.c.1.o)
                0x08013ec8                CAN_TxMsgBuffer
 .text.CAN_RxMsg
                0x08013fc4      0x5e0 embedded-software\mcu-common\src\module\libfoxbms-common-module.a(can.c.1.o)
 .text.CAN_ReceiveBuffer
                0x080145a4       0xf8 embedded-software\mcu-common\src\module\libfoxbms-common-module.a(can.c.1.o)
                0x080145a4                CAN_ReceiveBuffer
 .text.CAN_BufferBypass
                0x0801469c      0x54c embedded-software\mcu-common\src\module\libfoxbms-common-module.a(can.c.1.o)
 .text.CAN_InterpretReceivedMsg
                0x08014be8       0x28 embedded-software\mcu-common\src\module\libfoxbms-common-module.a(can.c.1.o)
 .text.CANS_MainFunction
                0x08014c10       0x28 embedded-software\mcu-common\src\module\libfoxbms-common-module.a(cansignal.c.1.o)
                0x08014c10                CANS_MainFunction
 .text.CANS_PeriodicTransmit
                0x08014c38      0x278 embedded-software\mcu-common\src\module\libfoxbms-common-module.a(cansignal.c.1.o)
 .text.CANS_PeriodicReceive
                0x08014eb0       0xfc embedded-software\mcu-common\src\module\libfoxbms-common-module.a(cansignal.c.1.o)
 .text.CANS_GetBitmask
                0x08014fac       0x68 embedded-software\mcu-common\src\module\libfoxbms-common-module.a(cansignal.c.1.o)
 .text.CANS_GetSignalData
                0x08015014       0xf0 embedded-software\mcu-common\src\module\libfoxbms-common-module.a(cansignal.c.1.o)
 .text.CANS_SetSignalData
                0x08015104       0xcc embedded-software\mcu-common\src\module\libfoxbms-common-module.a(cansignal.c.1.o)
 .text.CANS_ComposeMessage
                0x080151d0       0xe8 embedded-software\mcu-common\src\module\libfoxbms-common-module.a(cansignal.c.1.o)
 .text.CANS_ParseMessage
                0x080152b8      0x174 embedded-software\mcu-common\src\module\libfoxbms-common-module.a(cansignal.c.1.o)
 .text.CANS_CheckCanTiming
                0x0801542c      0x114 embedded-software\mcu-common\src\module\libfoxbms-common-module.a(cansignal.c.1.o)
 .text.CANS_Enable_Periodic
                0x08015540       0x38 embedded-software\mcu-common\src\module\libfoxbms-common-module.a(cansignal.c.1.o)
                0x08015540                CANS_Enable_Periodic
 .text.CANS_SetCurrentSensorPresent
                0x08015578       0x38 embedded-software\mcu-common\src\module\libfoxbms-common-module.a(cansignal.c.1.o)
 .text.CANS_SetCurrentSensorCCPresent
                0x080155b0       0x38 embedded-software\mcu-common\src\module\libfoxbms-common-module.a(cansignal.c.1.o)
 .text.CANS_IsCurrentSensorPresent
                0x080155e8       0x24 embedded-software\mcu-common\src\module\libfoxbms-common-module.a(cansignal.c.1.o)
                0x080155e8                CANS_IsCurrentSensorPresent
 .text.CANS_IsCurrentSensorCCPresent
                0x0801560c       0x24 embedded-software\mcu-common\src\module\libfoxbms-common-module.a(cansignal.c.1.o)
                0x0801560c                CANS_IsCurrentSensorCCPresent
 .text.CHK_Flashchecksum
                0x08015630       0x4c embedded-software\mcu-common\src\module\libfoxbms-common-module.a(chksum.c.1.o)
                0x08015630                CHK_Flashchecksum
 .text.CHK_crc32
                0x0801567c       0x90 embedded-software\mcu-common\src\module\libfoxbms-common-module.a(chksum.c.1.o)